Component: ARM Compiler 5.06 update 5 (build 528) Tool: armlink [4d35e2]

==============================================================================

Section Cross References

    keypad.o(i.Clear_Line) refers to tft.o(i.TFT_set_window) for TFT_set_window
    keypad.o(i.Clear_Line) refers to tft.o(i.TFT_cls) for TFT_cls
    keypad.o(i.Display_value) refers to _printf_percent.o(.ARM.Collect$$_printf_percent$$00000000) for _printf_percent
    keypad.o(i.Display_value) refers to _printf_d.o(.ARM.Collect$$_printf_percent$$00000009) for _printf_d
    keypad.o(i.Display_value) refers to _printf_dec.o(.text) for _printf_int_dec
    keypad.o(i.Display_value) refers to tft.o(i.TFT_set_window) for TFT_set_window
    keypad.o(i.Display_value) refers to __2snprintf.o(.text) for __2snprintf
    keypad.o(i.Display_value) refers to tft.o(i.TFT_cls) for TFT_cls
    keypad.o(i.Display_value) refers to tft.o(i.TFT_putc) for TFT_putc
    keypad.o(i.Get_Touch_Pad_Input) refers to _printf_pad.o(.text) for _printf_pre_padding
    keypad.o(i.Get_Touch_Pad_Input) refers to _printf_percent.o(.ARM.Collect$$_printf_percent$$00000000) for _printf_percent
    keypad.o(i.Get_Touch_Pad_Input) refers to _printf_x.o(.ARM.Collect$$_printf_percent$$0000000C) for _printf_x
    keypad.o(i.Get_Touch_Pad_Input) refers to _printf_hex_int_ll_ptr.o(.text) for _printf_longlong_hex
    keypad.o(i.Get_Touch_Pad_Input) refers to tft.o(i.TFT_get_data) for TFT_get_data
    keypad.o(i.Get_Touch_Pad_Input) refers to __2printf.o(.text) for __2printf
    keypad.o(i.Make_Touch_Pad) refers to tft.o(i.TFT_Init) for TFT_Init
    keypad.o(i.Make_Touch_Pad) refers to tft.o(i.TFT_cursor_off) for TFT_cursor_off
    keypad.o(i.Make_Touch_Pad) refers to tft.o(i.TFT_graphic_cls) for TFT_graphic_cls
    keypad.o(i.Make_Touch_Pad) refers to tft.o(i.TFT_touch_area_clear) for TFT_touch_area_clear
    keypad.o(i.Make_Touch_Pad) refers to tft.o(i.TFT_set_font_color) for TFT_set_font_color
    keypad.o(i.Make_Touch_Pad) refers to tft.o(i.TFT_set_window) for TFT_set_window
    keypad.o(i.Make_Touch_Pad) refers to tft.o(i.TFT_terminal_on) for TFT_terminal_on
    keypad.o(i.Make_Touch_Pad) refers to tft.o(i.TFT_touch_area_font_color) for TFT_touch_area_font_color
    keypad.o(i.Make_Touch_Pad) refers to tft.o(i.TFT_touch_area_font) for TFT_touch_area_font
    keypad.o(i.Make_Touch_Pad) refers to tft.o(i.TFT_touch_area_frame) for TFT_touch_area_frame
    keypad.o(i.Make_Touch_Pad) refers to tft.o(i.TFT_touch_area_color) for TFT_touch_area_color
    keypad.o(i.Make_Touch_Pad) refers to tft.o(i.TFT_touch_area) for TFT_touch_area
    tft.o(i.TFT_Init) refers to tft.o(i.TFT_terminal_on) for TFT_terminal_on
    tft.o(i.TFT_Init) refers to tft.o(i.TFT_cls) for TFT_cls
    tft.o(i.TFT_Init) refers to tft.o(i.TFT_touch_key_feedback) for TFT_touch_key_feedback
    tft.o(i.TFT_bargraph_color) refers to tft.o(i.TFT_send_data) for TFT_send_data
    tft.o(i.TFT_bargraph_define) refers to tft.o(i.TFT_send_data) for TFT_send_data
    tft.o(i.TFT_bargraph_fill_pattern) refers to tft.o(i.TFT_send_data) for TFT_send_data
    tft.o(i.TFT_bargraph_frame) refers to tft.o(i.TFT_send_data) for TFT_send_data
    tft.o(i.TFT_bargraph_value) refers to tft.o(i.TFT_send_data) for TFT_send_data
    tft.o(i.TFT_bigString) refers to tft.o(i.TFT_set_font) for TFT_set_font
    tft.o(i.TFT_bigString) refers to tft.o(i.TFT_send_data) for TFT_send_data
    tft.o(i.TFT_bigText) refers to tft.o(i.TFT_set_font) for TFT_set_font
    tft.o(i.TFT_bigText) refers to tft.o(i.TFT_send_data) for TFT_send_data
    tft.o(i.TFT_buzzer_off) refers to tft.o(i.TFT_send_data) for TFT_send_data
    tft.o(i.TFT_buzzer_on) refers to tft.o(i.TFT_send_data) for TFT_send_data
    tft.o(i.TFT_carriage_return) refers to tft.o(i.TFT_putc) for TFT_putc
    tft.o(i.TFT_cls) refers to tft.o(i.TFT_putc) for TFT_putc
    tft.o(i.TFT_cursor_off) refers to tft.o(i.TFT_send_data) for TFT_send_data
    tft.o(i.TFT_cursor_on) refers to tft.o(i.TFT_send_data) for TFT_send_data
    tft.o(i.TFT_draw_line) refers to tft.o(i.TFT_send_data) for TFT_send_data
    tft.o(i.TFT_draw_rectangle) refers to tft.o(i.TFT_send_data) for TFT_send_data
    tft.o(i.TFT_gotoxy) refers to tft.o(i.TFT_send_data) for TFT_send_data
    tft.o(i.TFT_graphic_cls) refers to tft.o(i.TFT_send_data) for TFT_send_data
    tft.o(i.TFT_graphic_puts) refers to tft.o(i.TFT_send_data) for TFT_send_data
    tft.o(i.TFT_graphic_puts_area) refers to tft.o(i.TFT_send_data) for TFT_send_data
    tft.o(i.TFT_graphic_set_point) refers to tft.o(i.TFT_send_data) for TFT_send_data
    tft.o(i.TFT_line_color) refers to tft.o(i.TFT_send_data) for TFT_send_data
    tft.o(i.TFT_newline) refers to tft.o(i.TFT_putc) for TFT_putc
    tft.o(i.TFT_putc) refers to tft.o(i.TFT_send_data) for TFT_send_data
    tft.o(i.TFT_puts) refers to strlen.o(.text) for strlen
    tft.o(i.TFT_puts) refers to tft.o(i.TFT_send_data) for TFT_send_data
[...]
    ../clib/printf.c                         0x00000000   Number         0  _printf_hex_int_ll.o ABSOLUTE
    ../clib/printf.c                         0x00000000   Number         0  _printf_hex_ptr.o ABSOLUTE
    ../clib/printf.c                         0x00000000   Number         0  _printf_oct_ll.o ABSOLUTE
    ../clib/printf.c                         0x00000000   Number         0  _printf_hex_ll_ptr.o ABSOLUTE
    ../clib/printf.c                         0x00000000   Number         0  _printf_hex_int_ll_ptr.o ABSOLUTE
    ../clib/printf.c                         0x00000000   Number         0  __printf_flags.o ABSOLUTE
    ../clib/printf.c                         0x00000000   Number         0  fprintf.o ABSOLUTE
    ../clib/printf.c                         0x00000000   Number         0  __printf_flags_ss_wp.o ABSOLUTE
    ../clib/printf.c                         0x00000000   Number         0  __printf_flags_ss.o ABSOLUTE
    ../clib/printf.c                         0x00000000   Number         0  _printf_oct_int.o ABSOLUTE
    ../clib/printf.c                         0x00000000   Number         0  _printf_truncate.o ABSOLUTE
    ../clib/printf.c                         0x00000000   Number         0  _printf_intcommon.o ABSOLUTE
    ../clib/printf.c                         0x00000000   Number         0  _printf_hex_int.o ABSOLUTE
    ../clib/printf_percent.s                 0x00000000   Number         0  _printf_a.o ABSOLUTE
    ../clib/printf_percent.s                 0x00000000   Number         0  _printf_g.o ABSOLUTE
    ../clib/printf_percent.s                 0x00000000   Number         0  _printf_f.o ABSOLUTE
    ../clib/printf_percent.s                 0x00000000   Number         0  _printf_i.o ABSOLUTE
    ../clib/printf_percent.s                 0x00000000   Number         0  _printf_o.o ABSOLUTE
    ../clib/printf_percent.s                 0x00000000   Number         0  _printf_p.o ABSOLUTE
    ../clib/printf_percent.s                 0x00000000   Number         0  _printf_n.o ABSOLUTE
    ../clib/printf_percent.s                 0x00000000   Number         0  _printf_c.o ABSOLUTE
    ../clib/printf_percent.s                 0x00000000   Number         0  _printf_s.o ABSOLUTE
    ../clib/printf_percent.s                 0x00000000   Number         0  _printf_llu.o ABSOLUTE
    ../clib/printf_percent.s                 0x00000000   Number         0  _printf_x.o ABSOLUTE
    ../clib/printf_percent.s                 0x00000000   Number         0  _printf_d.o ABSOLUTE
    ../clib/printf_percent.s                 0x00000000   Number         0  _printf_percent.o ABSOLUTE
    ../clib/printf_percent.s                 0x00000000   Number         0  _printf_e.o ABSOLUTE
    ../clib/printf_percent.s                 0x00000000   Number         0  _printf_percent_end.o ABSOLUTE
    ../clib/printf_percent.s                 0x00000000   Number         0  _printf_u.o ABSOLUTE
    ../clib/printf_percent.s                 0x00000000   Number         0  _printf_llx.o ABSOLUTE
    ../clib/printf_percent.s                 0x00000000   Number         0  _printf_llo.o ABSOLUTE
    ../clib/printf_percent.s                 0x00000000   Number         0  _printf_ls.o ABSOLUTE
    ../clib/printf_percent.s                 0x00000000   Number         0  _printf_lc.o ABSOLUTE
    ../clib/printf_percent.s                 0x00000000   Number         0  _printf_l.o ABSOLUTE
    ../clib/printf_percent.s                 0x00000000   Number         0  _printf_ll.o ABSOLUTE
    ../clib/printf_percent.s                 0x00000000   Number         0  _printf_lld.o ABSOLUTE
    ../clib/printf_percent.s                 0x00000000   Number         0  _printf_lli.o ABSOLUTE
    ../clib/signal.c                         0x00000000   Number         0  defsig_other.o ABSOLUTE
    ../clib/signal.c                         0x00000000   Number         0  defsig_rtmem_inner.o ABSOLUTE
    ../clib/signal.c                         0x00000000   Number         0  defsig_rtmem_formal.o ABSOLUTE
    ../clib/signal.c                         0x00000000   Number         0  defsig_exit.o ABSOLUTE
    ../clib/signal.c                         0x00000000   Number         0  defsig_rtmem_outer.o ABSOLUTE
    ../clib/signal.c                         0x00000000   Number         0  defsig_general.o ABSOLUTE
    ../clib/signal.c                         0x00000000   Number         0  defsig_segv_inner.o ABSOLUTE
    ../clib/signal.c                         0x00000000   Number         0  defsig_rtred_inner.o ABSOLUTE
    ../clib/signal.c                         0x00000000   Number         0  defsig_cppl_inner.o ABSOLUTE
    ../clib/signal.c                         0x00000000   Number         0  defsig_pvfn_inner.o ABSOLUTE
    ../clib/signal.c                         0x00000000   Number         0  defsig_stak_inner.o ABSOLUTE
    ../clib/signal.c                         0x00000000   Number         0  defsig_fpe_inner.o ABSOLUTE
    ../clib/signal.c                         0x00000000   Number         0  defsig_abrt_inner.o ABSOLUTE
    ../clib/signal.c                         0x00000000   Number         0  __raise.o ABSOLUTE
    ../clib/signal.s                         0x00000000   Number         0  defsig.o ABSOLUTE
    ../clib/stdio.c                          0x00000000   Number         0  perror.o ABSOLUTE
    ../clib/stdio.c                          0x00000000   Number         0  putc.o ABSOLUTE
    ../clib/stdlib.c                         0x00000000   Number         0  exit.o ABSOLUTE
    ../clib/string.c                         0x00000000   Number         0  strlen.o ABSOLUTE
    ../clib/string.c                         0x00000000   Number         0  strcpy.o ABSOLUTE
    ../clib/string.c                         0x00000000   Number         0  strerror.o ABSOLUTE
    ../fplib/fpinit.s                        0x00000000   Number         0  fpinit.o ABSOLUTE
    ../fplib/istatus.s                       0x00000000   Number         0  istatus.o ABSOLUTE
    ../fplib/printf1.s                       0x00000000   Number         0  printf1.o ABSOLUTE
    ../fplib/printf2.s                       0x00000000   Number         0  printf2.o ABSOLUTE
    ../fplib/printf2a.s                      0x00000000   Number         0  printf2a.o ABSOLUTE
    ../fplib/printf2b.s                      0x00000000   Number         0  printf2b.o ABSOLUTE
    ../fplib/usenofp.s                       0x00000000   Number         0  usenofp.o ABSOLUTE
    ../mathlib/fpclassify.c                  0x00000000   Number         0  fpclassify.o ABSOLUTE
    TI_BRD_LIB\Library\TI_Lib.c              0x00000000   Number         0  ti_lib.o ABSOLUTE
    TI_BRD_LIB\Library\assert.c              0x00000000   Number         0  assert.o ABSOLUTE
    TI_BRD_LIB\Library\keypad.c              0x00000000   Number         0  keypad.o ABSOLUTE
    TI_BRD_LIB\Library\tft.c                 0x00000000   Number         0  tft.o ABSOLUTE
    TI_BRD_LIB\Library\timer.c               0x00000000   Number         0  timer.o ABSOLUTE
    TI_BRD_LIB\Simulated_Board\Getline.c     0x00000000   Number         0  getline.o ABSOLUTE
    TI_BRD_LIB\Simulated_Board\Retarget.c    0x00000000   Number         0  retarget.o ABSOLUTE
    TI_BRD_LIB\Simulated_Board\SIM_Board_IO.c 0x00000000   Number         0  sim_board_io.o ABSOLUTE
    TI_BRD_LIB\Simulated_Board\Serial.c      0x00000000   Number         0  serial.o ABSOLUTE
    TI_BRD_LIB\Simulated_Board\startup_stm32f10x_md.s 0x00000000   Number         0  startup_stm32f10x_md.o ABSOLUTE
    TI_BRD_LIB\Simulated_Board\system_stm32f10x.c 0x00000000   Number         0  system_stm32f10x.o ABSOLUTE
    TI_BRD_LIB\\Library\\TI_Lib.c            0x00000000   Number         0  ti_lib.o ABSOLUTE
    TI_BRD_LIB\\Library\\tft.c               0x00000000   Number         0  tft.o ABSOLUTE
    TI_BRD_LIB\\Library\\timer.c             0x00000000   Number         0  timer.o ABSOLUTE
    TI_BRD_LIB\\Simulated_Board\\SIM_Board_IO.c 0x00000000   Number         0  sim_board_io.o ABSOLUTE
    TI_BRD_LIB\\Simulated_Board\\Serial.c    0x00000000   Number         0  serial.o ABSOLUTE
    TI_BRD_LIB\\Simulated_Board\\system_stm32f10x.c 0x00000000   Number         0  system_stm32f10x.o ABSOLUTE
    dc.s                                     0x00000000   Number         0  dc.o ABSOLUTE
    linkedlist.c                             0x00000000   Number         0  linkedlist.o ABSOLUTE
    main.c                                   0x00000000   Number         0  main.o ABSOLUTE
    main.c                                   0x00000000   Number         0  main.o ABSOLUTE
    RESET                                    0x08000000   Section      236  startup_stm32f10x_md.o(RESET)
    !!!main                                  0x080000ec   Section        8  __main.o(!!!main)
    !!!scatter                               0x080000f4   Section       52  __scatter.o(!!!scatter)
    !!handler_copy                           0x08000128   Section       26  __scatter_copy.o(!!handler_copy)
    !!handler_zi                             0x08000144   Section       28  __scatter_zi.o(!!handler_zi)
    .ARM.Collect$$_printf_percent$$00000000  0x08000160   Section        0  _printf_percent.o(.ARM.Collect$$_printf_percent$$00000000)
    .ARM.Collect$$_printf_percent$$00000001  0x08000160   Section        6  _printf_n.o(.ARM.Collect$$_printf_percent$$00000001)
    .ARM.Collect$$_printf_percent$$00000002  0x08000166   Section        6  _printf_p.o(.ARM.Collect$$_printf_percent$$00000002)
    .ARM.Collect$$_printf_percent$$00000003  0x0800016c   Section        6  _printf_f.o(.ARM.Collect$$_printf_percent$$00000003)
    .ARM.Collect$$_printf_percent$$00000004  0x08000172   Section        6  _printf_e.o(.ARM.Collect$$_printf_percent$$00000004)
    .ARM.Collect$$_printf_percent$$00000005  0x08000178   Section        6  _printf_g.o(.ARM.Collect$$_printf_percent$$00000005)
    .ARM.Collect$$_printf_percent$$00000006  0x0800017e   Section        6  _printf_a.o(.ARM.Collect$$_printf_percent$$00000006)
    .ARM.Collect$$_printf_percent$$00000007  0x08000184   Section       10  _printf_ll.o(.ARM.Collect$$_printf_percent$$00000007)
    .ARM.Collect$$_printf_percent$$00000008  0x0800018e   Section        6  _printf_i.o(.ARM.Collect$$_printf_percent$$00000008)
    .ARM.Collect$$_printf_percent$$00000009  0x08000194   Section        6  _printf_d.o(.ARM.Collect$$_printf_percent$$00000009)
    .ARM.Collect$$_printf_percent$$0000000A  0x0800019a   Section        6  _printf_u.o(.ARM.Collect$$_printf_percent$$0000000A)
    .ARM.Collect$$_printf_percent$$0000000B  0x080001a0   Section        6  _printf_o.o(.ARM.Collect$$_printf_percent$$0000000B)
    .ARM.Collect$$_printf_percent$$0000000C  0x080001a6   Section        6  _printf_x.o(.ARM.Collect$$_printf_percent$$0000000C)
    .ARM.Collect$$_printf_percent$$0000000D  0x080001ac   Section        6  _printf_lli.o(.ARM.Collect$$_printf_percent$$0000000D)
    .ARM.Collect$$_printf_percent$$0000000E  0x080001b2   Section        6  _printf_lld.o(.ARM.Collect$$_printf_percent$$0000000E)
    .ARM.Collect$$_printf_percent$$0000000F  0x080001b8   Section        6  _printf_llu.o(.ARM.Collect$$_printf_percent$$0000000F)
    .ARM.Collect$$_printf_percent$$00000010  0x080001be   Section        6  _printf_llo.o(.ARM.Collect$$_printf_percent$$00000010)
    .ARM.Collect$$_printf_percent$$00000011  0x080001c4   Section        6  _printf_llx.o(.ARM.Collect$$_printf_percent$$00000011)
    .ARM.Collect$$_printf_percent$$00000012  0x080001ca   Section       10  _printf_l.o(.ARM.Collect$$_printf_percent$$00000012)
    .ARM.Collect$$_printf_percent$$00000013  0x080001d4   Section        6  _printf_c.o(.ARM.Collect$$_printf_percent$$00000013)
    .ARM.Collect$$_printf_percent$$00000014  0x080001da   Section        6  _printf_s.o(.ARM.Collect$$_printf_percent$$00000014)
    .ARM.Collect$$_printf_percent$$00000015  0x080001e0   Section        6  _printf_lc.o(.ARM.Collect$$_printf_percent$$00000015)
    .ARM.Collect$$_printf_percent$$00000016  0x080001e6   Section        6  _printf_ls.o(.ARM.Collect$$_printf_percent$$00000016)
    .ARM.Collect$$_printf_percent$$00000017  0x080001ec   Section        4  _printf_percent_end.o(.ARM.Collect$$_printf_percent$$00000017)
    .ARM.Collect$$libinit$$00000000          0x080001f0   Section        2  libinit.o(.ARM.Collect$$libinit$$00000000)
    .ARM.Collect$$libinit$$00000002          0x080001f2   Section        0  libinit2.o(.ARM.Collect$$libinit$$00000002)
    .ARM.Collect$$libinit$$00000004          0x080001f2   Section        0  libinit2.o(.ARM.Collect$$libinit$$00000004)
    .ARM.Collect$$libinit$$00000005          0x080001f2   Section        8  libinit2.o(.ARM.Collect$$libinit$$00000005)
    .ARM.Collect$$libinit$$0000000A          0x080001fa   Section        0  libinit2.o(.ARM.Collect$$libinit$$0000000A)
    .ARM.Collect$$libinit$$0000000C          0x080001fa   Section        0  libinit2.o(.ARM.Collect$$libinit$$0000000C)
    .ARM.Collect$$libinit$$0000000E          0x080001fa   Section        0  libinit2.o(.ARM.Collect$$libinit$$0000000E)
    .ARM.Collect$$libinit$$0000000F          0x080001fa   Section        6  libinit2.o(.ARM.Collect$$libinit$$0000000F)
    .ARM.Collect$$libinit$$00000011          0x08000200   Section        0  libinit2.o(.ARM.Collect$$libinit$$00000011)
    .ARM.Collect$$libinit$$00000012          0x08000200   Section       12  libinit2.o(.ARM.Collect$$libinit$$00000012)
    .ARM.Collect$$libinit$$00000013          0x0800020c   Section        0  libinit2.o(.ARM.Collect$$libinit$$00000013)
    .ARM.Collect$$libinit$$00000015          0x0800020c   Section        0  libinit2.o(.ARM.Collect$$libinit$$00000015)
    .ARM.Collect$$libinit$$00000016          0x0800020c   Section       10  libinit2.o(.ARM.Collect$$libinit$$00000016)
    .ARM.Collect$$libinit$$00000017          0x08000216   Section        0  libinit2.o(.ARM.Collect$$libinit$$00000017)
    .ARM.Collect$$libinit$$00000019          0x08000216   Section        0  libinit2.o(.ARM.Collect$$libinit$$00000019)
    .ARM.Collect$$libinit$$0000001B          0x08000216   Section        0  libinit2.o(.ARM.Collect$$libinit$$0000001B)
    .ARM.Collect$$libinit$$0000001D          0x08000216   Section        0  libinit2.o(.ARM.Collect$$libinit$$0000001D)
    .ARM.Collect$$libinit$$0000001F          0x08000216   Section        0  libinit2.o(.ARM.Collect$$libinit$$0000001F)
    .ARM.Collect$$libinit$$00000021          0x08000216   Section        0  libinit2.o(.ARM.Collect$$libinit$$00000021)
    .ARM.Collect$$libinit$$00000023          0x08000216   Section        0  libinit2.o(.ARM.Collect$$libinit$$00000023)
    .ARM.Collect$$libinit$$00000025          0x08000216   Section        0  libinit2.o(.ARM.Collect$$libinit$$00000025)
    .ARM.Collect$$libinit$$0000002C          0x08000216   Section        0  libinit2.o(.ARM.Collect$$libinit$$0000002C)
    .ARM.Collect$$libinit$$0000002E          0x08000216   Section        0  libinit2.o(.ARM.Collect$$libinit$$0000002E)
    .ARM.Collect$$libinit$$00000030          0x08000216   Section        0  libinit2.o(.ARM.Collect$$libinit$$00000030)
    .ARM.Collect$$libinit$$00000032          0x08000216   Section        0  libinit2.o(.ARM.Collect$$libinit$$00000032)
    .ARM.Collect$$libinit$$00000033          0x08000216   Section        2  libinit2.o(.ARM.Collect$$libinit$$00000033)
    .ARM.Collect$$libshutdown$$00000000      0x08000218   Section        2  libshutdown.o(.ARM.Collect$$libshutdown$$00000000)
    .ARM.Collect$$libshutdown$$00000002      0x0800021a   Section        0  libshutdown2.o(.ARM.Collect$$libshutdown$$00000002)
    .ARM.Collect$$libshutdown$$00000004      0x0800021a   Section        0  libshutdown2.o(.ARM.Collect$$libshutdown$$00000004)
    .ARM.Collect$$libshutdown$$00000007      0x0800021a   Section        0  libshutdown2.o(.ARM.Collect$$libshutdown$$00000007)
    .ARM.Collect$$libshutdown$$0000000A      0x0800021a   Section        0  libshutdown2.o(.ARM.Collect$$libshutdown$$0000000A)
    .ARM.Collect$$libshutdown$$0000000C      0x0800021a   Section        0  libshutdown2.o(.ARM.Collect$$libshutdown$$0000000C)
    .ARM.Collect$$libshutdown$$0000000F      0x0800021a   Section        0  libshutdown2.o(.ARM.Collect$$libshutdown$$0000000F)
    .ARM.Collect$$libshutdown$$00000010      0x0800021a   Section        2  libshutdown2.o(.ARM.Collect$$libshutdown$$00000010)
    .ARM.Collect$$rtentry$$00000000          0x0800021c   Section        0  __rtentry.o(.ARM.Collect$$rtentry$$00000000)
    .ARM.Collect$$rtentry$$00000002          0x0800021c   Section        0  __rtentry2.o(.ARM.Collect$$rtentry$$00000002)
    .ARM.Collect$$rtentry$$00000004          0x0800021c   Section        6  __rtentry4.o(.ARM.Collect$$rtentry$$00000004)
    .ARM.Collect$$rtentry$$00000009          0x08000222   Section        0  __rtentry2.o(.ARM.Collect$$rtentry$$00000009)
    .ARM.Collect$$rtentry$$0000000A          0x08000222   Section        4  __rtentry2.o(.ARM.Collect$$rtentry$$0000000A)
    .ARM.Collect$$rtentry$$0000000C          0x08000226   Section        0  __rtentry2.o(.ARM.Collect$$rtentry$$0000000C)
    .ARM.Collect$$rtentry$$0000000D          0x08000226   Section        8  __rtentry2.o(.ARM.Collect$$rtentry$$0000000D)
    .ARM.Collect$$rtexit$$00000000           0x0800022e   Section        2  rtexit.o(.ARM.Collect$$rtexit$$00000000)
    .ARM.Collect$$rtexit$$00000002           0x08000230   Section        0  rtexit2.o(.ARM.Collect$$rtexit$$00000002)
    .ARM.Collect$$rtexit$$00000003           0x08000230   Section        4  rtexit2.o(.ARM.Collect$$rtexit$$00000003)
    .ARM.Collect$$rtexit$$00000004           0x08000234   Section        6  rtexit2.o(.ARM.Collect$$rtexit$$00000004)
    .emb_text                                0x0800023c   Section        0  maybetermalloc1.o(.emb_text)
    .text                                    0x0800023c   Section       64  startup_stm32f10x_md.o(.text)
    .text                                    0x0800027c   Section        8  rt_errno_addr_intlibspace.o(.text)
    .text                                    0x08000284   Section        0  h1_alloc.o(.text)
    .text                                    0x080002e2   Section        0  h1_free.o(.text)
    .text                                    0x08000330   Section        0  __2printf.o(.text)
    .text                                    0x08000348   Section        0  _printf_pad.o(.text)
    .text                                    0x08000396   Section        0  _printf_str.o(.text)
    .text                                    0x080003e8   Section        0  _printf_dec.o(.text)
    .text                                    0x08000460   Section        0  _printf_hex_int_ll_ptr.o(.text)
    _printf_hex_common                       0x08000461   Thumb Code     0  _printf_hex_int_ll_ptr.o(.text)
    .text                                    0x080004f4   Section        0  __printf_flags_ss_wp.o(.text)
    .text                                    0x0800067c   Section        0  perror.o(.text)
    .text                                    0x080006b8   Section        0  strcpy.o(.text)
    .text                                    0x08000700   Section        0  heapauxi.o(.text)
    .text                                    0x08000708   Section        8  libspace.o(.text)
    .text                                    0x08000710   Section        8  rt_heap_descriptor_intlibspace.o(.text)
    .text                                    0x08000718   Section        0  hguard.o(.text)
    .text                                    0x0800071c   Section        0  init_alloc.o(.text)
    .text                                    0x080007a6   Section        0  h1_init.o(.text)
    .text                                    0x080007b4   Section        0  fprintf.o(.text)
    .text                                    0x080007c8   Section        0  _printf_intcommon.o(.text)
    .text                                    0x0800087c   Section        0  _printf_char_common.o(.text)
    _printf_input_char                       0x0800087d   Thumb Code    10  _printf_char_common.o(.text)
    .text                                    0x080008ac   Section        0  _printf_char.o(.text)
    .text                                    0x080008d8   Section        0  _printf_char_file.o(.text)
    .text                                    0x080008fc   Section        0  strerror.o(.text)
    .text                                    0x08000a04   Section        0  h1_extend.o(.text)
    .text                                    0x08000a38   Section        0  _printf_truncate.o(.text)
    .text                                    0x08000a5c   Section        0  _printf_charcount.o(.text)
    .text                                    0x08000a84   Section        0  _printf_wctomb.o(.text)
    .text                                    0x08000b40   Section        0  _printf_longlong_dec.o(.text)
    .text                                    0x08000bbc   Section        0  _printf_oct_int_ll.o(.text)
    _printf_longlong_oct_internal            0x08000bbd   Thumb Code     0  _printf_oct_int_ll.o(.text)
    .text                                    0x08000c2c   Section        0  defsig_rtmem_outer.o(.text)
    .text                                    0x08000c3a   Section       74  sys_stackheap_outer.o(.text)
    .text                                    0x08000c84   Section      138  lludiv10.o(.text)
    .text                                    0x08000d0e   Section        0  _printf_fp_dec.o(.text)
    _fp_digits                               0x08000d11   Thumb Code   432  _printf_fp_dec.o(.text)
    .text                                    0x0800112c   Section        0  _printf_fp_hex.o(.text)
    .text                                    0x08001428   Section        0  _printf_wchar.o(.text)
    .text                                    0x08001454   Section        0  _wcrtomb.o(.text)
    .text                                    0x08001494   Section        0  exit.o(.text)
    .text                                    0x080014a6   Section        0  defsig_exit.o(.text)
    .text                                    0x080014b0   Section        0  defsig_rtmem_inner.o(.text)
    .text                                    0x08001500   Section       16  rt_ctype_table.o(.text)
    .text                                    0x08001510   Section        8  rt_locale_intlibspace.o(.text)
    .text                                    0x08001518   Section        0  _printf_fp_infnan.o(.text)
    .text                                    0x08001598   Section        0  bigflt0.o(.text)
    .text                                    0x0800167c   Section        0  defsig_general.o(.text)
    .text                                    0x080016b0   Section      128  strcmpv7m.o(.text)
    CL$$btod_d2e                             0x08001730   Section       62  btod.o(CL$$btod_d2e)
    CL$$btod_d2e_denorm_low                  0x0800176e   Section       70  btod.o(CL$$btod_d2e_denorm_low)
    CL$$btod_d2e_norm_op1                    0x080017b4   Section       96  btod.o(CL$$btod_d2e_norm_op1)
    CL$$btod_div_common                      0x08001814   Section      824  btod.o(CL$$btod_div_common)
    CL$$btod_e2e                             0x08001b4c   Section      220  btod.o(CL$$btod_e2e)
    CL$$btod_ediv                            0x08001c28   Section       42  btod.o(CL$$btod_ediv)
    CL$$btod_emul                            0x08001c52   Section       42  btod.o(CL$$btod_emul)
    CL$$btod_mult_common                     0x08001c7c   Section      580  btod.o(CL$$btod_mult_common)
    i.AddPkt                                 0x08001ec0   Section        0  linkedlist.o(i.AddPkt)
    i.AddStudent                             0x08001f0c   Section        0  linkedlist.o(i.AddStudent)
    i.DelStudent                             0x08001fcc   Section        0  linkedlist.o(i.DelStudent)
    i.Delay                                  0x08002090   Section        0  ti_lib.o(i.Delay)
    i.Init_IO                                0x080020a8   Section        0  sim_board_io.o(i.Init_IO)
    i.Init_SPI                               0x080020d0   Section        0  sim_board_io.o(i.Init_SPI)
    i.Init_System_Clock                      0x08002120   Section        0  sim_board_io.o(i.Init_System_Clock)
    i.Init_TI_Board                          0x0800218c   Section        0  ti_lib.o(i.Init_TI_Board)
    i.PrintStudents                          0x080021ac   Section        0  linkedlist.o(i.PrintStudents)
    i.SER_Init                               0x08002204   Section        0  serial.o(i.SER_Init)
    i.SER_PutChar                            0x0800229c   Section        0  serial.o(i.SER_PutChar)
    i.SetSysClock                            0x080022bc   Section        0  system_stm32f10x.o(i.SetSysClock)
    SetSysClock                              0x080022bd   Thumb Code     8  system_stm32f10x.o(i.SetSysClock)
    i.SetSysClockTo72                        0x080022c4   Section        0  system_stm32f10x.o(i.SetSysClockTo72)
    SetSysClockTo72                          0x080022c5   Thumb Code   214  system_stm32f10x.o(i.SetSysClockTo72)
    i.SysTick_Handler                        0x080023a4   Section        0  ti_lib.o(i.SysTick_Handler)
    i.SystemCoreClockUpdate                  0x080023ac   Section        0  system_stm32f10x.o(i.SystemCoreClockUpdate)
    i.SystemInit                             0x08002450   Section        0  system_stm32f10x.o(i.SystemInit)
    i.TFT_Init                               0x080024b0   Section        0  tft.o(i.TFT_Init)
    i.TFT_cls                                0x080024c4   Section        0  tft.o(i.TFT_cls)
    i.TFT_putc                               0x080024ce   Section        0  tft.o(i.TFT_putc)
    i.TFT_send_data                          0x080024ec   Section        0  tft.o(i.TFT_send_data)
    i.TFT_terminal_on                        0x080025dc   Section        0  tft.o(i.TFT_terminal_on)
    i.TFT_touch_key_feedback                 0x080025fa   Section        0  tft.o(i.TFT_touch_key_feedback)
    i.TimingDelay_Decrement                  0x08002644   Section        0  ti_lib.o(i.TimingDelay_Decrement)
    i.__ARM_fpclassify                       0x08002668   Section        0  fpclassify.o(i.__ARM_fpclassify)
    i._is_digit                              0x08002690   Section        0  __printf_wp.o(i._is_digit)
    i._sys_exit                              0x0800269e   Section        0  retarget.o(i._sys_exit)
    i._ttywrch                               0x080026a2   Section        0  retarget.o(i._ttywrch)
    i.delUnder100                            0x080026b0   Section        0  linkedlist.o(i.delUnder100)
    i.ferror                                 0x080026f0   Section        0  retarget.o(i.ferror)
    i.fputc                                  0x080026f8   Section        0  retarget.o(i.fputc)
    i.main                                   0x08002710   Section        0  main.o(i.main)
    i.setzeBew                               0x08002934   Section        0  linkedlist.o(i.setzeBew)
    locale$$code                             0x080029a8   Section       44  lc_numeric_c.o(locale$$code)
    locale$$code                             0x080029d4   Section       44  lc_ctype_c.o(locale$$code)
    x$fpl$printf1                            0x08002a00   Section        4  printf1.o(x$fpl$printf1)
    x$fpl$printf2                            0x08002a04   Section        4  printf2.o(x$fpl$printf2)
    .constdata                               0x08002a08   Section       12  main.o(.constdata)
    x$fpl$usenofp                            0x08002a08   Section        0  usenofp.o(x$fpl$usenofp)
    .constdata                               0x08002a14   Section       40  _printf_hex_int_ll_ptr.o(.constdata)
    uc_hextab                                0x08002a14   Data          20  _printf_hex_int_ll_ptr.o(.constdata)
    lc_hextab                                0x08002a28   Data          20  _printf_hex_int_ll_ptr.o(.constdata)
    .constdata                               0x08002a3c   Section       17  __printf_flags_ss_wp.o(.constdata)
    maptable                                 0x08002a3c   Data          17  __printf_flags_ss_wp.o(.constdata)
    .constdata                               0x08002a50   Section        8  _printf_wctomb.o(.constdata)
    initial_mbstate                          0x08002a50   Data           8  _printf_wctomb.o(.constdata)
    .constdata                               0x08002a58   Section       38  _printf_fp_hex.o(.constdata)
    lc_hextab                                0x08002a58   Data          19  _printf_fp_hex.o(.constdata)
    uc_hextab                                0x08002a6b   Data          19  _printf_fp_hex.o(.constdata)
    .constdata                               0x08002a80   Section      148  bigflt0.o(.constdata)
    tenpwrs_x                                0x08002a80   Data          60  bigflt0.o(.constdata)
    tenpwrs_i                                0x08002abc   Data          64  bigflt0.o(.constdata)
    .conststring                             0x08002b14   Section       30  main.o(.conststring)
    .conststring                             0x08002b34   Section       86  linkedlist.o(.conststring)
    locale$$data                             0x08002bac   Section       28  lc_numeric_c.o(locale$$data)
    __lcnum_c_name                           0x08002bb0   Data           2  lc_numeric_c.o(locale$$data)
    __lcnum_c_start                          0x08002bb8   Data           0  lc_numeric_c.o(locale$$data)
    __lcnum_c_point                          0x08002bc4   Data           0  lc_numeric_c.o(locale$$data)
    __lcnum_c_thousands                      0x08002bc6   Data           0  lc_numeric_c.o(locale$$data)
    __lcnum_c_grouping                       0x08002bc7   Data           0  lc_numeric_c.o(locale$$data)
    locale$$data                             0x08002bc8   Section      272  lc_ctype_c.o(locale$$data)
    __lcnum_c_end                            0x08002bc8   Data           0  lc_numeric_c.o(locale$$data)
    __lcctype_c_name                         0x08002bcc   Data           2  lc_ctype_c.o(locale$$data)
    __lcctype_c_start                        0x08002bd4   Data           0  lc_ctype_c.o(locale$$data)
    __lcctype_c_end                          0x08002cd8   Data           0  lc_ctype_c.o(locale$$data)
    .data                                    0x20000000   Section        8  ti_lib.o(.data)
    TimingDelay                              0x20000000   Data           4  ti_lib.o(.data)
    uptime                                   0x20000004   Data           4  ti_lib.o(.data)
    .data                                    0x20000008   Section       20  system_stm32f10x.o(.data)
    .data                                    0x2000001c   Section       12  retarget.o(.data)
    .data                                    0x20000028   Section        4  linkedlist.o(.data)
    .bss                                     0x2000002c   Section       96  libspace.o(.bss)
    HEAP                                     0x20000090   Section    32768  startup_stm32f10x_md.o(HEAP)
    Heap_Mem                                 0x20000090   Data       32768  startup_stm32f10x_md.o(HEAP)
    STACK                                    0x20008090   Section     4096  startup_stm32f10x_md.o(STACK)
    Stack_Mem                                0x20008090   Data        4096  startup_stm32f10x_md.o(STACK)
    __initial_sp                             0x20009090   Data           0  startup_stm32f10x_md.o(STACK)

    Global Symbols

    Symbol Name                              Value     Ov Type        Size  Object(Section)

    BuildAttributes$$THM_ISAv4$P$D$K$B$S$PE$A:L22UL41UL21$X:L11$S22US41US21$IEEE1$IW$USESV6$~STKCKD$USESV7$~SHL$OTIME$ROPI$IEEEJ$EBA8$UX$STANDARDLIB$REQ8$PRES8$EABIv2 0x00000000   Number         0  anon$$obj.o ABSOLUTE
    __ARM_use_no_argv                        0x00000000   Number         0  main.o ABSOLUTE
    _printf_flags                            0x00000000   Number         0  printf_stubs.o ABSOLUTE
    _printf_return_value                     0x00000000   Number         0  printf_stubs.o ABSOLUTE
    _printf_sizespec                         0x00000000   Number         0  printf_stubs.o ABSOLUTE
    _printf_widthprec                        0x00000000   Number         0  printf_stubs.o ABSOLUTE
    __ARM_exceptions_init                     - Undefined Weak Reference
    __alloca_initialize                       - Undefined Weak Reference
    __arm_preinit_                            - Undefined Weak Reference
    __cpp_initialize__aeabi_                  - Undefined Weak Reference
    __cxa_finalize                            - Undefined Weak Reference
    __sigvec_lookup                           - Undefined Weak Reference
    __user_heap_extent                        - Undefined Weak Reference
    _atexit_init                              - Undefined Weak Reference
    _call_atexit_fns                          - Undefined Weak Reference
    _clock_init                               - Undefined Weak Reference
    _fp_trap_init                             - Undefined Weak Reference
    _fp_trap_shutdown                         - Undefined Weak Reference
    _get_lc_collate                           - Undefined Weak Reference
    _get_lc_monetary                          - Undefined Weak Reference
    _get_lc_time                              - Undefined Weak Reference
    _getenv_init                              - Undefined Weak Reference
    _handle_redirection                       - Undefined Weak Reference
    _initio                                   - Undefined Weak Reference
    _mutex_acquire                            - Undefined Weak Reference
    _mutex_free                               - Undefined Weak Reference
    _mutex_release                            - Undefined Weak Reference
    _printf_mbtowc                            - Undefined Weak Reference
    _printf_wc                                - Undefined Weak Reference
    _rand_init                                - Undefined Weak Reference
    _signal_finish                            - Undefined Weak Reference
    _signal_init                              - Undefined Weak Reference
    _terminateio                              - Undefined Weak Reference
    __Vectors_Size                           0x000000ec   Number         0  startup_stm32f10x_md.o ABSOLUTE
    __Vectors                                0x08000000   Data           4  startup_stm32f10x_md.o(RESET)
    __Vectors_End                            0x080000ec   Data           0  startup_stm32f10x_md.o(RESET)
    __main                                   0x080000ed   Thumb Code     8  __main.o(!!!main)
    __scatterload                            0x080000f5   Thumb Code     0  __scatter.o(!!!scatter)
    __scatterload_rt2                        0x080000f5   Thumb Code    44  __scatter.o(!!!scatter)
    __scatterload_rt2_thumb_only             0x080000f5   Thumb Code     0  __scatter.o(!!!scatter)
    __scatterload_null                       0x08000103   Thumb Code     0  __scatter.o(!!!scatter)
    __scatterload_copy                       0x08000129   Thumb Code    26  __scatter_copy.o(!!handler_copy)
    __scatterload_zeroinit                   0x08000145   Thumb Code    28  __scatter_zi.o(!!handler_zi)
    _printf_n                                0x08000161   Thumb Code     0  _printf_n.o(.ARM.Collect$$_printf_percent$$00000001)
    _printf_percent                          0x08000161   Thumb Code     0  _printf_percent.o(.ARM.Collect$$_printf_percent$$00000000)
    _printf_p                                0x08000167   Thumb Code     0  _printf_p.o(.ARM.Collect$$_printf_percent$$00000002)
    _printf_f                                0x0800016d   Thumb Code     0  _printf_f.o(.ARM.Collect$$_printf_percent$$00000003)
    _printf_e                                0x08000173   Thumb Code     0  _printf_e.o(.ARM.Collect$$_printf_percent$$00000004)
    _printf_g                                0x08000179   Thumb Code     0  _printf_g.o(.ARM.Collect$$_printf_percent$$00000005)
    _printf_a                                0x0800017f   Thumb Code     0  _printf_a.o(.ARM.Collect$$_printf_percent$$00000006)
    _printf_ll                               0x08000185   Thumb Code     0  _printf_ll.o(.ARM.Collect$$_printf_percent$$00000007)
    _printf_i                                0x0800018f   Thumb Code     0  _printf_i.o(.ARM.Collect$$_printf_percent$$00000008)
    _printf_d                                0x08000195   Thumb Code     0  _printf_d.o(.ARM.Collect$$_printf_percent$$00000009)
    _printf_u                                0x0800019b   Thumb Code     0  _printf_u.o(.ARM.Collect$$_printf_percent$$0000000A)
    _printf_o                                0x080001a1   Thumb Code     0  _printf_o.o(.ARM.Collect$$_printf_percent$$0000000B)
    _printf_x                                0x080001a7   Thumb Code     0  _printf_x.o(.ARM.Collect$$_printf_percent$$0000000C)
    _printf_lli                              0x080001ad   Thumb Code     0  _printf_lli.o(.ARM.Collect$$_printf_percent$$0000000D)
    _printf_lld                              0x080001b3   Thumb Code     0  _printf_lld.o(.ARM.Collect$$_printf_percent$$0000000E)
    _printf_llu                              0x080001b9   Thumb Code     0  _printf_llu.o(.ARM.Collect$$_printf_percent$$0000000F)
    _printf_llo                              0x080001bf   Thumb Code     0  _printf_llo.o(.ARM.Collect$$_printf_percent$$00000010)
    _printf_llx                              0x080001c5   Thumb Code     0  _printf_llx.o(.ARM.Collect$$_printf_percent$$00000011)
    _printf_l                                0x080001cb   Thumb Code     0  _printf_l.o(.ARM.Collect$$_printf_percent$$00000012)
    _printf_c                                0x080001d5   Thumb Code     0  _printf_c.o(.ARM.Collect$$_printf_percent$$00000013)
    _printf_s                                0x080001db   Thumb Code     0  _printf_s.o(.ARM.Collect$$_printf_percent$$00000014)
    _printf_lc                               0x080001e1   Thumb Code     0  _printf_lc.o(.ARM.Collect$$_printf_percent$$00000015)
    _printf_ls                               0x080001e7   Thumb Code     0  _printf_ls.o(.ARM.Collect$$_printf_percent$$00000016)
    _printf_percent_end                      0x080001ed   Thumb Code     0  _printf_percent_end.o(.ARM.Collect$$_printf_percent$$00000017)
    __rt_lib_init                            0x080001f1   Thumb Code     0  libinit.o(.ARM.Collect$$libinit$$00000000)
    __rt_lib_init_fp_1                       0x080001f3   Thumb Code     0  libinit2.o(.ARM.Collect$$libinit$$00000002)
    __rt_lib_init_heap_2                     0x080001f3   Thumb Code     0  libinit2.o(.ARM.Collect$$libinit$$00000005)
    __rt_lib_init_preinit_1                  0x080001f3   Thumb Code     0  libinit2.o(.ARM.Collect$$libinit$$00000004)
    __rt_lib_init_heap_1                     0x080001fb   Thumb Code     0  libinit2.o(.ARM.Collect$$libinit$$0000000A)
    __rt_lib_init_lc_common                  0x080001fb   Thumb Code     0  libinit2.o(.ARM.Collect$$libinit$$0000000F)
    __rt_lib_init_rand_1                     0x080001fb   Thumb Code     0  libinit2.o(.ARM.Collect$$libinit$$0000000E)
    __rt_lib_init_user_alloc_1               0x080001fb   Thumb Code     0  libinit2.o(.ARM.Collect$$libinit$$0000000C)
    __rt_lib_init_lc_collate_1               0x08000201   Thumb Code     0  libinit2.o(.ARM.Collect$$libinit$$00000011)
    __rt_lib_init_lc_ctype_2                 0x08000201   Thumb Code     0  libinit2.o(.ARM.Collect$$libinit$$00000012)
    __rt_lib_init_lc_ctype_1                 0x0800020d   Thumb Code     0  libinit2.o(.ARM.Collect$$libinit$$00000013)
    __rt_lib_init_lc_monetary_1              0x0800020d   Thumb Code     0  libinit2.o(.ARM.Collect$$libinit$$00000015)
    __rt_lib_init_lc_numeric_2               0x0800020d   Thumb Code     0  libinit2.o(.ARM.Collect$$libinit$$00000016)
    __rt_lib_init_alloca_1                   0x08000217   Thumb Code     0  libinit2.o(.ARM.Collect$$libinit$$0000002E)
    __rt_lib_init_argv_1                     0x08000217   Thumb Code     0  libinit2.o(.ARM.Collect$$libinit$$0000002C)
    __rt_lib_init_atexit_1                   0x08000217   Thumb Code     0  libinit2.o(.ARM.Collect$$libinit$$0000001B)
    __rt_lib_init_clock_1                    0x08000217   Thumb Code     0  libinit2.o(.ARM.Collect$$libinit$$00000021)
    __rt_lib_init_cpp_1                      0x08000217   Thumb Code     0  libinit2.o(.ARM.Collect$$libinit$$00000032)
    __rt_lib_init_exceptions_1               0x08000217   Thumb Code     0  libinit2.o(.ARM.Collect$$libinit$$00000030)
    __rt_lib_init_fp_trap_1                  0x08000217   Thumb Code     0  libinit2.o(.ARM.Collect$$libinit$$0000001F)
    __rt_lib_init_getenv_1                   0x08000217   Thumb Code     0  libinit2.o(.ARM.Collect$$libinit$$00000023)
    __rt_lib_init_lc_numeric_1               0x08000217   Thumb Code     0  libinit2.o(.ARM.Collect$$libinit$$00000017)
    __rt_lib_init_lc_time_1                  0x08000217   Thumb Code     0  libinit2.o(.ARM.Collect$$libinit$$00000019)
    __rt_lib_init_return                     0x08000217   Thumb Code     0  libinit2.o(.ARM.Collect$$libinit$$00000033)
    __rt_lib_init_signal_1                   0x08000217   Thumb Code     0  libinit2.o(.ARM.Collect$$libinit$$0000001D)
    __rt_lib_init_stdio_1                    0x08000217   Thumb Code     0  libinit2.o(.ARM.Collect$$libinit$$00000025)
    __rt_lib_shutdown                        0x08000219   Thumb Code     0  libshutdown.o(.ARM.Collect$$libshutdown$$00000000)
    __rt_lib_shutdown_cpp_1                  0x0800021b   Thumb Code     0  libshutdown2.o(.ARM.Collect$$libshutdown$$00000002)
    __rt_lib_shutdown_fp_trap_1              0x0800021b   Thumb Code     0  libshutdown2.o(.ARM.Collect$$libshutdown$$00000007)
    __rt_lib_shutdown_heap_1                 0x0800021b   Thumb Code     0  libshutdown2.o(.ARM.Collect$$libshutdown$$0000000F)
    __rt_lib_shutdown_return                 0x0800021b   Thumb Code     0  libshutdown2.o(.ARM.Collect$$libshutdown$$00000010)
    __rt_lib_shutdown_signal_1               0x0800021b   Thumb Code     0  libshutdown2.o(.ARM.Collect$$libshutdown$$0000000A)
    __rt_lib_shutdown_stdio_1                0x0800021b   Thumb Code     0  libshutdown2.o(.ARM.Collect$$libshutdown$$00000004)
    __rt_lib_shutdown_user_alloc_1           0x0800021b   Thumb Code     0  libshutdown2.o(.ARM.Collect$$libshutdown$$0000000C)
    __rt_entry                               0x0800021d   Thumb Code     0  __rtentry.o(.ARM.Collect$$rtentry$$00000000)
    __rt_entry_presh_1                       0x0800021d   Thumb Code     0  __rtentry2.o(.ARM.Collect$$rtentry$$00000002)
    __rt_entry_sh                            0x0800021d   Thumb Code     0  __rtentry4.o(.ARM.Collect$$rtentry$$00000004)
    __rt_entry_li                            0x08000223   Thumb Code     0  __rtentry2.o(.ARM.Collect$$rtentry$$0000000A)
    __rt_entry_postsh_1                      0x08000223   Thumb Code     0  __rtentry2.o(.ARM.Collect$$rtentry$$00000009)
    __rt_entry_main                          0x08000227   Thumb Code     0  __rtentry2.o(.ARM.Collect$$rtentry$$0000000D)
    __rt_entry_postli_1                      0x08000227   Thumb Code     0  __rtentry2.o(.ARM.Collect$$rtentry$$0000000C)
    __rt_exit                                0x0800022f   Thumb Code     0  rtexit.o(.ARM.Collect$$rtexit$$00000000)
    __rt_exit_ls                             0x08000231   Thumb Code     0  rtexit2.o(.ARM.Collect$$rtexit$$00000003)
    __rt_exit_prels_1                        0x08000231   Thumb Code     0  rtexit2.o(.ARM.Collect$$rtexit$$00000002)
    __rt_exit_exit                           0x08000235   Thumb Code     0  rtexit2.o(.ARM.Collect$$rtexit$$00000004)
    Reset_Handler                            0x0800023d   Thumb Code     8  startup_stm32f10x_md.o(.text)
    _maybe_terminate_alloc                   0x0800023d   Thumb Code     0  maybetermalloc1.o(.emb_text)
    NMI_Handler                              0x08000245   Thumb Code     2  startup_stm32f10x_md.o(.text)
    HardFault_Handler                        0x08000247   Thumb Code     2  startup_stm32f10x_md.o(.text)
    MemManage_Handler                        0x08000249   Thumb Code     2  startup_stm32f10x_md.o(.text)
    BusFault_Handler                         0x0800024b   Thumb Code     2  startup_stm32f10x_md.o(.text)
    UsageFault_Handler                       0x0800024d   Thumb Code     2  startup_stm32f10x_md.o(.text)
    SVC_Handler                              0x0800024f   Thumb Code     2  startup_stm32f10x_md.o(.text)
    DebugMon_Handler                         0x08000251   Thumb Code     2  startup_stm32f10x_md.o(.text)
    PendSV_Handler                           0x08000253   Thumb Code     2  startup_stm32f10x_md.o(.text)
    ADC1_2_IRQHandler                        0x08000257   Thumb Code     0  startup_stm32f10x_md.o(.text)
    CAN1_RX1_IRQHandler                      0x08000257   Thumb Code     0  startup_stm32f10x_md.o(.text)
    CAN1_SCE_IRQHandler                      0x08000257   Thumb Code     0  startup_stm32f10x_md.o(.text)
    DMA1_Channel1_IRQHandler                 0x08000257   Thumb Code     0  startup_stm32f10x_md.o(.text)
    DMA1_Channel2_IRQHandler                 0x08000257   Thumb Code     0  startup_stm32f10x_md.o(.text)
    DMA1_Channel3_IRQHandler                 0x08000257   Thumb Code     0  startup_stm32f10x_md.o(.text)
    DMA1_Channel4_IRQHandler                 0x08000257   Thumb Code     0  startup_stm32f10x_md.o(.text)
    DMA1_Channel5_IRQHandler                 0x08000257   Thumb Code     0  startup_stm32f10x_md.o(.text)
    DMA1_Channel6_IRQHandler                 0x08000257   Thumb Code     0  startup_stm32f10x_md.o(.text)
    DMA1_Channel7_IRQHandler                 0x08000257   Thumb Code     0  startup_stm32f10x_md.o(.text)
    EXTI0_IRQHandler                         0x08000257   Thumb Code     0  startup_stm32f10x_md.o(.text)
    EXTI15_10_IRQHandler                     0x08000257   Thumb Code     0  startup_stm32f10x_md.o(.text)
    EXTI1_IRQHandler                         0x08000257   Thumb Code     0  startup_stm32f10x_md.o(.text)
    EXTI2_IRQHandler                         0x08000257   Thumb Code     0  startup_stm32f10x_md.o(.text)
    EXTI3_IRQHandler                         0x08000257   Thumb Code     0  startup_stm32f10x_md.o(.text)
    EXTI4_IRQHandler                         0x08000257   Thumb Code     0  startup_stm32f10x_md.o(.text)
    EXTI9_5_IRQHandler                       0x08000257   Thumb Code     0  startup_stm32f10x_md.o(.text)
    FLASH_IRQHandler                         0x08000257   Thumb Code     0  startup_stm32f10x_md.o(.text)
    I2C1_ER_IRQHandler                       0x08000257   Thumb Code     0  startup_stm32f10x_md.o(.text)
    I2C1_EV_IRQHandler                       0x08000257   Thumb Code     0  startup_stm32f10x_md.o(.text)
    I2C2_ER_IRQHandler                       0x08000257   Thumb Code     0  startup_stm32f10x_md.o(.text)
    I2C2_EV_IRQHandler                       0x08000257   Thumb Code     0  startup_stm32f10x_md.o(.text)
    PVD_IRQHandler                           0x08000257   Thumb Code     0  startup_stm32f10x_md.o(.text)
    RCC_IRQHandler                           0x08000257   Thumb Code     0  startup_stm32f10x_md.o(.text)
    RTCAlarm_IRQHandler                      0x08000257   Thumb Code     0  startup_stm32f10x_md.o(.text)
    RTC_IRQHandler                           0x08000257   Thumb Code     0  startup_stm32f10x_md.o(.text)
    SPI1_IRQHandler                          0x08000257   Thumb Code     0  startup_stm32f10x_md.o(.text)
    SPI2_IRQHandler                          0x08000257   Thumb Code     0  startup_stm32f10x_md.o(.text)
    TAMPER_IRQHandler                        0x08000257   Thumb Code     0  startup_stm32f10x_md.o(.text)
    TIM1_BRK_IRQHandler                      0x08000257   Thumb Code     0  startup_stm32f10x_md.o(.text)
    TIM1_CC_IRQHandler                       0x08000257   Thumb Code     0  startup_stm32f10x_md.o(.text)
    TIM1_TRG_COM_IRQHandler                  0x08000257   Thumb Code     0  startup_stm32f10x_md.o(.text)
    TIM1_UP_IRQHandler                       0x08000257   Thumb Code     0  startup_stm32f10x_md.o(.text)
    TIM2_IRQHandler                          0x08000257   Thumb Code     0  startup_stm32f10x_md.o(.text)
    TIM3_IRQHandler                          0x08000257   Thumb Code     0  startup_stm32f10x_md.o(.text)
    TIM4_IRQHandler                          0x08000257   Thumb Code     0  startup_stm32f10x_md.o(.text)
    USART1_IRQHandler                        0x08000257   Thumb Code     0  startup_stm32f10x_md.o(.text)
    USART2_IRQHandler                        0x08000257   Thumb Code     0  startup_stm32f10x_md.o(.text)
    USART3_IRQHandler                        0x08000257   Thumb Code     0  startup_stm32f10x_md.o(.text)
    USBWakeUp_IRQHandler                     0x08000257   Thumb Code     0  startup_stm32f10x_md.o(.text)
    USB_HP_CAN1_TX_IRQHandler                0x08000257   Thumb Code     0  startup_stm32f10x_md.o(.text)
    USB_LP_CAN1_RX0_IRQHandler               0x08000257   Thumb Code     0  startup_stm32f10x_md.o(.text)
    WWDG_IRQHandler                          0x08000257   Thumb Code     0  startup_stm32f10x_md.o(.text)
    __user_initial_stackheap                 0x08000259   Thumb Code     0  startup_stm32f10x_md.o(.text)
    __aeabi_errno_addr                       0x0800027d   Thumb Code     8  rt_errno_addr_intlibspace.o(.text)
    __errno$intlibspace                      0x0800027d   Thumb Code     0  rt_errno_addr_intlibspace.o(.text)
    __rt_errno_addr$intlibspace              0x0800027d   Thumb Code     0  rt_errno_addr_intlibspace.o(.text)
    malloc                                   0x08000285   Thumb Code    94  h1_alloc.o(.text)
    free                                     0x080002e3   Thumb Code    78  h1_free.o(.text)
    __2printf                                0x08000331   Thumb Code    20  __2printf.o(.text)
    _printf_pre_padding                      0x08000349   Thumb Code    44  _printf_pad.o(.text)
    _printf_post_padding                     0x08000375   Thumb Code    34  _printf_pad.o(.text)
    _printf_str                              0x08000397   Thumb Code    82  _printf_str.o(.text)
    _printf_int_dec                          0x080003e9   Thumb Code   104  _printf_dec.o(.text)
    _printf_longlong_hex                     0x08000461   Thumb Code    86  _printf_hex_int_ll_ptr.o(.text)
    _printf_int_hex                          0x080004b7   Thumb Code    28  _printf_hex_int_ll_ptr.o(.text)
    _printf_ll_hex                           0x080004d3   Thumb Code    12  _printf_hex_int_ll_ptr.o(.text)
    _printf_hex_ptr                          0x080004df   Thumb Code    18  _printf_hex_int_ll_ptr.o(.text)
    __printf                                 0x080004f5   Thumb Code   388  __printf_flags_ss_wp.o(.text)
    perror                                   0x0800067d   Thumb Code    42  perror.o(.text)
    strcpy                                   0x080006b9   Thumb Code    72  strcpy.o(.text)
    __use_two_region_memory                  0x08000701   Thumb Code     2  heapauxi.o(.text)
    __rt_heap_escrow                         0x08000703   Thumb Code     2  heapauxi.o(.text)
    __rt_heap_expand                         0x08000705   Thumb Code     2  heapauxi.o(.text)
    __user_libspace                          0x08000709   Thumb Code     8  libspace.o(.text)
    __user_perproc_libspace                  0x08000709   Thumb Code     0  libspace.o(.text)
    __user_perthread_libspace                0x08000709   Thumb Code     0  libspace.o(.text)
    __rt_heap_descriptor                     0x08000711   Thumb Code     8  rt_heap_descriptor_intlibspace.o(.text)
    __use_no_heap                            0x08000719   Thumb Code     2  hguard.o(.text)
    __heap$guard                             0x0800071b   Thumb Code     2  hguard.o(.text)
    _terminate_user_alloc                    0x0800071d   Thumb Code     2  init_alloc.o(.text)
    _init_user_alloc                         0x0800071f   Thumb Code     2  init_alloc.o(.text)
    __Heap_Full                              0x08000721   Thumb Code    34  init_alloc.o(.text)
    __Heap_Broken                            0x08000743   Thumb Code     6  init_alloc.o(.text)
    _init_alloc                              0x08000749   Thumb Code    94  init_alloc.o(.text)
    __Heap_Initialize                        0x080007a7   Thumb Code    10  h1_init.o(.text)
    __Heap_DescSize                          0x080007b1   Thumb Code     4  h1_init.o(.text)
    fprintf                                  0x080007b5   Thumb Code    20  fprintf.o(.text)
    _printf_int_common                       0x080007c9   Thumb Code   178  _printf_intcommon.o(.text)
    _printf_char_common                      0x08000887   Thumb Code    32  _printf_char_common.o(.text)
    _printf_cs_common                        0x080008ad   Thumb Code    20  _printf_char.o(.text)
    _printf_char                             0x080008c1   Thumb Code    16  _printf_char.o(.text)
    _printf_string                           0x080008d1   Thumb Code     8  _printf_char.o(.text)
    _printf_char_file                        0x080008d9   Thumb Code    32  _printf_char_file.o(.text)
    strerror                                 0x080008fd   Thumb Code    44  strerror.o(.text)
    __Heap_ProvideMemory                     0x08000a05   Thumb Code    52  h1_extend.o(.text)
    _printf_truncate_signed                  0x08000a39   Thumb Code    18  _printf_truncate.o(.text)
    _printf_truncate_unsigned                0x08000a4b   Thumb Code    18  _printf_truncate.o(.text)
    _printf_charcount                        0x08000a5d   Thumb Code    40  _printf_charcount.o(.text)
    _printf_wctomb                           0x08000a85   Thumb Code   182  _printf_wctomb.o(.text)
    _printf_longlong_dec                     0x08000b41   Thumb Code   108  _printf_longlong_dec.o(.text)
    _printf_longlong_oct                     0x08000bbd   Thumb Code    66  _printf_oct_int_ll.o(.text)
    _printf_int_oct                          0x08000bff   Thumb Code    24  _printf_oct_int_ll.o(.text)
    _printf_ll_oct                           0x08000c17   Thumb Code    12  _printf_oct_int_ll.o(.text)
    __rt_SIGRTMEM                            0x08000c2d   Thumb Code    14  defsig_rtmem_outer.o(.text)
    __user_setup_stackheap                   0x08000c3b   Thumb Code    74  sys_stackheap_outer.o(.text)
    _ll_udiv10                               0x08000c85   Thumb Code   138  lludiv10.o(.text)
    __lib_sel_fp_printf                      0x08000d0f   Thumb Code     2  _printf_fp_dec.o(.text)
    _printf_fp_dec_real                      0x08000ec1   Thumb Code   620  _printf_fp_dec.o(.text)
    _printf_fp_hex_real                      0x0800112d   Thumb Code   756  _printf_fp_hex.o(.text)
    _printf_lcs_common                       0x08001429   Thumb Code    20  _printf_wchar.o(.text)
    _printf_wchar                            0x0800143d   Thumb Code    16  _printf_wchar.o(.text)
    _printf_wstring                          0x0800144d   Thumb Code     8  _printf_wchar.o(.text)
    _wcrtomb                                 0x08001455   Thumb Code    64  _wcrtomb.o(.text)
    exit                                     0x08001495   Thumb Code    18  exit.o(.text)
    __sig_exit                               0x080014a7   Thumb Code    10  defsig_exit.o(.text)
    __rt_SIGRTMEM_inner                      0x080014b1   Thumb Code    22  defsig_rtmem_inner.o(.text)
    __rt_ctype_table                         0x08001501   Thumb Code    16  rt_ctype_table.o(.text)
    __rt_locale                              0x08001511   Thumb Code     8  rt_locale_intlibspace.o(.text)
    _printf_fp_infnan                        0x08001519   Thumb Code   112  _printf_fp_infnan.o(.text)
    _btod_etento                             0x08001599   Thumb Code   224  bigflt0.o(.text)
    __default_signal_display                 0x0800167d   Thumb Code    50  defsig_general.o(.text)
    strcmp                                   0x080016b1   Thumb Code   128  strcmpv7m.o(.text)
    _btod_d2e                                0x08001731   Thumb Code    62  btod.o(CL$$btod_d2e)
    _d2e_denorm_low                          0x0800176f   Thumb Code    70  btod.o(CL$$btod_d2e_denorm_low)
    _d2e_norm_op1                            0x080017b5   Thumb Code    96  btod.o(CL$$btod_d2e_norm_op1)
    __btod_div_common                        0x08001815   Thumb Code   696  btod.o(CL$$btod_div_common)
    _e2e                                     0x08001b4d   Thumb Code   220  btod.o(CL$$btod_e2e)
    _btod_ediv                               0x08001c29   Thumb Code    42  btod.o(CL$$btod_ediv)
    _btod_emul                               0x08001c53   Thumb Code    42  btod.o(CL$$btod_emul)
    __btod_mult_common                       0x08001c7d   Thumb Code   580  btod.o(CL$$btod_mult_common)
    AddPkt                                   0x08001ec1   Thumb Code    44  linkedlist.o(i.AddPkt)
    AddStudent                               0x08001f0d   Thumb Code   132  linkedlist.o(i.AddStudent)
    DelStudent                               0x08001fcd   Thumb Code   130  linkedlist.o(i.DelStudent)
    Delay                                    0x08002091   Thumb Code    20  ti_lib.o(i.Delay)
    Init_IO                                  0x080020a9   Thumb Code    32  sim_board_io.o(i.Init_IO)
    Init_SPI                                 0x080020d1   Thumb Code    60  sim_board_io.o(i.Init_SPI)
    Init_System_Clock                        0x08002121   Thumb Code    94  sim_board_io.o(i.Init_System_Clock)
    Init_TI_Board                            0x0800218d   Thumb Code    30  ti_lib.o(i.Init_TI_Board)
    PrintStudents                            0x080021ad   Thumb Code    56  linkedlist.o(i.PrintStudents)
    SER_Init                                 0x08002205   Thumb Code   134  serial.o(i.SER_Init)
    SER_PutChar                              0x0800229d   Thumb Code    26  serial.o(i.SER_PutChar)
    SysTick_Handler                          0x080023a5   Thumb Code     8  ti_lib.o(i.SysTick_Handler)
    SystemCoreClockUpdate                    0x080023ad   Thumb Code   142  system_stm32f10x.o(i.SystemCoreClockUpdate)
    SystemInit                               0x08002451   Thumb Code    78  system_stm32f10x.o(i.SystemInit)
    TFT_Init                                 0x080024b1   Thumb Code    20  tft.o(i.TFT_Init)
    TFT_cls                                  0x080024c5   Thumb Code    10  tft.o(i.TFT_cls)
    TFT_putc                                 0x080024cf   Thumb Code    30  tft.o(i.TFT_putc)
    TFT_send_data                            0x080024ed   Thumb Code   230  tft.o(i.TFT_send_data)
    TFT_terminal_on                          0x080025dd   Thumb Code    30  tft.o(i.TFT_terminal_on)
    TFT_touch_key_feedback                   0x080025fb   Thumb Code    72  tft.o(i.TFT_touch_key_feedback)
    TimingDelay_Decrement                    0x08002645   Thumb Code    28  ti_lib.o(i.TimingDelay_Decrement)
    __ARM_fpclassify                         0x08002669   Thumb Code    40  fpclassify.o(i.__ARM_fpclassify)
    _is_digit                                0x08002691   Thumb Code    14  __printf_wp.o(i._is_digit)
    _sys_exit                                0x0800269f   Thumb Code     4  retarget.o(i._sys_exit)
    _ttywrch                                 0x080026a3   Thumb Code    12  retarget.o(i._ttywrch)
    delUnder100                              0x080026b1   Thumb Code    44  linkedlist.o(i.delUnder100)
    ferror                                   0x080026f1   Thumb Code     8  retarget.o(i.ferror)
    fputc                                    0x080026f9   Thumb Code    24  retarget.o(i.fputc)
    main                                     0x08002711   Thumb Code   396  main.o(i.main)
    setzeBew                                 0x08002935   Thumb Code    62  linkedlist.o(i.setzeBew)
    _get_lc_numeric                          0x080029a9   Thumb Code    44  lc_numeric_c.o(locale$$code)
    _get_lc_ctype                            0x080029d5   Thumb Code    44  lc_ctype_c.o(locale$$code)
    _printf_fp_dec                           0x08002a01   Thumb Code     4  printf1.o(x$fpl$printf1)
    _printf_fp_hex                           0x08002a05   Thumb Code     4  printf2.o(x$fpl$printf2)
    __I$use$fp                               0x08002a08   Number         0  usenofp.o(x$fpl$usenofp)
    Region$$Table$$Base                      0x08002b8c   Number         0  anon$$obj.o(Region$$Table)
    Region$$Table$$Limit                     0x08002bac   Number         0  anon$$obj.o(Region$$Table)
    __ctype                                  0x08002bd5   Data           0  lc_ctype_c.o(locale$$data)
    SystemCoreClock                          0x20000008   Data           4  system_stm32f10x.o(.data)
    AHBPrescTable                            0x2000000c   Data          16  system_stm32f10x.o(.data)
    __stdout                                 0x2000001c   Data           4  retarget.o(.data)
    __stdin                                  0x20000020   Data           4  retarget.o(.data)
    __stderr                                 0x20000024   Data           4  retarget.o(.data)
    LIST                                     0x20000028   Data           4  linkedlist.o(.data)
    __libspace_start                         0x2000002c   Data          96  libspace.o(.bss)
    __temporary_stack_top$libspace           0x2000008c   Data           0  libspace.o(.bss)



==============================================================================

Memory Map of the image

  Image Entry point : 0x080000ed

  Load Region LR_IROM1 (Base: 0x08000000, Size: 0x00002d04, Max: 0x00040000, ABSOLUTE)

    Execution Region ER_IROM1 (Exec base: 0x08000000, Load base: 0x08000000, Size: 0x00002cd8, Max: 0x00040000, ABSOLUTE)

    Exec Addr    Load Addr    Size         Type   Attr      Idx    E Section Name        Object

    0x08000000   0x08000000   0x000000ec   Data   RO          505    RESET               startup_stm32f10x_md.o
    0x080000ec   0x080000ec   0x00000008   Code   RO          892  * !!!main             c_w.l(__main.o)
    0x080000f4   0x080000f4   0x00000034   Code   RO         1205    !!!scatter          c_w.l(__scatter.o)
    0x08000128   0x08000128   0x0000001a   Code   RO         1207    !!handler_copy      c_w.l(__scatter_copy.o)
    0x08000142   0x08000142   0x00000002   PAD
    0x08000144   0x08000144   0x0000001c   Code   RO         1209    !!handler_zi        c_w.l(__scatter_zi.o)
    0x08000160   0x08000160   0x00000000   Code   RO          881    .ARM.Collect$$_printf_percent$$00000000  c_w.l(_printf_percent.o)
    0x08000160   0x08000160   0x00000006   Code   RO         1032    .ARM.Collect$$_printf_percent$$00000001  c_w.l(_printf_n.o)
    0x08000166   0x08000166   0x00000006   Code   RO         1033    .ARM.Collect$$_printf_percent$$00000002  c_w.l(_printf_p.o)
    0x0800016c   0x0800016c   0x00000006   Code   RO         1037    .ARM.Collect$$_printf_percent$$00000003  c_w.l(_printf_f.o)
    0x08000172   0x08000172   0x00000006   Code   RO         1038    .ARM.Collect$$_printf_percent$$00000004  c_w.l(_printf_e.o)
    0x08000178   0x08000178   0x00000006   Code   RO         1039    .ARM.Collect$$_printf_percent$$00000005  c_w.l(_printf_g.o)
    0x0800017e   0x0800017e   0x00000006   Code   RO         1040    .ARM.Collect$$_printf_percent$$00000006  c_w.l(_printf_a.o)
    0x08000184   0x08000184   0x0000000a   Code   RO         1044    .ARM.Collect$$_printf_percent$$00000007  c_w.l(_printf_ll.o)
    0x0800018e   0x0800018e   0x00000006   Code   RO         1035    .ARM.Collect$$_printf_percent$$00000008  c_w.l(_printf_i.o)
    0x08000194   0x08000194   0x00000006   Code   RO          880    .ARM.Collect$$_printf_percent$$00000009  c_w.l(_printf_d.o)
    0x0800019a   0x0800019a   0x00000006   Code   RO         1036    .ARM.Collect$$_printf_percent$$0000000A  c_w.l(_printf_u.o)
    0x080001a0   0x080001a0   0x00000006   Code   RO         1034    .ARM.Collect$$_printf_percent$$0000000B  c_w.l(_printf_o.o)
    0x080001a6   0x080001a6   0x00000006   Code   RO          879    .ARM.Collect$$_printf_percent$$0000000C  c_w.l(_printf_x.o)
    0x080001ac   0x080001ac   0x00000006   Code   RO         1041    .ARM.Collect$$_printf_percent$$0000000D  c_w.l(_printf_lli.o)
    0x080001b2   0x080001b2   0x00000006   Code   RO         1042    .ARM.Collect$$_printf_percent$$0000000E  c_w.l(_printf_lld.o)
    0x080001b8   0x080001b8   0x00000006   Code   RO         1043    .ARM.Collect$$_printf_percent$$0000000F  c_w.l(_printf_llu.o)
    0x080001be   0x080001be   0x00000006   Code   RO         1048    .ARM.Collect$$_printf_percent$$00000010  c_w.l(_printf_llo.o)
    0x080001c4   0x080001c4   0x00000006   Code   RO         1049    .ARM.Collect$$_printf_percent$$00000011  c_w.l(_printf_llx.o)
    0x080001ca   0x080001ca   0x0000000a   Code   RO         1045    .ARM.Collect$$_printf_percent$$00000012  c_w.l(_printf_l.o)
    0x080001d4   0x080001d4   0x00000006   Code   RO         1031    .ARM.Collect$$_printf_percent$$00000013  c_w.l(_printf_c.o)
    0x080001da   0x080001da   0x00000006   Code   RO          878    .ARM.Collect$$_printf_percent$$00000014  c_w.l(_printf_s.o)
    0x080001e0   0x080001e0   0x00000006   Code   RO         1046    .ARM.Collect$$_printf_percent$$00000015  c_w.l(_printf_lc.o)
    0x080001e6   0x080001e6   0x00000006   Code   RO         1047    .ARM.Collect$$_printf_percent$$00000016  c_w.l(_printf_ls.o)
    0x080001ec   0x080001ec   0x00000004   Code   RO          939    .ARM.Collect$$_printf_percent$$00000017  c_w.l(_printf_percent_end.o)
    0x080001f0   0x080001f0   0x00000002   Code   RO         1101    .ARM.Collect$$libinit$$00000000  c_w.l(libinit.o)
    0x080001f2   0x080001f2   0x00000000   Code   RO          947    .ARM.Collect$$libinit$$00000002  c_w.l(libinit2.o)
    0x080001f2   0x080001f2   0x00000000   Code   RO          949    .ARM.Collect$$libinit$$00000004  c_w.l(libinit2.o)
    0x080001f2   0x080001f2   0x00000008   Code   RO          950    .ARM.Collect$$libinit$$00000005  c_w.l(libinit2.o)
    0x080001fa   0x080001fa   0x00000000   Code   RO          952    .ARM.Collect$$libinit$$0000000A  c_w.l(libinit2.o)
    0x080001fa   0x080001fa   0x00000000   Code   RO          954    .ARM.Collect$$libinit$$0000000C  c_w.l(libinit2.o)
    0x080001fa   0x080001fa   0x00000000   Code   RO          956    .ARM.Collect$$libinit$$0000000E  c_w.l(libinit2.o)
    0x080001fa   0x080001fa   0x00000006   Code   RO          957    .ARM.Collect$$libinit$$0000000F  c_w.l(libinit2.o)
    0x08000200   0x08000200   0x00000000   Code   RO          959    .ARM.Collect$$libinit$$00000011  c_w.l(libinit2.o)
    0x08000200   0x08000200   0x0000000c   Code   RO          960    .ARM.Collect$$libinit$$00000012  c_w.l(libinit2.o)
    0x0800020c   0x0800020c   0x00000000   Code   RO          961    .ARM.Collect$$libinit$$00000013  c_w.l(libinit2.o)
    0x0800020c   0x0800020c   0x00000000   Code   RO          963    .ARM.Collect$$libinit$$00000015  c_w.l(libinit2.o)
    0x0800020c   0x0800020c   0x0000000a   Code   RO          964    .ARM.Collect$$libinit$$00000016  c_w.l(libinit2.o)
    0x08000216   0x08000216   0x00000000   Code   RO          965    .ARM.Collect$$libinit$$00000017  c_w.l(libinit2.o)
    0x08000216   0x08000216   0x00000000   Code   RO          967    .ARM.Collect$$libinit$$00000019  c_w.l(libinit2.o)
    0x08000216   0x08000216   0x00000000   Code   RO          969    .ARM.Collect$$libinit$$0000001B  c_w.l(libinit2.o)
    0x08000216   0x08000216   0x00000000   Code   RO          971    .ARM.Collect$$libinit$$0000001D  c_w.l(libinit2.o)
    0x08000216   0x08000216   0x00000000   Code   RO          973    .ARM.Collect$$libinit$$0000001F  c_w.l(libinit2.o)
    0x08000216   0x08000216   0x00000000   Code   RO          975    .ARM.Collect$$libinit$$00000021  c_w.l(libinit2.o)
    0x08000216   0x08000216   0x00000000   Code   RO          977    .ARM.Collect$$libinit$$00000023  c_w.l(libinit2.o)
    0x08000216   0x08000216   0x00000000   Code   RO          979    .ARM.Collect$$libinit$$00000025  c_w.l(libinit2.o)
    0x08000216   0x08000216   0x00000000   Code   RO          983    .ARM.Collect$$libinit$$0000002C  c_w.l(libinit2.o)
    0x08000216   0x08000216   0x00000000   Code   RO          985    .ARM.Collect$$libinit$$0000002E  c_w.l(libinit2.o)
    0x08000216   0x08000216   0x00000000   Code   RO          987    .ARM.Collect$$libinit$$00000030  c_w.l(libinit2.o)
    0x08000216   0x08000216   0x00000000   Code   RO          989    .ARM.Collect$$libinit$$00000032  c_w.l(libinit2.o)
    0x08000216   0x08000216   0x00000002   Code   RO          990    .ARM.Collect$$libinit$$00000033  c_w.l(libinit2.o)
    0x08000218   0x08000218   0x00000002   Code   RO         1202    .ARM.Collect$$libshutdown$$00000000  c_w.l(libshutdown.o)
    0x0800021a   0x0800021a   0x00000000   Code   RO         1150    .ARM.Collect$$libshutdown$$00000002  c_w.l(libshutdown2.o)
    0x0800021a   0x0800021a   0x00000000   Code   RO         1152    .ARM.Collect$$libshutdown$$00000004  c_w.l(libshutdown2.o)
    0x0800021a   0x0800021a   0x00000000   Code   RO         1155    .ARM.Collect$$libshutdown$$00000007  c_w.l(libshutdown2.o)
    0x0800021a   0x0800021a   0x00000000   Code   RO         1158    .ARM.Collect$$libshutdown$$0000000A  c_w.l(libshutdown2.o)
    0x0800021a   0x0800021a   0x00000000   Code   RO         1160    .ARM.Collect$$libshutdown$$0000000C  c_w.l(libshutdown2.o)
    0x0800021a   0x0800021a   0x00000000   Code   RO         1163    .ARM.Collect$$libshutdown$$0000000F  c_w.l(libshutdown2.o)
    0x0800021a   0x0800021a   0x00000002   Code   RO         1164    .ARM.Collect$$libshutdown$$00000010  c_w.l(libshutdown2.o)
    0x0800021c   0x0800021c   0x00000000   Code   RO          899    .ARM.Collect$$rtentry$$00000000  c_w.l(__rtentry.o)
    0x0800021c   0x0800021c   0x00000000   Code   RO          992    .ARM.Collect$$rtentry$$00000002  c_w.l(__rtentry2.o)
    0x0800021c   0x0800021c   0x00000006   Code   RO         1004    .ARM.Collect$$rtentry$$00000004  c_w.l(__rtentry4.o)
    0x08000222   0x08000222   0x00000000   Code   RO          994    .ARM.Collect$$rtentry$$00000009  c_w.l(__rtentry2.o)
    0x08000222   0x08000222   0x00000004   Code   RO          995    .ARM.Collect$$rtentry$$0000000A  c_w.l(__rtentry2.o)
    0x08000226   0x08000226   0x00000000   Code   RO          997    .ARM.Collect$$rtentry$$0000000C  c_w.l(__rtentry2.o)
    0x08000226   0x08000226   0x00000008   Code   RO          998    .ARM.Collect$$rtentry$$0000000D  c_w.l(__rtentry2.o)
    0x0800022e   0x0800022e   0x00000002   Code   RO         1102    .ARM.Collect$$rtexit$$00000000  c_w.l(rtexit.o)
    0x08000230   0x08000230   0x00000000   Code   RO         1171    .ARM.Collect$$rtexit$$00000002  c_w.l(rtexit2.o)
    0x08000230   0x08000230   0x00000004   Code   RO         1172    .ARM.Collect$$rtexit$$00000003  c_w.l(rtexit2.o)
    0x08000234   0x08000234   0x00000006   Code   RO         1173    .ARM.Collect$$rtexit$$00000004  c_w.l(rtexit2.o)
    0x0800023a   0x0800023a   0x00000002   PAD
    0x0800023c   0x0800023c   0x00000000   Code   RO         1008    .emb_text           c_w.l(maybetermalloc1.o)
    0x0800023c   0x0800023c   0x00000040   Code   RO          506    .text               startup_stm32f10x_md.o
    0x0800027c   0x0800027c   0x00000008   Code   RO          757    .text               c_w.l(rt_errno_addr_intlibspace.o)
    0x08000284   0x08000284   0x0000005e   Code   RO          763    .text               c_w.l(h1_alloc.o)
    0x080002e2   0x080002e2   0x0000004e   Code   RO          765    .text               c_w.l(h1_free.o)
    0x08000330   0x08000330   0x00000018   Code   RO          821    .text               c_w.l(__2printf.o)
    0x08000348   0x08000348   0x0000004e   Code   RO          831    .text               c_w.l(_printf_pad.o)
    0x08000396   0x08000396   0x00000052   Code   RO          833    .text               c_w.l(_printf_str.o)
    0x080003e8   0x080003e8   0x00000078   Code   RO          835    .text               c_w.l(_printf_dec.o)
    0x08000460   0x08000460   0x00000094   Code   RO          855    .text               c_w.l(_printf_hex_int_ll_ptr.o)
    0x080004f4   0x080004f4   0x00000188   Code   RO          875    .text               c_w.l(__printf_flags_ss_wp.o)
    0x0800067c   0x0800067c   0x0000003c   Code   RO          882    .text               c_w.l(perror.o)
    0x080006b8   0x080006b8   0x00000048   Code   RO          886    .text               c_w.l(strcpy.o)
    0x08000700   0x08000700   0x00000006   Code   RO          890    .text               c_w.l(heapauxi.o)
    0x08000706   0x08000706   0x00000002   PAD
    0x08000708   0x08000708   0x00000008   Code   RO          894    .text               c_w.l(libspace.o)
    0x08000710   0x08000710   0x00000008   Code   RO          903    .text               c_w.l(rt_heap_descriptor_intlibspace.o)
    0x08000718   0x08000718   0x00000004   Code   RO          905    .text               c_w.l(hguard.o)
    0x0800071c   0x0800071c   0x0000008a   Code   RO          907    .text               c_w.l(init_alloc.o)
    0x080007a6   0x080007a6   0x0000000e   Code   RO          911    .text               c_w.l(h1_init.o)
    0x080007b4   0x080007b4   0x00000014   Code   RO          925    .text               c_w.l(fprintf.o)
    0x080007c8   0x080007c8   0x000000b2   Code   RO          927    .text               c_w.l(_printf_intcommon.o)
    0x0800087a   0x0800087a   0x00000002   PAD
    0x0800087c   0x0800087c   0x00000030   Code   RO          929    .text               c_w.l(_printf_char_common.o)
    0x080008ac   0x080008ac   0x0000002c   Code   RO          935    .text               c_w.l(_printf_char.o)
    0x080008d8   0x080008d8   0x00000024   Code   RO          937    .text               c_w.l(_printf_char_file.o)
    0x080008fc   0x080008fc   0x00000108   Code   RO          940    .text               c_w.l(strerror.o)
    0x08000a04   0x08000a04   0x00000034   Code   RO         1010    .text               c_w.l(h1_extend.o)
    0x08000a38   0x08000a38   0x00000024   Code   RO         1014    .text               c_w.l(_printf_truncate.o)
    0x08000a5c   0x08000a5c   0x00000028   Code   RO         1016    .text               c_w.l(_printf_charcount.o)
    0x08000a84   0x08000a84   0x000000bc   Code   RO         1020    .text               c_w.l(_printf_wctomb.o)
    0x08000b40   0x08000b40   0x0000007c   Code   RO         1023    .text               c_w.l(_printf_longlong_dec.o)
    0x08000bbc   0x08000bbc   0x00000070   Code   RO         1029    .text               c_w.l(_printf_oct_int_ll.o)
    0x08000c2c   0x08000c2c   0x0000000e   Code   RO         1050    .text               c_w.l(defsig_rtmem_outer.o)
    0x08000c3a   0x08000c3a   0x0000004a   Code   RO         1069    .text               c_w.l(sys_stackheap_outer.o)
    0x08000c84   0x08000c84   0x0000008a   Code   RO         1075    .text               c_w.l(lludiv10.o)
    0x08000d0e   0x08000d0e   0x0000041e   Code   RO         1077    .text               c_w.l(_printf_fp_dec.o)
    0x0800112c   0x0800112c   0x000002fc   Code   RO         1079    .text               c_w.l(_printf_fp_hex.o)
    0x08001428   0x08001428   0x0000002c   Code   RO         1082    .text               c_w.l(_printf_wchar.o)
    0x08001454   0x08001454   0x00000040   Code   RO         1084    .text               c_w.l(_wcrtomb.o)
    0x08001494   0x08001494   0x00000012   Code   RO         1086    .text               c_w.l(exit.o)
    0x080014a6   0x080014a6   0x0000000a   Code   RO         1088    .text               c_w.l(defsig_exit.o)
    0x080014b0   0x080014b0   0x00000050   Code   RO         1090    .text               c_w.l(defsig_rtmem_inner.o)
    0x08001500   0x08001500   0x00000010   Code   RO         1104    .text               c_w.l(rt_ctype_table.o)
    0x08001510   0x08001510   0x00000008   Code   RO         1109    .text               c_w.l(rt_locale_intlibspace.o)
    0x08001518   0x08001518   0x00000080   Code   RO         1115    .text               c_w.l(_printf_fp_infnan.o)
    0x08001598   0x08001598   0x000000e4   Code   RO         1117    .text               c_w.l(bigflt0.o)
    0x0800167c   0x0800167c   0x00000032   Code   RO         1147    .text               c_w.l(defsig_general.o)
    0x080016ae   0x080016ae   0x00000002   PAD
    0x080016b0   0x080016b0   0x00000080   Code   RO         1182    .text               c_w.l(strcmpv7m.o)
    0x08001730   0x08001730   0x0000003e   Code   RO         1120    CL$$btod_d2e        c_w.l(btod.o)
    0x0800176e   0x0800176e   0x00000046   Code   RO         1122    CL$$btod_d2e_denorm_low  c_w.l(btod.o)
    0x080017b4   0x080017b4   0x00000060   Code   RO         1121    CL$$btod_d2e_norm_op1  c_w.l(btod.o)
    0x08001814   0x08001814   0x00000338   Code   RO         1130    CL$$btod_div_common  c_w.l(btod.o)
    0x08001b4c   0x08001b4c   0x000000dc   Code   RO         1127    CL$$btod_e2e        c_w.l(btod.o)
    0x08001c28   0x08001c28   0x0000002a   Code   RO         1124    CL$$btod_ediv       c_w.l(btod.o)
    0x08001c52   0x08001c52   0x0000002a   Code   RO         1123    CL$$btod_emul       c_w.l(btod.o)
    0x08001c7c   0x08001c7c   0x00000244   Code   RO         1129    CL$$btod_mult_common  c_w.l(btod.o)
    0x08001ec0   0x08001ec0   0x0000004c   Code   RO          691    i.AddPkt            linkedlist.o
    0x08001f0c   0x08001f0c   0x000000c0   Code   RO          692    i.AddStudent        linkedlist.o
    0x08001fcc   0x08001fcc   0x000000c4   Code   RO          694    i.DelStudent        linkedlist.o
    0x08002090   0x08002090   0x00000018   Code   RO          401    i.Delay             ti_lib.o
    0x080020a8   0x080020a8   0x00000028   Code   RO          623    i.Init_IO           sim_board_io.o
    0x080020d0   0x080020d0   0x00000050   Code   RO          624    i.Init_SPI          sim_board_io.o
    0x08002120   0x08002120   0x0000006c   Code   RO          625    i.Init_System_Clock  sim_board_io.o
    0x0800218c   0x0800218c   0x0000001e   Code   RO          402    i.Init_TI_Board     ti_lib.o
    0x080021aa   0x080021aa   0x00000002   PAD
    0x080021ac   0x080021ac   0x00000058   Code   RO          695    i.PrintStudents     linkedlist.o
    0x08002204   0x08002204   0x00000098   Code   RO          514    i.SER_Init          serial.o
    0x0800229c   0x0800229c   0x00000020   Code   RO          515    i.SER_PutChar       serial.o
    0x080022bc   0x080022bc   0x00000008   Code   RO          456    i.SetSysClock       system_stm32f10x.o
    0x080022c4   0x080022c4   0x000000e0   Code   RO          457    i.SetSysClockTo72   system_stm32f10x.o
    0x080023a4   0x080023a4   0x00000008   Code   RO          403    i.SysTick_Handler   ti_lib.o
    0x080023ac   0x080023ac   0x000000a4   Code   RO          458    i.SystemCoreClockUpdate  system_stm32f10x.o
    0x08002450   0x08002450   0x00000060   Code   RO          459    i.SystemInit        system_stm32f10x.o
    0x080024b0   0x080024b0   0x00000014   Code   RO           63    i.TFT_Init          tft.o
    0x080024c4   0x080024c4   0x0000000a   Code   RO           74    i.TFT_cls           tft.o
    0x080024ce   0x080024ce   0x0000001e   Code   RO           87    i.TFT_putc          tft.o
    0x080024ec   0x080024ec   0x000000f0   Code   RO           90    i.TFT_send_data     tft.o
    0x080025dc   0x080025dc   0x0000001e   Code   RO          100    i.TFT_terminal_on   tft.o
    0x080025fa   0x080025fa   0x00000048   Code   RO          107    i.TFT_touch_key_feedback  tft.o
    0x08002642   0x08002642   0x00000002   PAD
    0x08002644   0x08002644   0x00000024   Code   RO          404    i.TimingDelay_Decrement  ti_lib.o
    0x08002668   0x08002668   0x00000028   Code   RO         1168    i.__ARM_fpclassify  m_ws.l(fpclassify.o)
    0x08002690   0x08002690   0x0000000e   Code   RO          868    i._is_digit         c_w.l(__printf_wp.o)
    0x0800269e   0x0800269e   0x00000004   Code   RO          552    i._sys_exit         retarget.o
    0x080026a2   0x080026a2   0x0000000c   Code   RO          553    i._ttywrch          retarget.o
    0x080026ae   0x080026ae   0x00000002   PAD
    0x080026b0   0x080026b0   0x00000040   Code   RO          696    i.delUnder100       linkedlist.o
    0x080026f0   0x080026f0   0x00000008   Code   RO          554    i.ferror            retarget.o
    0x080026f8   0x080026f8   0x00000018   Code   RO          556    i.fputc             retarget.o
    0x08002710   0x08002710   0x00000224   Code   RO          662    i.main              main.o
    0x08002934   0x08002934   0x00000074   Code   RO          697    i.setzeBew          linkedlist.o
    0x080029a8   0x080029a8   0x0000002c   Code   RO         1143    locale$$code        c_w.l(lc_numeric_c.o)
    0x080029d4   0x080029d4   0x0000002c   Code   RO         1178    locale$$code        c_w.l(lc_ctype_c.o)
    0x08002a00   0x08002a00   0x00000004   Code   RO         1061    x$fpl$printf1       fz_ws.l(printf1.o)
    0x08002a04   0x08002a04   0x00000004   Code   RO         1063    x$fpl$printf2       fz_ws.l(printf2.o)
    0x08002a08   0x08002a08   0x00000000   Code   RO         1167    x$fpl$usenofp       fz_ws.l(usenofp.o)
    0x08002a08   0x08002a08   0x0000000c   Data   RO          663    .constdata          main.o
    0x08002a14   0x08002a14   0x00000028   Data   RO          856    .constdata          c_w.l(_printf_hex_int_ll_ptr.o)
    0x08002a3c   0x08002a3c   0x00000011   Data   RO          876    .constdata          c_w.l(__printf_flags_ss_wp.o)
    0x08002a4d   0x08002a4d   0x00000003   PAD
    0x08002a50   0x08002a50   0x00000008   Data   RO         1021    .constdata          c_w.l(_printf_wctomb.o)
    0x08002a58   0x08002a58   0x00000026   Data   RO         1080    .constdata          c_w.l(_printf_fp_hex.o)
    0x08002a7e   0x08002a7e   0x00000002   PAD
    0x08002a80   0x08002a80   0x00000094   Data   RO         1118    .constdata          c_w.l(bigflt0.o)
    0x08002b14   0x08002b14   0x0000001e   Data   RO          664    .conststring        main.o
    0x08002b32   0x08002b32   0x00000002   PAD
    0x08002b34   0x08002b34   0x00000056   Data   RO          698    .conststring        linkedlist.o
    0x08002b8a   0x08002b8a   0x00000002   PAD
    0x08002b8c   0x08002b8c   0x00000020   Data   RO         1203    Region$$Table       anon$$obj.o
    0x08002bac   0x08002bac   0x0000001c   Data   RO         1142    locale$$data        c_w.l(lc_numeric_c.o)
    0x08002bc8   0x08002bc8   0x00000110   Data   RO         1177    locale$$data        c_w.l(lc_ctype_c.o)


    Execution Region RW_IRAM1 (Exec base: 0x20000000, Load base: 0x08002cd8, Size: 0x00009090, Max: 0x0000c000, ABSOLUTE)

    Exec Addr    Load Addr    Size         Type   Attr      Idx    E Section Name        Object

    0x20000000   0x08002cd8   0x00000008   Data   RW          406    .data               ti_lib.o
    0x20000008   0x08002ce0   0x00000014   Data   RW          460    .data               system_stm32f10x.o
    0x2000001c   0x08002cf4   0x0000000c   Data   RW          557    .data               retarget.o
    0x20000028   0x08002d00   0x00000004   Data   RW          699    .data               linkedlist.o
    0x2000002c        -       0x00000060   Zero   RW          895    .bss                c_w.l(libspace.o)
    0x2000008c   0x08002d04   0x00000004   PAD
    0x20000090        -       0x00008000   Zero   RW          504    HEAP                startup_stm32f10x_md.o
    0x20008090        -       0x00001000   Zero   RW          503    STACK               startup_stm32f10x_md.o


==============================================================================

Image component sizes


      Code (inc. data)   RO Data    RW Data    ZI Data      Debug   Object Name

         0          0          0          0          0       4508   assert.o
       732        264         86          4          0       3587   linkedlist.o
       548        152         42          0          0       1103   main.o
        48          0          0         12          0       3702   retarget.o
       184         24          0          0          0        957   serial.o
       228         42          0          0          0      23556   sim_board_io.o
        64         26        236          0      36864        800   startup_stm32f10x_md.o
       492         50          0         20          0     206549   system_stm32f10x.o
       402         10          0          0          0       3303   tft.o
        98         12          0          8          0       2254   ti_lib.o

    ----------------------------------------------------------------------
      2802        580        400         44      36864     250319   Object Totals
         0          0         32          0          0          0   (incl. Generated)
         6          0          4          0          0          0   (incl. Padding)

    ----------------------------------------------------------------------

      Code (inc. data)   RO Data    RW Data    ZI Data      Debug   Library Member Name

        24          4          0          0          0         84   __2printf.o
         8          0          0          0          0         68   __main.o
       392          4         17          0          0         92   __printf_flags_ss_wp.o
        14          0          0          0          0         68   __printf_wp.o
         0          0          0          0          0          0   __rtentry.o
        12          0          0          0          0          0   __rtentry2.o
         6          0          0          0          0          0   __rtentry4.o
        52          8          0          0          0          0   __scatter.o
        26          0          0          0          0          0   __scatter_copy.o
        28          0          0          0          0          0   __scatter_zi.o
         6          0          0          0          0          0   _printf_a.o
         6          0          0          0          0          0   _printf_c.o
        44          0          0          0          0        108   _printf_char.o
        48          6          0          0          0         96   _printf_char_common.o
        36          4          0          0          0         80   _printf_char_file.o
        40          0          0          0          0         68   _printf_charcount.o
         6          0          0          0          0          0   _printf_d.o
       120         16          0          0          0         92   _printf_dec.o
         6          0          0          0          0          0   _printf_e.o
         6          0          0          0          0          0   _printf_f.o
      1054          0          0          0          0        216   _printf_fp_dec.o
       764          8         38          0          0        100   _printf_fp_hex.o
       128         16          0          0          0         84   _printf_fp_infnan.o
         6          0          0          0          0          0   _printf_g.o
       148          4         40          0          0        160   _printf_hex_int_ll_ptr.o
         6          0          0          0          0          0   _printf_i.o
       178          0          0          0          0         88   _printf_intcommon.o
        10          0          0          0          0          0   _printf_l.o
         6          0          0          0          0          0   _printf_lc.o
        10          0          0          0          0          0   _printf_ll.o
         6          0          0          0          0          0   _printf_lld.o
         6          0          0          0          0          0   _printf_lli.o
         6          0          0          0          0          0   _printf_llo.o
         6          0          0          0          0          0   _printf_llu.o
         6          0          0          0          0          0   _printf_llx.o
       124         16          0          0          0         92   _printf_longlong_dec.o
         6          0          0          0          0          0   _printf_ls.o
         6          0          0          0          0          0   _printf_n.o
         6          0          0          0          0          0   _printf_o.o
       112         10          0          0          0        124   _printf_oct_int_ll.o
         6          0          0          0          0          0   _printf_p.o
        78          0          0          0          0        108   _printf_pad.o
         0          0          0          0          0          0   _printf_percent.o
         4          0          0          0          0          0   _printf_percent_end.o
         6          0          0          0          0          0   _printf_s.o
        82          0          0          0          0         80   _printf_str.o
        36          0          0          0          0         84   _printf_truncate.o
         6          0          0          0          0          0   _printf_u.o
        44          0          0          0          0        108   _printf_wchar.o
       188          6          8          0          0         92   _printf_wctomb.o
         6          0          0          0          0          0   _printf_x.o
        64          0          0          0          0         92   _wcrtomb.o
       228          4        148          0          0         96   bigflt0.o
      1936        128          0          0          0        672   btod.o
        10          0          0          0          0         68   defsig_exit.o
        50          0          0          0          0         88   defsig_general.o
        80         58          0          0          0         76   defsig_rtmem_inner.o
        14          0          0          0          0         80   defsig_rtmem_outer.o
        18          0          0          0          0         80   exit.o
        20          0          0          0          0         84   fprintf.o
        94          0          0          0          0         80   h1_alloc.o
        52          0          0          0          0         68   h1_extend.o
        78          0          0          0          0         80   h1_free.o
        14          0          0          0          0         84   h1_init.o
         6          0          0          0          0        152   heapauxi.o
         4          0          0          0          0        136   hguard.o
       138          0          0          0          0        168   init_alloc.o
        44         10        272          0          0         76   lc_ctype_c.o
        44         10         28          0          0         76   lc_numeric_c.o
         2          0          0          0          0          0   libinit.o
        38          0          0          0          0          0   libinit2.o
         2          0          0          0          0          0   libshutdown.o
         2          0          0          0          0          0   libshutdown2.o
         8          4          0          0         96         68   libspace.o
       138          0          0          0          0         80   lludiv10.o
         0          0          0          0          0          0   maybetermalloc1.o
        60         18          0          0          0         80   perror.o
        16          4          0          0          0         76   rt_ctype_table.o
         8          4          0          0          0         68   rt_errno_addr_intlibspace.o
         8          4          0          0          0         68   rt_heap_descriptor_intlibspace.o
         8          4          0          0          0         68   rt_locale_intlibspace.o
         2          0          0          0          0          0   rtexit.o
        10          0          0          0          0          0   rtexit2.o
       128          0          0          0          0         68   strcmpv7m.o
        72          0          0          0          0         80   strcpy.o
       264        228          0          0          0         68   strerror.o
        74          0          0          0          0         80   sys_stackheap_outer.o
         4          0          0          0          0         68   printf1.o
         4          0          0          0          0         68   printf2.o
         0          0          0          0          0          0   usenofp.o
        40          0          0          0          0         68   fpclassify.o

    ----------------------------------------------------------------------
      7722        578        556          0        100       5356   Library Totals
        10          0          5          0          4          0   (incl. Padding)

    ----------------------------------------------------------------------

      Code (inc. data)   RO Data    RW Data    ZI Data      Debug   Library Name

      7664        578        551          0         96       5152   c_w.l
         8          0          0          0          0        136   fz_ws.l
        40          0          0          0          0         68   m_ws.l

    ----------------------------------------------------------------------
      7722        578        556          0        100       5356   Library Totals

    ----------------------------------------------------------------------

==============================================================================


      Code (inc. data)   RO Data    RW Data    ZI Data      Debug   

     10524       1158        956         44      36964     251355   Grand Totals
     10524       1158        956         44      36964     251355   ELF Image Totals
     10524       1158        956         44          0          0   ROM Totals

==============================================================================

    Total RO  Size (Code + RO Data)                11480 (  11.21kB)
    Total RW  Size (RW Data + ZI Data)             37008 (  36.14kB)
    Total ROM Size (Code + RO Data + RW Data)      11524 (  11.25kB)

==============================================================================

