Component: ARM Compiler 5.06 update 5 (build 528) Tool: armlink [4d35e2]

==============================================================================

Section Cross References

    keypad.o(i.Clear_Line) refers to tft.o(i.TFT_set_window) for TFT_set_window
    keypad.o(i.Clear_Line) refers to tft.o(i.TFT_cls) for TFT_cls
    keypad.o(i.Display_value) refers to _printf_percent.o(.ARM.Collect$$_printf_percent$$00000000) for _printf_percent
    keypad.o(i.Display_value) refers to _printf_d.o(.ARM.Collect$$_printf_percent$$00000009) for _printf_d
    keypad.o(i.Display_value) refers to _printf_dec.o(.text) for _printf_int_dec
    keypad.o(i.Display_value) refers to tft.o(i.TFT_set_window) for TFT_set_window
    keypad.o(i.Display_value) refers to noretval__2snprintf.o(.text) for __2snprintf
    keypad.o(i.Display_value) refers to tft.o(i.TFT_cls) for TFT_cls
    keypad.o(i.Display_value) refers to tft.o(i.TFT_putc) for TFT_putc
    keypad.o(i.Get_Touch_Pad_Input) refers to _printf_pad.o(.text) for _printf_pre_padding
    keypad.o(i.Get_Touch_Pad_Input) refers to _printf_percent.o(.ARM.Collect$$_printf_percent$$00000000) for _printf_percent
    keypad.o(i.Get_Touch_Pad_Input) refers to _printf_x.o(.ARM.Collect$$_printf_percent$$0000000C) for _printf_x
    keypad.o(i.Get_Touch_Pad_Input) refers to _printf_hex_int.o(.text) for _printf_longlong_hex
    keypad.o(i.Get_Touch_Pad_Input) refers to tft.o(i.TFT_get_data) for TFT_get_data
    keypad.o(i.Get_Touch_Pad_Input) refers to noretval__2printf.o(.text) for __2printf
    keypad.o(i.Make_Touch_Pad) refers to tft.o(i.TFT_Init) for TFT_Init
    keypad.o(i.Make_Touch_Pad) refers to tft.o(i.TFT_cursor_off) for TFT_cursor_off
    keypad.o(i.Make_Touch_Pad) refers to tft.o(i.TFT_graphic_cls) for TFT_graphic_cls
    keypad.o(i.Make_Touch_Pad) refers to tft.o(i.TFT_touch_area_clear) for TFT_touch_area_clear
    keypad.o(i.Make_Touch_Pad) refers to tft.o(i.TFT_set_font_color) for TFT_set_font_color
    keypad.o(i.Make_Touch_Pad) refers to tft.o(i.TFT_set_window) for TFT_set_window
    keypad.o(i.Make_Touch_Pad) refers to tft.o(i.TFT_terminal_on) for TFT_terminal_on
    keypad.o(i.Make_Touch_Pad) refers to tft.o(i.TFT_touch_area_font_color) for TFT_touch_area_font_color
    keypad.o(i.Make_Touch_Pad) refers to tft.o(i.TFT_touch_area_font) for TFT_touch_area_font
    keypad.o(i.Make_Touch_Pad) refers to tft.o(i.TFT_touch_area_frame) for TFT_touch_area_frame
    keypad.o(i.Make_Touch_Pad) refers to tft.o(i.TFT_touch_area_color) for TFT_touch_area_color
    keypad.o(i.Make_Touch_Pad) refers to tft.o(i.TFT_touch_area) for TFT_touch_area
    tft.o(i.TFT_Init) refers to tft.o(i.TFT_terminal_on) for TFT_terminal_on
    tft.o(i.TFT_Init) refers to tft.o(i.TFT_cls) for TFT_cls
    tft.o(i.TFT_Init) refers to tft.o(i.TFT_touch_key_feedback) for TFT_touch_key_feedback
    tft.o(i.TFT_bargraph_color) refers to tft.o(i.TFT_send_data) for TFT_send_data
    tft.o(i.TFT_bargraph_define) refers to tft.o(i.TFT_send_data) for TFT_send_data
    tft.o(i.TFT_bargraph_fill_pattern) refers to tft.o(i.TFT_send_data) for TFT_send_data
    tft.o(i.TFT_bargraph_frame) refers to tft.o(i.TFT_send_data) for TFT_send_data
    tft.o(i.TFT_bargraph_value) refers to tft.o(i.TFT_send_data) for TFT_send_data
    tft.o(i.TFT_bigString) refers to tft.o(i.TFT_set_font) for TFT_set_font
    tft.o(i.TFT_bigString) refers to tft.o(i.TFT_send_data) for TFT_send_data
    tft.o(i.TFT_bigText) refers to tft.o(i.TFT_set_font) for TFT_set_font
    tft.o(i.TFT_bigText) refers to tft.o(i.TFT_send_data) for TFT_send_data
    tft.o(i.TFT_buzzer_off) refers to tft.o(i.TFT_send_data) for TFT_send_data
    tft.o(i.TFT_buzzer_on) refers to tft.o(i.TFT_send_data) for TFT_send_data
    tft.o(i.TFT_carriage_return) refers to tft.o(i.TFT_putc) for TFT_putc
    tft.o(i.TFT_cls) refers to tft.o(i.TFT_putc) for TFT_putc
    tft.o(i.TFT_cursor_off) refers to tft.o(i.TFT_send_data) for TFT_send_data
    tft.o(i.TFT_cursor_on) refers to tft.o(i.TFT_send_data) for TFT_send_data
    tft.o(i.TFT_draw_line) refers to tft.o(i.TFT_send_data) for TFT_send_data
    tft.o(i.TFT_draw_rectangle) refers to tft.o(i.TFT_send_data) for TFT_send_data
    tft.o(i.TFT_gotoxy) refers to tft.o(i.TFT_send_data) for TFT_send_data
    tft.o(i.TFT_graphic_cls) refers to tft.o(i.TFT_send_data) for TFT_send_data
    tft.o(i.TFT_graphic_puts) refers to tft.o(i.TFT_send_data) for TFT_send_data
    tft.o(i.TFT_graphic_puts_area) refers to tft.o(i.TFT_send_data) for TFT_send_data
    tft.o(i.TFT_graphic_set_point) refers to tft.o(i.TFT_send_data) for TFT_send_data
    tft.o(i.TFT_line_color) refers to tft.o(i.TFT_send_data) for TFT_send_data
    tft.o(i.TFT_newline) refers to tft.o(i.TFT_putc) for TFT_putc
    tft.o(i.TFT_putc) refers to tft.o(i.TFT_send_data) for TFT_send_data
    tft.o(i.TFT_puts) refers to strlen.o(.text) for strlen
    tft.o(i.TFT_puts) refers to tft.o(i.TFT_send_data) for TFT_send_data
[...]
    libinit.o(.ARM.Collect$$libinit$$00000000) refers (Special) to libinit2.o(.ARM.Collect$$libinit$$0000000E) for __rt_lib_init_rand_1
    libinit.o(.ARM.Collect$$libinit$$00000000) refers (Special) to libinit2.o(.ARM.Collect$$libinit$$00000033) for __rt_lib_init_return
    libinit.o(.ARM.Collect$$libinit$$00000000) refers (Special) to libinit2.o(.ARM.Collect$$libinit$$0000001D) for __rt_lib_init_signal_1
    libinit.o(.ARM.Collect$$libinit$$00000000) refers (Special) to libinit2.o(.ARM.Collect$$libinit$$00000025) for __rt_lib_init_stdio_1
    libinit.o(.ARM.Collect$$libinit$$00000000) refers (Special) to libinit2.o(.ARM.Collect$$libinit$$0000000C) for __rt_lib_init_user_alloc_1
    libspace.o(.text) refers to libspace.o(.bss) for __libspace_start
    rtexit.o(.ARM.Collect$$rtexit$$00000000) refers (Special) to rtexit2.o(.ARM.Collect$$rtexit$$00000004) for __rt_exit_exit
    rtexit.o(.ARM.Collect$$rtexit$$00000000) refers (Special) to rtexit2.o(.ARM.Collect$$rtexit$$00000003) for __rt_exit_ls
    rtexit.o(.ARM.Collect$$rtexit$$00000000) refers (Special) to rtexit2.o(.ARM.Collect$$rtexit$$00000002) for __rt_exit_prels_1
    rtexit.o(.ARM.exidx) refers (Special) to rtexit2.o(.ARM.Collect$$rtexit$$00000004) for __rt_exit_exit
    rtexit.o(.ARM.exidx) refers (Special) to rtexit2.o(.ARM.Collect$$rtexit$$00000003) for __rt_exit_ls
    rtexit.o(.ARM.exidx) refers (Special) to rtexit2.o(.ARM.Collect$$rtexit$$00000002) for __rt_exit_prels_1
    rtexit.o(.ARM.exidx) refers to rtexit.o(.ARM.Collect$$rtexit$$00000000) for .ARM.Collect$$rtexit$$00000000
    libinit2.o(.ARM.Collect$$libinit$$00000001) refers to fpinit.o(x$fpl$fpinit) for _fp_init
    libinit2.o(.ARM.Collect$$libinit$$00000010) refers to libinit2.o(.ARM.Collect$$libinit$$0000000F) for .ARM.Collect$$libinit$$0000000F
    libinit2.o(.ARM.Collect$$libinit$$00000012) refers to libinit2.o(.ARM.Collect$$libinit$$0000000F) for .ARM.Collect$$libinit$$0000000F
    libinit2.o(.ARM.Collect$$libinit$$00000014) refers to libinit2.o(.ARM.Collect$$libinit$$0000000F) for .ARM.Collect$$libinit$$0000000F
    libinit2.o(.ARM.Collect$$libinit$$00000016) refers to libinit2.o(.ARM.Collect$$libinit$$0000000F) for .ARM.Collect$$libinit$$0000000F
    libinit2.o(.ARM.Collect$$libinit$$00000018) refers to libinit2.o(.ARM.Collect$$libinit$$0000000F) for .ARM.Collect$$libinit$$0000000F
    libinit2.o(.ARM.Collect$$libinit$$00000026) refers to argv_veneer.o(.emb_text) for __ARM_argv_veneer
    libinit2.o(.ARM.Collect$$libinit$$00000027) refers to argv_veneer.o(.emb_text) for __ARM_argv_veneer
    rtexit2.o(.ARM.Collect$$rtexit$$00000003) refers to libshutdown.o(.ARM.Collect$$libshutdown$$00000000) for __rt_lib_shutdown
    rtexit2.o(.ARM.Collect$$rtexit$$00000004) refers to retarget.o(i._sys_exit) for _sys_exit
    rtexit2.o(.ARM.exidx) refers to rtexit2.o(.ARM.Collect$$rtexit$$00000001) for .ARM.Collect$$rtexit$$00000001
    rtexit2.o(.ARM.exidx) refers to rtexit2.o(.ARM.Collect$$rtexit$$00000003) for .ARM.Collect$$rtexit$$00000003
    rtexit2.o(.ARM.exidx) refers to rtexit2.o(.ARM.Collect$$rtexit$$00000004) for .ARM.Collect$$rtexit$$00000004
    argv_veneer.o(.emb_text) refers to no_argv.o(.text) for __ARM_get_argv
    _get_argv_nomalloc.o(.text) refers (Special) to hrguard.o(.text) for __heap_region$guard
    _get_argv_nomalloc.o(.text) refers to defsig_rtmem_outer.o(.text) for __rt_SIGRTMEM
    _get_argv_nomalloc.o(.text) refers to retarget.o(i._sys_command_string) for _sys_command_string
    libshutdown.o(.ARM.Collect$$libshutdown$$00000000) refers (Special) to libshutdown2.o(.ARM.Collect$$libshutdown$$00000002) for __rt_lib_shutdown_cpp_1
    libshutdown.o(.ARM.Collect$$libshutdown$$00000000) refers (Special) to libshutdown2.o(.ARM.Collect$$libshutdown$$00000007) for __rt_lib_shutdown_fp_trap_1
    libshutdown.o(.ARM.Collect$$libshutdown$$00000000) refers (Special) to libshutdown2.o(.ARM.Collect$$libshutdown$$0000000F) for __rt_lib_shutdown_heap_1
    libshutdown.o(.ARM.Collect$$libshutdown$$00000000) refers (Special) to libshutdown2.o(.ARM.Collect$$libshutdown$$00000010) for __rt_lib_shutdown_return
    libshutdown.o(.ARM.Collect$$libshutdown$$00000000) refers (Special) to libshutdown2.o(.ARM.Collect$$libshutdown$$0000000A) for __rt_lib_shutdown_signal_1
    libshutdown.o(.ARM.Collect$$libshutdown$$00000000) refers (Special) to libshutdown2.o(.ARM.Collect$$libshutdown$$00000004) for __rt_lib_shutdown_stdio_1
    libshutdown.o(.ARM.Collect$$libshutdown$$00000000) refers (Special) to libshutdown2.o(.ARM.Collect$$libshutdown$$0000000C) for __rt_lib_shutdown_user_alloc_1
    defsig_rtmem_outer.o(.text) refers to defsig_rtmem_inner.o(.text) for __rt_SIGRTMEM_inner
    defsig_rtmem_outer.o(.text) refers to defsig_exit.o(.text) for __sig_exit
    defsig_rtmem_formal.o(.text) refers to rt_raise.o(.text) for __rt_raise
    rt_raise.o(.text) refers to __raise.o(.text) for __raise
    rt_raise.o(.text) refers to retarget.o(i._sys_exit) for _sys_exit
    defsig_exit.o(.text) refers to retarget.o(i._sys_exit) for _sys_exit
    defsig_rtmem_inner.o(.text) refers to defsig_general.o(.text) for __default_signal_display
    __raise.o(.text) refers to defsig.o(CL$$defsig) for __default_signal_handler
    defsig_general.o(.text) refers to retarget.o(i._ttywrch) for _ttywrch
    defsig.o(CL$$defsig) refers to defsig_rtmem_inner.o(.text) for __rt_SIGRTMEM_inner
    defsig_abrt_inner.o(.text) refers to defsig_general.o(.text) for __default_signal_display
    defsig_fpe_inner.o(.text) refers to defsig_general.o(.text) for __default_signal_display
    defsig_rtred_inner.o(.text) refers to defsig_general.o(.text) for __default_signal_display
    defsig_stak_inner.o(.text) refers to defsig_general.o(.text) for __default_signal_display
    defsig_pvfn_inner.o(.text) refers to defsig_general.o(.text) for __default_signal_display
    defsig_cppl_inner.o(.text) refers to defsig_general.o(.text) for __default_signal_display
    defsig_segv_inner.o(.text) refers to defsig_general.o(.text) for __default_signal_display
    defsig_other.o(.text) refers to defsig_general.o(.text) for __default_signal_display


==============================================================================

Removing Unused input sections from the image.

    Removing keypad.o(i.Clear_Line), (38 bytes).
    Removing keypad.o(i.Display_value), (88 bytes).
    Removing keypad.o(i.Get_Touch_Pad_Input), (292 bytes).
    Removing keypad.o(i.Make_Touch_Pad), (1516 bytes).
    Removing tft.o(.rev16_text), (4 bytes).
    Removing tft.o(.revsh_text), (4 bytes).
    Removing tft.o(i.TFT_bargraph_color), (54 bytes).
    Removing tft.o(i.TFT_bargraph_define), (254 bytes).
    Removing tft.o(i.TFT_bargraph_fill_pattern), (38 bytes).
    Removing tft.o(i.TFT_bargraph_frame), (38 bytes).
    Removing tft.o(i.TFT_bargraph_value), (46 bytes).
    Removing tft.o(i.TFT_bigString), (156 bytes).
    Removing tft.o(i.TFT_bigText), (142 bytes).
    Removing tft.o(i.TFT_buzzer_off), (36 bytes).
    Removing tft.o(i.TFT_buzzer_on), (38 bytes).
    Removing tft.o(i.TFT_carriage_return), (10 bytes).
    Removing tft.o(i.TFT_cursor_off), (36 bytes).
    Removing tft.o(i.TFT_cursor_on), (36 bytes).
    Removing tft.o(i.TFT_draw_line), (146 bytes).
    Removing tft.o(i.TFT_draw_rectangle), (146 bytes).
    Removing tft.o(i.TFT_get_data), (336 bytes).
    Removing tft.o(i.TFT_gotoxy), (46 bytes).
    Removing tft.o(i.TFT_graphic_cls), (30 bytes).
    Removing tft.o(i.TFT_graphic_puts), (166 bytes).
    Removing tft.o(i.TFT_graphic_puts_area), (202 bytes).
    Removing tft.o(i.TFT_graphic_set_point), (98 bytes).
    Removing tft.o(i.TFT_line_color), (46 bytes).
    Removing tft.o(i.TFT_newline), (10 bytes).
    Removing tft.o(i.TFT_release), (2 bytes).
    Removing tft.o(i.TFT_set_brightness), (38 bytes).
    Removing tft.o(i.TFT_set_font), (38 bytes).
    Removing tft.o(i.TFT_set_font_color), (44 bytes).
    Removing tft.o(i.TFT_set_graphic_color), (44 bytes).
    Removing tft.o(i.TFT_set_graphic_text_color), (44 bytes).
    Removing tft.o(i.TFT_set_graphic_text_font), (38 bytes).
    Removing tft.o(i.TFT_set_pixel_color), (44 bytes).
    Removing tft.o(i.TFT_set_window), (78 bytes).
    Removing tft.o(i.TFT_terminal_off), (30 bytes).
    Removing tft.o(i.TFT_touch_area), (176 bytes).
    Removing tft.o(i.TFT_touch_area_clear), (42 bytes).
    Removing tft.o(i.TFT_touch_area_color), (86 bytes).
    Removing tft.o(i.TFT_touch_area_font), (38 bytes).
    Removing tft.o(i.TFT_touch_area_font_color), (46 bytes).
    Removing tft.o(i.TFT_touch_area_frame), (46 bytes).
    Removing tft.o(.bss), (262 bytes).
    Removing timer.o(.rev16_text), (4 bytes).
    Removing timer.o(.revsh_text), (4 bytes).
    Removing timer.o(i.timerinit), (40 bytes).
    Removing ti_lib.o(.rev16_text), (4 bytes).
    Removing ti_lib.o(.revsh_text), (4 bytes).
    Removing ti_lib.o(i.get_uptime), (12 bytes).
    Removing misc.o(.rev16_text), (4 bytes).
    Removing misc.o(.revsh_text), (4 bytes).
    Removing misc.o(i.NVIC_SetVectorTable), (104 bytes).
    Removing misc.o(i.NVIC_SystemLPConfig), (108 bytes).
    Removing misc.o(i.SysTick_CLKSourceConfig), (96 bytes).
    Removing stm32f4xx_dma.o(.rev16_text), (4 bytes).
    Removing stm32f4xx_dma.o(.revsh_text), (4 bytes).
    Removing stm32f4xx_dma.o(i.DMA_ClearFlag), (272 bytes).
    Removing stm32f4xx_dma.o(i.DMA_ClearITPendingBit), (272 bytes).
    Removing stm32f4xx_dma.o(i.DMA_Cmd), (232 bytes).
    Removing stm32f4xx_dma.o(i.DMA_DeInit), (524 bytes).
    Removing stm32f4xx_dma.o(i.DMA_DoubleBufferModeCmd), (232 bytes).
    Removing stm32f4xx_dma.o(i.DMA_DoubleBufferModeConfig), (236 bytes).
    Removing stm32f4xx_dma.o(i.DMA_FlowControllerConfig), (232 bytes).
    Removing stm32f4xx_dma.o(i.DMA_GetCmdStatus), (208 bytes).
    Removing stm32f4xx_dma.o(i.DMA_GetCurrDataCounter), (196 bytes).
    Removing stm32f4xx_dma.o(i.DMA_GetCurrentMemoryTarget), (208 bytes).
    Removing stm32f4xx_dma.o(i.DMA_GetFIFOStatus), (200 bytes).
    Removing stm32f4xx_dma.o(i.DMA_GetFlagStatus), (596 bytes).
    Removing stm32f4xx_dma.o(i.DMA_GetITStatus), (700 bytes).
    Removing stm32f4xx_dma.o(i.DMA_ITConfig), (288 bytes).
    Removing stm32f4xx_dma.o(i.DMA_Init), (712 bytes).
    Removing stm32f4xx_dma.o(i.DMA_MemoryTargetConfig), (224 bytes).
    Removing stm32f4xx_dma.o(i.DMA_PeriphIncOffsetSizeConfig), (232 bytes).
    Removing stm32f4xx_dma.o(i.DMA_SetCurrDataCounter), (196 bytes).
    Removing stm32f4xx_dma.o(i.DMA_StructInit), (34 bytes).
    Removing stm32f4xx_adc.o(.rev16_text), (4 bytes).
    Removing stm32f4xx_adc.o(.revsh_text), (4 bytes).
    Removing stm32f4xx_adc.o(i.ADC_AnalogWatchdogCmd), (168 bytes).
    Removing stm32f4xx_adc.o(i.ADC_AnalogWatchdogSingleChannelConfig), (188 bytes).
    Removing stm32f4xx_adc.o(i.ADC_AnalogWatchdogThresholdsConfig), (132 bytes).
    Removing stm32f4xx_adc.o(i.ADC_AutoInjectedConvCmd), (128 bytes).
    Removing stm32f4xx_adc.o(i.ADC_ClearFlag), (116 bytes).
    Removing stm32f4xx_adc.o(i.ADC_ClearITPendingBit), (140 bytes).
    Removing stm32f4xx_adc.o(i.ADC_Cmd), (128 bytes).
    Removing stm32f4xx_adc.o(i.ADC_CommonInit), (396 bytes).
    Removing stm32f4xx_adc.o(i.ADC_CommonStructInit), (12 bytes).
    Removing stm32f4xx_adc.o(i.ADC_ContinuousModeCmd), (128 bytes).
    Removing stm32f4xx_adc.o(i.ADC_DMACmd), (128 bytes).
    Removing stm32f4xx_adc.o(i.ADC_DMARequestAfterLastTransferCmd), (128 bytes).
    Removing stm32f4xx_adc.o(i.ADC_DeInit), (22 bytes).
    Removing stm32f4xx_adc.o(i.ADC_DiscModeChannelCountConfig), (132 bytes).
    Removing stm32f4xx_adc.o(i.ADC_DiscModeCmd), (128 bytes).
    Removing stm32f4xx_adc.o(i.ADC_EOCOnEachRegularChannelCmd), (128 bytes).
    Removing stm32f4xx_adc.o(i.ADC_ExternalTrigInjectedConvConfig), (208 bytes).
    Removing stm32f4xx_adc.o(i.ADC_ExternalTrigInjectedConvEdgeConfig), (136 bytes).
    Removing stm32f4xx_adc.o(i.ADC_GetConversionValue), (92 bytes).
    Removing stm32f4xx_adc.o(i.ADC_GetFlagStatus), (144 bytes).
    Removing stm32f4xx_adc.o(i.ADC_GetITStatus), (176 bytes).
    Removing stm32f4xx_adc.o(i.ADC_GetInjectedConversionValue), (140 bytes).
    Removing stm32f4xx_adc.o(i.ADC_GetMultiModeConversionValue), (12 bytes).
    Removing stm32f4xx_adc.o(i.ADC_GetSoftwareStartConvStatus), (108 bytes).
    Removing stm32f4xx_adc.o(i.ADC_GetSoftwareStartInjectedConvCmdStatus), (108 bytes).
    Removing stm32f4xx_adc.o(i.ADC_ITConfig), (184 bytes).
    Removing stm32f4xx_adc.o(i.ADC_Init), (464 bytes).
    Removing stm32f4xx_adc.o(i.ADC_InjectedChannelConfig), (384 bytes).
    Removing stm32f4xx_adc.o(i.ADC_InjectedDiscModeCmd), (128 bytes).
    Removing stm32f4xx_adc.o(i.ADC_InjectedSequencerLengthConfig), (132 bytes).
    Removing stm32f4xx_adc.o(i.ADC_MultiModeDMARequestAfterLastTransferCmd), (104 bytes).
    Removing stm32f4xx_adc.o(i.ADC_RegularChannelConfig), (460 bytes).
    Removing stm32f4xx_adc.o(i.ADC_SetInjectedOffset), (156 bytes).
    Removing stm32f4xx_adc.o(i.ADC_SoftwareStartConv), (96 bytes).
    Removing stm32f4xx_adc.o(i.ADC_SoftwareStartInjectedConv), (96 bytes).
    Removing stm32f4xx_adc.o(i.ADC_StructInit), (20 bytes).
    Removing stm32f4xx_adc.o(i.ADC_TempSensorVrefintCmd), (104 bytes).
    Removing stm32f4xx_adc.o(i.ADC_VBATCmd), (104 bytes).
    Removing stm32f4xx_usart.o(.rev16_text), (4 bytes).
    Removing stm32f4xx_usart.o(.revsh_text), (4 bytes).
    Removing stm32f4xx_usart.o(i.USART_ClearFlag), (192 bytes).
    Removing stm32f4xx_usart.o(i.USART_ClearITPendingBit), (228 bytes).
    Removing stm32f4xx_usart.o(i.USART_ClockInit), (224 bytes).
    Removing stm32f4xx_usart.o(i.USART_ClockStructInit), (12 bytes).
    Removing stm32f4xx_usart.o(i.USART_DMACmd), (180 bytes).
    Removing stm32f4xx_usart.o(i.USART_DeInit), (268 bytes).
    Removing stm32f4xx_usart.o(i.USART_GetFlagStatus), (236 bytes).
    Removing stm32f4xx_usart.o(i.USART_GetITStatus), (344 bytes).
    Removing stm32f4xx_usart.o(i.USART_HalfDuplexCmd), (160 bytes).
    Removing stm32f4xx_usart.o(i.USART_ITConfig), (324 bytes).
    Removing stm32f4xx_usart.o(i.USART_IrDACmd), (160 bytes).
    Removing stm32f4xx_usart.o(i.USART_IrDAConfig), (156 bytes).
    Removing stm32f4xx_usart.o(i.USART_LINBreakDetectLengthConfig), (156 bytes).
    Removing stm32f4xx_usart.o(i.USART_LINCmd), (160 bytes).
    Removing stm32f4xx_usart.o(i.USART_OneBitMethodCmd), (160 bytes).
    Removing stm32f4xx_usart.o(i.USART_ReceiveData), (124 bytes).
    Removing stm32f4xx_usart.o(i.USART_ReceiverWakeUpCmd), (160 bytes).
    Removing stm32f4xx_usart.o(i.USART_SendBreak), (128 bytes).
    Removing stm32f4xx_usart.o(i.USART_SendData), (144 bytes).
    Removing stm32f4xx_usart.o(i.USART_SetAddress), (152 bytes).
    Removing stm32f4xx_usart.o(i.USART_SetGuardTime), (116 bytes).
    Removing stm32f4xx_usart.o(i.USART_SetPrescaler), (136 bytes).
    Removing stm32f4xx_usart.o(i.USART_SmartCardCmd), (140 bytes).
    Removing stm32f4xx_usart.o(i.USART_SmartCardNACKCmd), (140 bytes).
    Removing stm32f4xx_usart.o(i.USART_StructInit), (24 bytes).
    Removing stm32f4xx_usart.o(i.USART_WakeUpConfig), (156 bytes).
    Removing stm32f4xx_rcc.o(.rev16_text), (4 bytes).
    Removing stm32f4xx_rcc.o(.revsh_text), (4 bytes).
    Removing stm32f4xx_rcc.o(i.RCC_AHB1PeriphClockLPModeCmd), (120 bytes).
    Removing stm32f4xx_rcc.o(i.RCC_AHB1PeriphResetCmd), (120 bytes).
    Removing stm32f4xx_rcc.o(i.RCC_AHB2PeriphClockCmd), (116 bytes).
    Removing stm32f4xx_rcc.o(i.RCC_AHB2PeriphClockLPModeCmd), (116 bytes).
    Removing stm32f4xx_rcc.o(i.RCC_AHB2PeriphResetCmd), (116 bytes).
    Removing stm32f4xx_rcc.o(i.RCC_AHB3PeriphClockCmd), (116 bytes).
    Removing stm32f4xx_rcc.o(i.RCC_AHB3PeriphClockLPModeCmd), (116 bytes).
    Removing stm32f4xx_rcc.o(i.RCC_AHB3PeriphResetCmd), (116 bytes).
    Removing stm32f4xx_rcc.o(i.RCC_APB1PeriphClockCmd), (120 bytes).
    Removing stm32f4xx_rcc.o(i.RCC_APB1PeriphClockLPModeCmd), (120 bytes).
    Removing stm32f4xx_rcc.o(i.RCC_APB1PeriphResetCmd), (120 bytes).
    Removing stm32f4xx_rcc.o(i.RCC_APB2PeriphClockLPModeCmd), (120 bytes).
    Removing stm32f4xx_rcc.o(i.RCC_APB2PeriphResetCmd), (120 bytes).
    Removing stm32f4xx_rcc.o(i.RCC_AdjustHSICalibrationValue), (84 bytes).
    Removing stm32f4xx_rcc.o(i.RCC_BackupResetCmd), (72 bytes).
    Removing stm32f4xx_rcc.o(i.RCC_ClearFlag), (20 bytes).
    Removing stm32f4xx_rcc.o(i.RCC_ClearITPendingBit), (76 bytes).
    Removing stm32f4xx_rcc.o(i.RCC_ClockSecuritySystemCmd), (72 bytes).
    Removing stm32f4xx_rcc.o(i.RCC_DeInit), (72 bytes).
    Removing stm32f4xx_rcc.o(i.RCC_GetFlagStatus), (176 bytes).
    Removing stm32f4xx_rcc.o(i.RCC_GetITStatus), (108 bytes).
    Removing stm32f4xx_rcc.o(i.RCC_GetSYSCLKSource), (16 bytes).
    Removing stm32f4xx_rcc.o(i.RCC_HCLKConfig), (112 bytes).
    Removing stm32f4xx_rcc.o(i.RCC_HSEConfig), (80 bytes).
    Removing stm32f4xx_rcc.o(i.RCC_HSICmd), (72 bytes).
    Removing stm32f4xx_rcc.o(i.RCC_I2SCLKConfig), (72 bytes).
    Removing stm32f4xx_rcc.o(i.RCC_ITConfig), (116 bytes).
    Removing stm32f4xx_rcc.o(i.RCC_LSEConfig), (112 bytes).
    Removing stm32f4xx_rcc.o(i.RCC_LSICmd), (72 bytes).
    Removing stm32f4xx_rcc.o(i.RCC_MCO1Config), (144 bytes).
    Removing stm32f4xx_rcc.o(i.RCC_MCO2Config), (144 bytes).
    Removing stm32f4xx_rcc.o(i.RCC_PCLK1Config), (104 bytes).
    Removing stm32f4xx_rcc.o(i.RCC_PCLK2Config), (104 bytes).
    Removing stm32f4xx_rcc.o(i.RCC_PLLCmd), (72 bytes).
    Removing stm32f4xx_rcc.o(i.RCC_PLLConfig), (200 bytes).
    Removing stm32f4xx_rcc.o(i.RCC_PLLI2SCmd), (72 bytes).
    Removing stm32f4xx_rcc.o(i.RCC_PLLI2SConfig), (104 bytes).
    Removing stm32f4xx_rcc.o(i.RCC_RTCCLKCmd), (72 bytes).
    Removing stm32f4xx_rcc.o(i.RCC_RTCCLKConfig), (428 bytes).
    Removing stm32f4xx_rcc.o(i.RCC_SYSCLKConfig), (88 bytes).
    Removing stm32f4xx_rcc.o(i.RCC_WaitForHSEStartUp), (56 bytes).
    Removing stm32f4xx_gpio.o(.rev16_text), (4 bytes).
    Removing stm32f4xx_gpio.o(.revsh_text), (4 bytes).
    Removing stm32f4xx_gpio.o(i.GPIO_DeInit), (360 bytes).
    Removing stm32f4xx_gpio.o(i.GPIO_PinLockConfig), (200 bytes).
    Removing stm32f4xx_gpio.o(i.GPIO_ReadInputData), (152 bytes).
    Removing stm32f4xx_gpio.o(i.GPIO_ReadInputDataBit), (260 bytes).
    Removing stm32f4xx_gpio.o(i.GPIO_ReadOutputData), (152 bytes).
    Removing stm32f4xx_gpio.o(i.GPIO_ReadOutputDataBit), (260 bytes).
    Removing stm32f4xx_gpio.o(i.GPIO_ResetBits), (172 bytes).
    Removing stm32f4xx_gpio.o(i.GPIO_SetBits), (172 bytes).
    Removing stm32f4xx_gpio.o(i.GPIO_StructInit), (18 bytes).
    Removing stm32f4xx_gpio.o(i.GPIO_ToggleBits), (156 bytes).
    Removing stm32f4xx_gpio.o(i.GPIO_Write), (152 bytes).
    Removing stm32f4xx_gpio.o(i.GPIO_WriteBit), (272 bytes).
    Removing system_stm32f4xx.o(.rev16_text), (4 bytes).
    Removing system_stm32f4xx.o(.revsh_text), (4 bytes).
    Removing retarget.o(.rev16_text), (4 bytes).
    Removing retarget.o(.revsh_text), (4 bytes).
    Removing retarget.o(i._sys_command_string), (6 bytes).
    Removing retarget.o(i._ttywrch), (20 bytes).
    Removing retarget.o(i.ferror), (8 bytes).
    Removing retarget.o(i.fgetc), (40 bytes).
    Removing retarget.o(i.fputc), (42 bytes).
    Removing retarget.o(.data), (8 bytes).
    Removing usart.o(.rev16_text), (4 bytes).
    Removing usart.o(.revsh_text), (4 bytes).
    Removing usart.o(i.USART1_GetKey), (44 bytes).
    Removing usart.o(i.USART1_SendChar), (84 bytes).
    Removing ti_board_adc.o(.rev16_text), (4 bytes).
    Removing ti_board_adc.o(.revsh_text), (4 bytes).
    Removing ti_board_adc.o(i.ADC3_CH7_DMA_Config), (256 bytes).
    Removing ti_board_adc.o(i.getADC3ConvertedValue), (12 bytes).
    Removing ti_board_adc.o(.data), (4 bytes).
    Removing ti_board_io.o(.rev16_text), (4 bytes).
    Removing ti_board_io.o(.revsh_text), (4 bytes).
    Removing main.o(.rev16_text), (4 bytes).
    Removing main.o(.revsh_text), (4 bytes).
    Removing owire.o(.rev16_text), (4 bytes).
    Removing owire.o(.revsh_text), (4 bytes).
    Removing owire.o(i.OWread), (32 bytes).
    Removing owire.o(i.OWread_BYTES), (34 bytes).
    Removing owire.o(i.OWreset_search), (34 bytes).
    Removing owire.o(i.OWwrite_BYTES), (54 bytes).

231 unused section(s) (total 29020 bytes) removed from the image.

==============================================================================

Image Symbol Table

    Local Symbols

    Symbol Name                              Value     Ov Type        Size  Object(Section)

    ../clib/angel/boardlib.s                 0x00000000   Number         0  boardinit1.o ABSOLUTE
    ../clib/angel/boardlib.s                 0x00000000   Number         0  boardshut.o ABSOLUTE
    ../clib/angel/boardlib.s                 0x00000000   Number         0  boardinit2.o ABSOLUTE
    ../clib/angel/boardlib.s                 0x00000000   Number         0  boardinit3.o ABSOLUTE
    ../clib/angel/handlers.s                 0x00000000   Number         0  __scatter_zi.o ABSOLUTE
    ../clib/angel/handlers.s                 0x00000000   Number         0  __scatter_copy.o ABSOLUTE
    ../clib/angel/kernel.s                   0x00000000   Number         0  __rtentry4.o ABSOLUTE
    ../clib/angel/kernel.s                   0x00000000   Number         0  __rtentry2.o ABSOLUTE
    ../clib/angel/kernel.s                   0x00000000   Number         0  __rtentry.o ABSOLUTE
    ../clib/angel/kernel.s                   0x00000000   Number         0  rtexit2.o ABSOLUTE
    ../clib/angel/kernel.s                   0x00000000   Number         0  rtexit.o ABSOLUTE
    ../clib/angel/rt.s                       0x00000000   Number         0  rt_raise.o ABSOLUTE
    ../clib/angel/scatter.s                  0x00000000   Number         0  __scatter.o ABSOLUTE
    ../clib/angel/startup.s                  0x00000000   Number         0  __main.o ABSOLUTE
    ../clib/angel/sys.s                      0x00000000   Number         0  sys_stackheap_outer.o ABSOLUTE
    ../clib/angel/sys.s                      0x00000000   Number         0  libspace.o ABSOLUTE
    ../clib/armsys.c                         0x00000000   Number         0  _get_argv_nomalloc.o ABSOLUTE
    ../clib/armsys.c                         0x00000000   Number         0  argv_veneer.o ABSOLUTE
    ../clib/armsys.c                         0x00000000   Number         0  no_argv.o ABSOLUTE
    ../clib/armsys.c                         0x00000000   Number         0  argv_veneer.o ABSOLUTE
    ../clib/heapalloc.c                      0x00000000   Number         0  hrguard.o ABSOLUTE
    ../clib/heapaux.c                        0x00000000   Number         0  heapauxi.o ABSOLUTE
    ../clib/libinit.s                        0x00000000   Number         0  libshutdown.o ABSOLUTE
    ../clib/libinit.s                        0x00000000   Number         0  libinit.o ABSOLUTE
    ../clib/libinit.s                        0x00000000   Number         0  libshutdown2.o ABSOLUTE
    ../clib/libinit.s                        0x00000000   Number         0  libinit2.o ABSOLUTE
    ../clib/misc.s                           0x00000000   Number         0  printf_stubs.o ABSOLUTE
    ../clib/printf.c                         0x00000000   Number         0  _snputc.o ABSOLUTE
    ../clib/printf.c                         0x00000000   Number         0  _printf_char_file.o ABSOLUTE
    ../clib/printf.c                         0x00000000   Number         0  _printf_dec.o ABSOLUTE
    ../clib/printf.c                         0x00000000   Number         0  __printf_flags_ss.o ABSOLUTE
    ../clib/printf.c                         0x00000000   Number         0  _printf_hex_ptr.o ABSOLUTE
    ../clib/printf.c                         0x00000000   Number         0  __printf_wp.o ABSOLUTE
    ../clib/printf.c                         0x00000000   Number         0  _printf_hex_ll_ptr.o ABSOLUTE
    ../clib/printf.c                         0x00000000   Number         0  _printf_hex_ll.o ABSOLUTE
    ../clib/printf.c                         0x00000000   Number         0  __printf_nopercent.o ABSOLUTE
    ../clib/printf.c                         0x00000000   Number         0  _printf_hex_int.o ABSOLUTE
    ../clib/printf.c                         0x00000000   Number         0  __printf_ss.o ABSOLUTE
    ../clib/printf.c                         0x00000000   Number         0  __printf_flags.o ABSOLUTE
    ../clib/printf.c                         0x00000000   Number         0  _printf_hex_int_ll_ptr.o ABSOLUTE
    ../clib/printf.c                         0x00000000   Number         0  _printf_hex_int_ll.o ABSOLUTE
    ../clib/printf.c                         0x00000000   Number         0  _printf_intcommon.o ABSOLUTE
    ../clib/printf.c                         0x00000000   Number         0  _printf_hex_int_ptr.o ABSOLUTE
    ../clib/printf.c                         0x00000000   Number         0  _printf_char_common.o ABSOLUTE
    ../clib/printf.c                         0x00000000   Number         0  _sputc.o ABSOLUTE
    ../clib/printf.c                         0x00000000   Number         0  __printf_flags_ss_wp.o ABSOLUTE
    ../clib/printf.c                         0x00000000   Number         0  __2printf.o ABSOLUTE
    ../clib/printf.c                         0x00000000   Number         0  __2sprintf.o ABSOLUTE
    ../clib/printf.c                         0x00000000   Number         0  __2snprintf.o ABSOLUTE
    ../clib/printf.c                         0x00000000   Number         0  noretval__2printf.o ABSOLUTE
    ../clib/printf.c                         0x00000000   Number         0  noretval__2sprintf.o ABSOLUTE
    ../clib/printf.c                         0x00000000   Number         0  __printf_ss_wp.o ABSOLUTE
    ../clib/printf.c                         0x00000000   Number         0  noretval__2snprintf.o ABSOLUTE
    ../clib/printf.c                         0x00000000   Number         0  __printf.o ABSOLUTE
    ../clib/printf.c                         0x00000000   Number         0  _printf_pad.o ABSOLUTE
    ../clib/printf.c                         0x00000000   Number         0  __printf_flags_wp.o ABSOLUTE
    ../clib/printf_percent.s                 0x00000000   Number         0  _printf_x.o ABSOLUTE
    ../clib/printf_percent.s                 0x00000000   Number         0  _printf_percent_end.o ABSOLUTE
    ../clib/printf_percent.s                 0x00000000   Number         0  _printf_d.o ABSOLUTE
    ../clib/printf_percent.s                 0x00000000   Number         0  _printf_percent.o ABSOLUTE
    ../clib/signal.c                         0x00000000   Number         0  defsig_other.o ABSOLUTE
    ../clib/signal.c                         0x00000000   Number         0  defsig_segv_inner.o ABSOLUTE
    ../clib/signal.c                         0x00000000   Number         0  defsig_cppl_inner.o ABSOLUTE
    ../clib/signal.c                         0x00000000   Number         0  defsig_stak_inner.o ABSOLUTE
    ../clib/signal.c                         0x00000000   Number         0  defsig_rtred_inner.o ABSOLUTE
    ../clib/signal.c                         0x00000000   Number         0  defsig_fpe_inner.o ABSOLUTE
    ../clib/signal.c                         0x00000000   Number         0  defsig_abrt_inner.o ABSOLUTE
    ../clib/signal.c                         0x00000000   Number         0  defsig_general.o ABSOLUTE
    ../clib/signal.c                         0x00000000   Number         0  __raise.o ABSOLUTE
    ../clib/signal.c                         0x00000000   Number         0  defsig_rtmem_inner.o ABSOLUTE
    ../clib/signal.c                         0x00000000   Number         0  defsig_exit.o ABSOLUTE
    ../clib/signal.c                         0x00000000   Number         0  defsig_rtmem_formal.o ABSOLUTE
    ../clib/signal.c                         0x00000000   Number         0  defsig_rtmem_outer.o ABSOLUTE
    ../clib/signal.c                         0x00000000   Number         0  defsig_pvfn_inner.o ABSOLUTE
    ../clib/signal.s                         0x00000000   Number         0  defsig.o ABSOLUTE
    ../clib/stdlib.c                         0x00000000   Number         0  exit.o ABSOLUTE
    ../clib/string.c                         0x00000000   Number         0  strlen.o ABSOLUTE
    ../fplib/fpinit.s                        0x00000000   Number         0  fpinit.o ABSOLUTE
    TI_BRD_LIB\Library\TI_Lib.c              0x00000000   Number         0  ti_lib.o ABSOLUTE
    TI_BRD_LIB\Library\assert.c              0x00000000   Number         0  assert.o ABSOLUTE
    TI_BRD_LIB\Library\keypad.c              0x00000000   Number         0  keypad.o ABSOLUTE
    TI_BRD_LIB\Library\tft.c                 0x00000000   Number         0  tft.o ABSOLUTE
    TI_BRD_LIB\Library\timer.c               0x00000000   Number         0  timer.o ABSOLUTE
    TI_BRD_LIB\TI-C_Board\Retarget.c         0x00000000   Number         0  retarget.o ABSOLUTE
    TI_BRD_LIB\TI-C_Board\TI_Board_ADC.c     0x00000000   Number         0  ti_board_adc.o ABSOLUTE
    TI_BRD_LIB\TI-C_Board\TI_Board_IO.c      0x00000000   Number         0  ti_board_io.o ABSOLUTE
    TI_BRD_LIB\TI-C_Board\Usart.c            0x00000000   Number         0  usart.o ABSOLUTE
    TI_BRD_LIB\TI-C_Board\misc.c             0x00000000   Number         0  misc.o ABSOLUTE
    TI_BRD_LIB\TI-C_Board\startup_stm32f4xx.s 0x00000000   Number         0  startup_stm32f4xx.o ABSOLUTE
    TI_BRD_LIB\TI-C_Board\stm32f4xx_adc.c    0x00000000   Number         0  stm32f4xx_adc.o ABSOLUTE
    TI_BRD_LIB\TI-C_Board\stm32f4xx_dma.c    0x00000000   Number         0  stm32f4xx_dma.o ABSOLUTE
    TI_BRD_LIB\TI-C_Board\stm32f4xx_gpio.c   0x00000000   Number         0  stm32f4xx_gpio.o ABSOLUTE
    TI_BRD_LIB\TI-C_Board\stm32f4xx_rcc.c    0x00000000   Number         0  stm32f4xx_rcc.o ABSOLUTE
    TI_BRD_LIB\TI-C_Board\stm32f4xx_usart.c  0x00000000   Number         0  stm32f4xx_usart.o ABSOLUTE
    TI_BRD_LIB\TI-C_Board\system_stm32f4xx.c 0x00000000   Number         0  system_stm32f4xx.o ABSOLUTE
    TI_BRD_LIB\\Library\\TI_Lib.c            0x00000000   Number         0  ti_lib.o ABSOLUTE
    TI_BRD_LIB\\Library\\tft.c               0x00000000   Number         0  tft.o ABSOLUTE
    TI_BRD_LIB\\Library\\timer.c             0x00000000   Number         0  timer.o ABSOLUTE
    TI_BRD_LIB\\TI-C_Board\\Retarget.c       0x00000000   Number         0  retarget.o ABSOLUTE
    TI_BRD_LIB\\TI-C_Board\\TI_Board_ADC.c   0x00000000   Number         0  ti_board_adc.o ABSOLUTE
    TI_BRD_LIB\\TI-C_Board\\TI_Board_IO.c    0x00000000   Number         0  ti_board_io.o ABSOLUTE
    TI_BRD_LIB\\TI-C_Board\\Usart.c          0x00000000   Number         0  usart.o ABSOLUTE
    TI_BRD_LIB\\TI-C_Board\\misc.c           0x00000000   Number         0  misc.o ABSOLUTE
    TI_BRD_LIB\\TI-C_Board\\stm32f4xx_adc.c  0x00000000   Number         0  stm32f4xx_adc.o ABSOLUTE
    TI_BRD_LIB\\TI-C_Board\\stm32f4xx_dma.c  0x00000000   Number         0  stm32f4xx_dma.o ABSOLUTE
    TI_BRD_LIB\\TI-C_Board\\stm32f4xx_gpio.c 0x00000000   Number         0  stm32f4xx_gpio.o ABSOLUTE
    TI_BRD_LIB\\TI-C_Board\\stm32f4xx_rcc.c  0x00000000   Number         0  stm32f4xx_rcc.o ABSOLUTE
    TI_BRD_LIB\\TI-C_Board\\stm32f4xx_usart.c 0x00000000   Number         0  stm32f4xx_usart.o ABSOLUTE
    TI_BRD_LIB\\TI-C_Board\\system_stm32f4xx.c 0x00000000   Number         0  system_stm32f4xx.o ABSOLUTE
    dc.s                                     0x00000000   Number         0  dc.o ABSOLUTE
    main.c                                   0x00000000   Number         0  main.o ABSOLUTE
    main.c                                   0x00000000   Number         0  main.o ABSOLUTE
    owire.c                                  0x00000000   Number         0  owire.o ABSOLUTE
    owire.c                                  0x00000000   Number         0  owire.o ABSOLUTE
    RESET                                    0x08000000   Section      392  startup_stm32f4xx.o(RESET)
    !!!main                                  0x08000188   Section        8  __main.o(!!!main)
    !!!scatter                               0x08000190   Section       52  __scatter.o(!!!scatter)
    !!handler_copy                           0x080001c4   Section       26  __scatter_copy.o(!!handler_copy)
    !!handler_zi                             0x080001e0   Section       28  __scatter_zi.o(!!handler_zi)
    .ARM.Collect$$_printf_percent$$00000000  0x080001fc   Section        0  _printf_percent.o(.ARM.Collect$$_printf_percent$$00000000)
    .ARM.Collect$$_printf_percent$$00000009  0x080001fc   Section        6  _printf_d.o(.ARM.Collect$$_printf_percent$$00000009)
    .ARM.Collect$$_printf_percent$$0000000C  0x08000202   Section        6  _printf_x.o(.ARM.Collect$$_printf_percent$$0000000C)
    .ARM.Collect$$_printf_percent$$00000017  0x08000208   Section        4  _printf_percent_end.o(.ARM.Collect$$_printf_percent$$00000017)
    .ARM.Collect$$libinit$$00000000          0x0800020c   Section        2  libinit.o(.ARM.Collect$$libinit$$00000000)
    .ARM.Collect$$libinit$$00000001          0x0800020e   Section        4  libinit2.o(.ARM.Collect$$libinit$$00000001)
    .ARM.Collect$$libinit$$00000004          0x08000212   Section        0  libinit2.o(.ARM.Collect$$libinit$$00000004)
    .ARM.Collect$$libinit$$0000000A          0x08000212   Section        0  libinit2.o(.ARM.Collect$$libinit$$0000000A)
    .ARM.Collect$$libinit$$0000000C          0x08000212   Section        0  libinit2.o(.ARM.Collect$$libinit$$0000000C)
    .ARM.Collect$$libinit$$0000000E          0x08000212   Section        0  libinit2.o(.ARM.Collect$$libinit$$0000000E)
    .ARM.Collect$$libinit$$00000011          0x08000212   Section        0  libinit2.o(.ARM.Collect$$libinit$$00000011)
    .ARM.Collect$$libinit$$00000013          0x08000212   Section        0  libinit2.o(.ARM.Collect$$libinit$$00000013)
    .ARM.Collect$$libinit$$00000015          0x08000212   Section        0  libinit2.o(.ARM.Collect$$libinit$$00000015)
    .ARM.Collect$$libinit$$00000017          0x08000212   Section        0  libinit2.o(.ARM.Collect$$libinit$$00000017)
    .ARM.Collect$$libinit$$00000019          0x08000212   Section        0  libinit2.o(.ARM.Collect$$libinit$$00000019)
    .ARM.Collect$$libinit$$0000001B          0x08000212   Section        0  libinit2.o(.ARM.Collect$$libinit$$0000001B)
    .ARM.Collect$$libinit$$0000001D          0x08000212   Section        0  libinit2.o(.ARM.Collect$$libinit$$0000001D)
    .ARM.Collect$$libinit$$0000001F          0x08000212   Section        0  libinit2.o(.ARM.Collect$$libinit$$0000001F)
    .ARM.Collect$$libinit$$00000021          0x08000212   Section        0  libinit2.o(.ARM.Collect$$libinit$$00000021)
    .ARM.Collect$$libinit$$00000023          0x08000212   Section        0  libinit2.o(.ARM.Collect$$libinit$$00000023)
    .ARM.Collect$$libinit$$00000025          0x08000212   Section        0  libinit2.o(.ARM.Collect$$libinit$$00000025)
    .ARM.Collect$$libinit$$0000002C          0x08000212   Section        0  libinit2.o(.ARM.Collect$$libinit$$0000002C)
    .ARM.Collect$$libinit$$0000002E          0x08000212   Section        0  libinit2.o(.ARM.Collect$$libinit$$0000002E)
    .ARM.Collect$$libinit$$00000030          0x08000212   Section        0  libinit2.o(.ARM.Collect$$libinit$$00000030)
    .ARM.Collect$$libinit$$00000032          0x08000212   Section        0  libinit2.o(.ARM.Collect$$libinit$$00000032)
    .ARM.Collect$$libinit$$00000033          0x08000212   Section        2  libinit2.o(.ARM.Collect$$libinit$$00000033)
    .ARM.Collect$$libshutdown$$00000000      0x08000214   Section        2  libshutdown.o(.ARM.Collect$$libshutdown$$00000000)
    .ARM.Collect$$libshutdown$$00000002      0x08000216   Section        0  libshutdown2.o(.ARM.Collect$$libshutdown$$00000002)
    .ARM.Collect$$libshutdown$$00000004      0x08000216   Section        0  libshutdown2.o(.ARM.Collect$$libshutdown$$00000004)
    .ARM.Collect$$libshutdown$$00000007      0x08000216   Section        0  libshutdown2.o(.ARM.Collect$$libshutdown$$00000007)
    .ARM.Collect$$libshutdown$$0000000A      0x08000216   Section        0  libshutdown2.o(.ARM.Collect$$libshutdown$$0000000A)
    .ARM.Collect$$libshutdown$$0000000C      0x08000216   Section        0  libshutdown2.o(.ARM.Collect$$libshutdown$$0000000C)
    .ARM.Collect$$libshutdown$$0000000F      0x08000216   Section        0  libshutdown2.o(.ARM.Collect$$libshutdown$$0000000F)
    .ARM.Collect$$libshutdown$$00000010      0x08000216   Section        2  libshutdown2.o(.ARM.Collect$$libshutdown$$00000010)
    .ARM.Collect$$rtentry$$00000000          0x08000218   Section        0  __rtentry.o(.ARM.Collect$$rtentry$$00000000)
    .ARM.Collect$$rtentry$$00000002          0x08000218   Section        0  __rtentry2.o(.ARM.Collect$$rtentry$$00000002)
    .ARM.Collect$$rtentry$$00000004          0x08000218   Section        6  __rtentry4.o(.ARM.Collect$$rtentry$$00000004)
    .ARM.Collect$$rtentry$$00000009          0x0800021e   Section        0  __rtentry2.o(.ARM.Collect$$rtentry$$00000009)
    .ARM.Collect$$rtentry$$0000000A          0x0800021e   Section        4  __rtentry2.o(.ARM.Collect$$rtentry$$0000000A)
    .ARM.Collect$$rtentry$$0000000C          0x08000222   Section        0  __rtentry2.o(.ARM.Collect$$rtentry$$0000000C)
    .ARM.Collect$$rtentry$$0000000D          0x08000222   Section        8  __rtentry2.o(.ARM.Collect$$rtentry$$0000000D)
    .ARM.Collect$$rtexit$$00000000           0x0800022a   Section        2  rtexit.o(.ARM.Collect$$rtexit$$00000000)
    .ARM.Collect$$rtexit$$00000002           0x0800022c   Section        0  rtexit2.o(.ARM.Collect$$rtexit$$00000002)
    .ARM.Collect$$rtexit$$00000003           0x0800022c   Section        4  rtexit2.o(.ARM.Collect$$rtexit$$00000003)
    .ARM.Collect$$rtexit$$00000004           0x08000230   Section        6  rtexit2.o(.ARM.Collect$$rtexit$$00000004)
    .text                                    0x08000238   Section       80  startup_stm32f4xx.o(.text)
    $v0                                      0x08000238   Number         0  startup_stm32f4xx.o(.text)
    .text                                    0x08000288   Section        0  noretval__2sprintf.o(.text)
    .text                                    0x080002b0   Section        0  _printf_pad.o(.text)
    .text                                    0x08000300   Section        0  _printf_dec.o(.text)
    .text                                    0x08000378   Section        0  _printf_hex_int.o(.text)
    .text                                    0x080003d0   Section        0  __printf_flags_wp.o(.text)
    .text                                    0x08000508   Section        0  strlen.o(.text)
    .text                                    0x08000546   Section        0  heapauxi.o(.text)
    .text                                    0x0800054c   Section        0  _printf_intcommon.o(.text)
    .text                                    0x08000600   Section        0  _printf_char_common.o(.text)
    _printf_input_char                       0x08000601   Thumb Code    10  _printf_char_common.o(.text)
    .text                                    0x08000630   Section        0  _sputc.o(.text)
    .text                                    0x0800063a   Section       74  sys_stackheap_outer.o(.text)
    .text                                    0x08000684   Section        0  exit.o(.text)
    .text                                    0x08000698   Section        8  libspace.o(.text)
    i.Delay                                  0x080006a0   Section        0  ti_lib.o(i.Delay)
    i.GPIO_Init                              0x080006b8   Section        0  stm32f4xx_gpio.o(i.GPIO_Init)
    i.GPIO_PinAFConfig                       0x0800085c   Section        0  stm32f4xx_gpio.o(i.GPIO_PinAFConfig)
    i.Init_IO                                0x080009fc   Section        0  ti_board_io.o(i.Init_IO)
    i.Init_SPI                               0x08000a90   Section        0  ti_board_io.o(i.Init_SPI)
    i.Init_System_Clock                      0x08000c20   Section        0  ti_board_io.o(i.Init_System_Clock)
    i.Init_TI_Board                          0x08000c8c   Section        0  ti_lib.o(i.Init_TI_Board)
    i.NVIC_Init                              0x08000cb0   Section        0  misc.o(i.NVIC_Init)
    i.NVIC_PriorityGroupConfig               0x08000d80   Section        0  misc.o(i.NVIC_PriorityGroupConfig)
    i.OWdelay                                0x08000de0   Section        0  owire.o(i.OWdelay)
    i.OWinit                                 0x08000e00   Section        0  owire.o(i.OWinit)
    i.OWinput                                0x08000e80   Section        0  owire.o(i.OWinput)
    i.OWinterrupts                           0x08000e9a   Section        0  owire.o(i.OWinterrupts)
    OWinterrupts                             0x08000e9b   Thumb Code     4  owire.o(i.OWinterrupts)
    i.OWnoInterrupts                         0x08000e9e   Section        0  owire.o(i.OWnoInterrupts)
    OWnoInterrupts                           0x08000e9f   Thumb Code     4  owire.o(i.OWnoInterrupts)
    i.OWoutput                               0x08000ea2   Section        0  owire.o(i.OWoutput)
    i.OWreadPIN                              0x08000ebc   Section        0  owire.o(i.OWreadPIN)
    i.OWread_BIT                             0x08000ed0   Section        0  owire.o(i.OWread_BIT)
    i.OWreset                                0x08000f08   Section        0  owire.o(i.OWreset)
    i.OWsearch                               0x08000f84   Section        0  owire.o(i.OWsearch)
    i.OWwrite                                0x080010a8   Section        0  owire.o(i.OWwrite)
    i.OWwriteHIGH                            0x080010e4   Section        0  owire.o(i.OWwriteHIGH)
    i.OWwriteLOW                             0x080010ec   Section        0  owire.o(i.OWwriteLOW)
    i.OWwrite_BIT                            0x080010f4   Section        0  owire.o(i.OWwrite_BIT)
    i.RCC_AHB1PeriphClockCmd                 0x08001150   Section        0  stm32f4xx_rcc.o(i.RCC_AHB1PeriphClockCmd)
    i.RCC_APB2PeriphClockCmd                 0x080011c8   Section        0  stm32f4xx_rcc.o(i.RCC_APB2PeriphClockCmd)
    i.RCC_GetClocksFreq                      0x08001240   Section        0  stm32f4xx_rcc.o(i.RCC_GetClocksFreq)
    i.SetSysClock                            0x08001328   Section        0  system_stm32f4xx.o(i.SetSysClock)
    SetSysClock                              0x08001329   Thumb Code   220  system_stm32f4xx.o(i.SetSysClock)
    i.SysTick_Handler                        0x08001414   Section        0  ti_lib.o(i.SysTick_Handler)
    i.SystemCoreClockUpdate                  0x0800141c   Section        0  system_stm32f4xx.o(i.SystemCoreClockUpdate)
    i.SystemInit                             0x080014dc   Section        0  system_stm32f4xx.o(i.SystemInit)
    i.TFT_Init                               0x08001544   Section        0  tft.o(i.TFT_Init)
    i.TFT_cls                                0x08001558   Section        0  tft.o(i.TFT_cls)
    i.TFT_putc                               0x08001562   Section        0  tft.o(i.TFT_putc)
    i.TFT_puts                               0x08001580   Section        0  tft.o(i.TFT_puts)
    i.TFT_send_data                          0x08001594   Section        0  tft.o(i.TFT_send_data)
    i.TFT_terminal_on                        0x08001684   Section        0  tft.o(i.TFT_terminal_on)
    i.TFT_touch_key_feedback                 0x080016a2   Section        0  tft.o(i.TFT_touch_key_feedback)
    i.TimingDelay_Decrement                  0x080016ec   Section        0  ti_lib.o(i.TimingDelay_Decrement)
    i.USART1_Buffer_Init                     0x08001710   Section        0  usart.o(i.USART1_Buffer_Init)
    i.USART1_IRQHandler                      0x08001734   Section        0  usart.o(i.USART1_IRQHandler)
    i.USART1_Init                            0x080017d0   Section        0  usart.o(i.USART1_Init)
    i.USART_Cmd                              0x0800189c   Section        0  stm32f4xx_usart.o(i.USART_Cmd)
    i.USART_Init                             0x0800193c   Section        0  stm32f4xx_usart.o(i.USART_Init)
    i.USART_OverSampling8Cmd                 0x08001b48   Section        0  stm32f4xx_usart.o(i.USART_OverSampling8Cmd)
    i._is_digit                              0x08001be8   Section        0  __printf_wp.o(i._is_digit)
    i._sys_exit                              0x08001bf6   Section        0  retarget.o(i._sys_exit)
    i.assert_failed                          0x08001bfa   Section        0  assert.o(i.assert_failed)
    i.getTimeStamp                           0x08001bfe   Section        0  timer.o(i.getTimeStamp)
    i.main                                   0x08001c08   Section        0  main.o(i.main)
    i.resetTimer                             0x08001c6c   Section        0  timer.o(i.resetTimer)
    x$fpl$fpinit                             0x08001c76   Section       10  fpinit.o(x$fpl$fpinit)
    $v0                                      0x08001c76   Number         0  fpinit.o(x$fpl$fpinit)
    .constdata                               0x08001c80   Section       40  _printf_hex_int.o(.constdata)
    uc_hextab                                0x08001c80   Data          20  _printf_hex_int.o(.constdata)
    lc_hextab                                0x08001c94   Data          20  _printf_hex_int.o(.constdata)
    .constdata                               0x08001ca8   Section       17  __printf_flags_wp.o(.constdata)
    maptable                                 0x08001ca8   Data          17  __printf_flags_wp.o(.constdata)
    .data                                    0x20000000   Section        8  ti_lib.o(.data)
    TimingDelay                              0x20000000   Data           4  ti_lib.o(.data)
    uptime                                   0x20000004   Data           4  ti_lib.o(.data)
    .data                                    0x20000008   Section       16  stm32f4xx_rcc.o(.data)
    APBAHBPrescTable                         0x20000008   Data          16  stm32f4xx_rcc.o(.data)
    .data                                    0x20000018   Section       20  system_stm32f4xx.o(.data)
    .data                                    0x2000002c   Section        4  usart.o(.data)
    tx_restart                               0x2000002c   Data           4  usart.o(.data)
    .bss                                     0x20000030   Section      528  usart.o(.bss)
    rbuf                                     0x20000030   Data         264  usart.o(.bss)
    tbuf                                     0x20000138   Data         264  usart.o(.bss)
    .bss                                     0x20000240   Section       96  libspace.o(.bss)
    HEAP                                     0x200002a0   Section    32768  startup_stm32f4xx.o(HEAP)
    Heap_Mem                                 0x200002a0   Data       32768  startup_stm32f4xx.o(HEAP)
    STACK                                    0x200082a0   Section     4096  startup_stm32f4xx.o(STACK)
    Stack_Mem                                0x200082a0   Data        4096  startup_stm32f4xx.o(STACK)
    __initial_sp                             0x200092a0   Data           0  startup_stm32f4xx.o(STACK)

    Global Symbols

    Symbol Name                              Value     Ov Type        Size  Object(Section)

    BuildAttributes$$THM_ISAv4$E$P$D$K$B$S$7EM$VFPi3$EXTD16$VFPS$VFMA$PE$A:L22UL41UL21$X:L11$S22US41US21$IEEE1$IW$USESV6$~STKCKD$USESV7$~SHL$OSPACE$ROPI$EBA8$UX$STANDARDLIB$REQ8$PRES8$EABIv2 0x00000000   Number         0  anon$$obj.o ABSOLUTE
    __ARM_use_no_argv                        0x00000000   Number         0  main.o ABSOLUTE
    _printf_flags                            0x00000000   Number         0  printf_stubs.o ABSOLUTE
    _printf_return_value                     0x00000000   Number         0  printf_stubs.o ABSOLUTE
    _printf_sizespec                         0x00000000   Number         0  printf_stubs.o ABSOLUTE
    _printf_widthprec                        0x00000000   Number         0  printf_stubs.o ABSOLUTE
    __ARM_exceptions_init                     - Undefined Weak Reference
    __alloca_initialize                       - Undefined Weak Reference
    __arm_preinit_                            - Undefined Weak Reference
    __cpp_initialize__aeabi_                  - Undefined Weak Reference
    __cxa_finalize                            - Undefined Weak Reference
    __rt_locale                               - Undefined Weak Reference
    __sigvec_lookup                           - Undefined Weak Reference
    _atexit_init                              - Undefined Weak Reference
    _call_atexit_fns                          - Undefined Weak Reference
    _clock_init                               - Undefined Weak Reference
    _fp_trap_init                             - Undefined Weak Reference
    _fp_trap_shutdown                         - Undefined Weak Reference
    _get_lc_collate                           - Undefined Weak Reference
    _get_lc_ctype                             - Undefined Weak Reference
    _get_lc_monetary                          - Undefined Weak Reference
    _get_lc_numeric                           - Undefined Weak Reference
    _get_lc_time                              - Undefined Weak Reference
    _getenv_init                              - Undefined Weak Reference
    _handle_redirection                       - Undefined Weak Reference
    _init_alloc                               - Undefined Weak Reference
    _init_user_alloc                          - Undefined Weak Reference
    _initio                                   - Undefined Weak Reference
    _printf_truncate_signed                   - Undefined Weak Reference
    _printf_truncate_unsigned                 - Undefined Weak Reference
    _rand_init                                - Undefined Weak Reference
    _signal_finish                            - Undefined Weak Reference
    _signal_init                              - Undefined Weak Reference
    _terminate_alloc                          - Undefined Weak Reference
    _terminate_user_alloc                     - Undefined Weak Reference
    _terminateio                              - Undefined Weak Reference
    __Vectors_Size                           0x00000188   Number         0  startup_stm32f4xx.o ABSOLUTE
    __Vectors                                0x08000000   Data           4  startup_stm32f4xx.o(RESET)
    __Vectors_End                            0x08000188   Data           0  startup_stm32f4xx.o(RESET)
    __main                                   0x08000189   Thumb Code     8  __main.o(!!!main)
    __scatterload                            0x08000191   Thumb Code     0  __scatter.o(!!!scatter)
    __scatterload_rt2                        0x08000191   Thumb Code    44  __scatter.o(!!!scatter)
    __scatterload_rt2_thumb_only             0x08000191   Thumb Code     0  __scatter.o(!!!scatter)
    __scatterload_null                       0x0800019f   Thumb Code     0  __scatter.o(!!!scatter)
    __scatterload_copy                       0x080001c5   Thumb Code    26  __scatter_copy.o(!!handler_copy)
    __scatterload_zeroinit                   0x080001e1   Thumb Code    28  __scatter_zi.o(!!handler_zi)
    _printf_d                                0x080001fd   Thumb Code     0  _printf_d.o(.ARM.Collect$$_printf_percent$$00000009)
    _printf_percent                          0x080001fd   Thumb Code     0  _printf_percent.o(.ARM.Collect$$_printf_percent$$00000000)
    _printf_x                                0x08000203   Thumb Code     0  _printf_x.o(.ARM.Collect$$_printf_percent$$0000000C)
    _printf_percent_end                      0x08000209   Thumb Code     0  _printf_percent_end.o(.ARM.Collect$$_printf_percent$$00000017)
    __rt_lib_init                            0x0800020d   Thumb Code     0  libinit.o(.ARM.Collect$$libinit$$00000000)
    __rt_lib_init_fp_1                       0x0800020f   Thumb Code     0  libinit2.o(.ARM.Collect$$libinit$$00000001)
    __rt_lib_init_alloca_1                   0x08000213   Thumb Code     0  libinit2.o(.ARM.Collect$$libinit$$0000002E)
    __rt_lib_init_argv_1                     0x08000213   Thumb Code     0  libinit2.o(.ARM.Collect$$libinit$$0000002C)
    __rt_lib_init_atexit_1                   0x08000213   Thumb Code     0  libinit2.o(.ARM.Collect$$libinit$$0000001B)
    __rt_lib_init_clock_1                    0x08000213   Thumb Code     0  libinit2.o(.ARM.Collect$$libinit$$00000021)
    __rt_lib_init_cpp_1                      0x08000213   Thumb Code     0  libinit2.o(.ARM.Collect$$libinit$$00000032)
    __rt_lib_init_exceptions_1               0x08000213   Thumb Code     0  libinit2.o(.ARM.Collect$$libinit$$00000030)
    __rt_lib_init_fp_trap_1                  0x08000213   Thumb Code     0  libinit2.o(.ARM.Collect$$libinit$$0000001F)
    __rt_lib_init_getenv_1                   0x08000213   Thumb Code     0  libinit2.o(.ARM.Collect$$libinit$$00000023)
    __rt_lib_init_heap_1                     0x08000213   Thumb Code     0  libinit2.o(.ARM.Collect$$libinit$$0000000A)
    __rt_lib_init_lc_collate_1               0x08000213   Thumb Code     0  libinit2.o(.ARM.Collect$$libinit$$00000011)
    __rt_lib_init_lc_ctype_1                 0x08000213   Thumb Code     0  libinit2.o(.ARM.Collect$$libinit$$00000013)
    __rt_lib_init_lc_monetary_1              0x08000213   Thumb Code     0  libinit2.o(.ARM.Collect$$libinit$$00000015)
    __rt_lib_init_lc_numeric_1               0x08000213   Thumb Code     0  libinit2.o(.ARM.Collect$$libinit$$00000017)
    __rt_lib_init_lc_time_1                  0x08000213   Thumb Code     0  libinit2.o(.ARM.Collect$$libinit$$00000019)
    __rt_lib_init_preinit_1                  0x08000213   Thumb Code     0  libinit2.o(.ARM.Collect$$libinit$$00000004)
    __rt_lib_init_rand_1                     0x08000213   Thumb Code     0  libinit2.o(.ARM.Collect$$libinit$$0000000E)
    __rt_lib_init_return                     0x08000213   Thumb Code     0  libinit2.o(.ARM.Collect$$libinit$$00000033)
    __rt_lib_init_signal_1                   0x08000213   Thumb Code     0  libinit2.o(.ARM.Collect$$libinit$$0000001D)
    __rt_lib_init_stdio_1                    0x08000213   Thumb Code     0  libinit2.o(.ARM.Collect$$libinit$$00000025)
    __rt_lib_init_user_alloc_1               0x08000213   Thumb Code     0  libinit2.o(.ARM.Collect$$libinit$$0000000C)
    __rt_lib_shutdown                        0x08000215   Thumb Code     0  libshutdown.o(.ARM.Collect$$libshutdown$$00000000)
    __rt_lib_shutdown_cpp_1                  0x08000217   Thumb Code     0  libshutdown2.o(.ARM.Collect$$libshutdown$$00000002)
    __rt_lib_shutdown_fp_trap_1              0x08000217   Thumb Code     0  libshutdown2.o(.ARM.Collect$$libshutdown$$00000007)
    __rt_lib_shutdown_heap_1                 0x08000217   Thumb Code     0  libshutdown2.o(.ARM.Collect$$libshutdown$$0000000F)
    __rt_lib_shutdown_return                 0x08000217   Thumb Code     0  libshutdown2.o(.ARM.Collect$$libshutdown$$00000010)
    __rt_lib_shutdown_signal_1               0x08000217   Thumb Code     0  libshutdown2.o(.ARM.Collect$$libshutdown$$0000000A)
    __rt_lib_shutdown_stdio_1                0x08000217   Thumb Code     0  libshutdown2.o(.ARM.Collect$$libshutdown$$00000004)
    __rt_lib_shutdown_user_alloc_1           0x08000217   Thumb Code     0  libshutdown2.o(.ARM.Collect$$libshutdown$$0000000C)
    __rt_entry                               0x08000219   Thumb Code     0  __rtentry.o(.ARM.Collect$$rtentry$$00000000)
    __rt_entry_presh_1                       0x08000219   Thumb Code     0  __rtentry2.o(.ARM.Collect$$rtentry$$00000002)
    __rt_entry_sh                            0x08000219   Thumb Code     0  __rtentry4.o(.ARM.Collect$$rtentry$$00000004)
    __rt_entry_li                            0x0800021f   Thumb Code     0  __rtentry2.o(.ARM.Collect$$rtentry$$0000000A)
    __rt_entry_postsh_1                      0x0800021f   Thumb Code     0  __rtentry2.o(.ARM.Collect$$rtentry$$00000009)
    __rt_entry_main                          0x08000223   Thumb Code     0  __rtentry2.o(.ARM.Collect$$rtentry$$0000000D)
    __rt_entry_postli_1                      0x08000223   Thumb Code     0  __rtentry2.o(.ARM.Collect$$rtentry$$0000000C)
    __rt_exit                                0x0800022b   Thumb Code     0  rtexit.o(.ARM.Collect$$rtexit$$00000000)
    __rt_exit_ls                             0x0800022d   Thumb Code     0  rtexit2.o(.ARM.Collect$$rtexit$$00000003)
    __rt_exit_prels_1                        0x0800022d   Thumb Code     0  rtexit2.o(.ARM.Collect$$rtexit$$00000002)
    __rt_exit_exit                           0x08000231   Thumb Code     0  rtexit2.o(.ARM.Collect$$rtexit$$00000004)
    Reset_Handler                            0x08000239   Thumb Code    18  startup_stm32f4xx.o(.text)
    NMI_Handler                              0x0800024b   Thumb Code     2  startup_stm32f4xx.o(.text)
    HardFault_Handler                        0x0800024d   Thumb Code     2  startup_stm32f4xx.o(.text)
    MemManage_Handler                        0x0800024f   Thumb Code     2  startup_stm32f4xx.o(.text)
    BusFault_Handler                         0x08000251   Thumb Code     2  startup_stm32f4xx.o(.text)
    UsageFault_Handler                       0x08000253   Thumb Code     2  startup_stm32f4xx.o(.text)
    SVC_Handler                              0x08000255   Thumb Code     2  startup_stm32f4xx.o(.text)
    DebugMon_Handler                         0x08000257   Thumb Code     2  startup_stm32f4xx.o(.text)
    PendSV_Handler                           0x08000259   Thumb Code     2  startup_stm32f4xx.o(.text)
    ADC_IRQHandler                           0x0800025d   Thumb Code     0  startup_stm32f4xx.o(.text)
    CAN1_RX0_IRQHandler                      0x0800025d   Thumb Code     0  startup_stm32f4xx.o(.text)
    CAN1_RX1_IRQHandler                      0x0800025d   Thumb Code     0  startup_stm32f4xx.o(.text)
    CAN1_SCE_IRQHandler                      0x0800025d   Thumb Code     0  startup_stm32f4xx.o(.text)
    CAN1_TX_IRQHandler                       0x0800025d   Thumb Code     0  startup_stm32f4xx.o(.text)
    CAN2_RX0_IRQHandler                      0x0800025d   Thumb Code     0  startup_stm32f4xx.o(.text)
    CAN2_RX1_IRQHandler                      0x0800025d   Thumb Code     0  startup_stm32f4xx.o(.text)
    CAN2_SCE_IRQHandler                      0x0800025d   Thumb Code     0  startup_stm32f4xx.o(.text)
    CAN2_TX_IRQHandler                       0x0800025d   Thumb Code     0  startup_stm32f4xx.o(.text)
    CRYP_IRQHandler                          0x0800025d   Thumb Code     0  startup_stm32f4xx.o(.text)
    DCMI_IRQHandler                          0x0800025d   Thumb Code     0  startup_stm32f4xx.o(.text)
    DMA1_Stream0_IRQHandler                  0x0800025d   Thumb Code     0  startup_stm32f4xx.o(.text)
    DMA1_Stream1_IRQHandler                  0x0800025d   Thumb Code     0  startup_stm32f4xx.o(.text)
    DMA1_Stream2_IRQHandler                  0x0800025d   Thumb Code     0  startup_stm32f4xx.o(.text)
    DMA1_Stream3_IRQHandler                  0x0800025d   Thumb Code     0  startup_stm32f4xx.o(.text)
    DMA1_Stream4_IRQHandler                  0x0800025d   Thumb Code     0  startup_stm32f4xx.o(.text)
    DMA1_Stream5_IRQHandler                  0x0800025d   Thumb Code     0  startup_stm32f4xx.o(.text)
    DMA1_Stream6_IRQHandler                  0x0800025d   Thumb Code     0  startup_stm32f4xx.o(.text)
    DMA1_Stream7_IRQHandler                  0x0800025d   Thumb Code     0  startup_stm32f4xx.o(.text)
    DMA2_Stream0_IRQHandler                  0x0800025d   Thumb Code     0  startup_stm32f4xx.o(.text)
    DMA2_Stream1_IRQHandler                  0x0800025d   Thumb Code     0  startup_stm32f4xx.o(.text)
    DMA2_Stream2_IRQHandler                  0x0800025d   Thumb Code     0  startup_stm32f4xx.o(.text)
    DMA2_Stream3_IRQHandler                  0x0800025d   Thumb Code     0  startup_stm32f4xx.o(.text)
    DMA2_Stream4_IRQHandler                  0x0800025d   Thumb Code     0  startup_stm32f4xx.o(.text)
    DMA2_Stream5_IRQHandler                  0x0800025d   Thumb Code     0  startup_stm32f4xx.o(.text)
    DMA2_Stream6_IRQHandler                  0x0800025d   Thumb Code     0  startup_stm32f4xx.o(.text)
    DMA2_Stream7_IRQHandler                  0x0800025d   Thumb Code     0  startup_stm32f4xx.o(.text)
    ETH_IRQHandler                           0x0800025d   Thumb Code     0  startup_stm32f4xx.o(.text)
    ETH_WKUP_IRQHandler                      0x0800025d   Thumb Code     0  startup_stm32f4xx.o(.text)
    EXTI0_IRQHandler                         0x0800025d   Thumb Code     0  startup_stm32f4xx.o(.text)
    EXTI15_10_IRQHandler                     0x0800025d   Thumb Code     0  startup_stm32f4xx.o(.text)
    EXTI1_IRQHandler                         0x0800025d   Thumb Code     0  startup_stm32f4xx.o(.text)
    EXTI2_IRQHandler                         0x0800025d   Thumb Code     0  startup_stm32f4xx.o(.text)
    EXTI3_IRQHandler                         0x0800025d   Thumb Code     0  startup_stm32f4xx.o(.text)
    EXTI4_IRQHandler                         0x0800025d   Thumb Code     0  startup_stm32f4xx.o(.text)
    EXTI9_5_IRQHandler                       0x0800025d   Thumb Code     0  startup_stm32f4xx.o(.text)
    FLASH_IRQHandler                         0x0800025d   Thumb Code     0  startup_stm32f4xx.o(.text)
    FPU_IRQHandler                           0x0800025d   Thumb Code     0  startup_stm32f4xx.o(.text)
    FSMC_IRQHandler                          0x0800025d   Thumb Code     0  startup_stm32f4xx.o(.text)
    HASH_RNG_IRQHandler                      0x0800025d   Thumb Code     0  startup_stm32f4xx.o(.text)
    I2C1_ER_IRQHandler                       0x0800025d   Thumb Code     0  startup_stm32f4xx.o(.text)
    I2C1_EV_IRQHandler                       0x0800025d   Thumb Code     0  startup_stm32f4xx.o(.text)
    I2C2_ER_IRQHandler                       0x0800025d   Thumb Code     0  startup_stm32f4xx.o(.text)
    I2C2_EV_IRQHandler                       0x0800025d   Thumb Code     0  startup_stm32f4xx.o(.text)
    I2C3_ER_IRQHandler                       0x0800025d   Thumb Code     0  startup_stm32f4xx.o(.text)
    I2C3_EV_IRQHandler                       0x0800025d   Thumb Code     0  startup_stm32f4xx.o(.text)
    OTG_FS_IRQHandler                        0x0800025d   Thumb Code     0  startup_stm32f4xx.o(.text)
    OTG_FS_WKUP_IRQHandler                   0x0800025d   Thumb Code     0  startup_stm32f4xx.o(.text)
    OTG_HS_EP1_IN_IRQHandler                 0x0800025d   Thumb Code     0  startup_stm32f4xx.o(.text)
    OTG_HS_EP1_OUT_IRQHandler                0x0800025d   Thumb Code     0  startup_stm32f4xx.o(.text)
    OTG_HS_IRQHandler                        0x0800025d   Thumb Code     0  startup_stm32f4xx.o(.text)
    OTG_HS_WKUP_IRQHandler                   0x0800025d   Thumb Code     0  startup_stm32f4xx.o(.text)
    PVD_IRQHandler                           0x0800025d   Thumb Code     0  startup_stm32f4xx.o(.text)
    RCC_IRQHandler                           0x0800025d   Thumb Code     0  startup_stm32f4xx.o(.text)
    RTC_Alarm_IRQHandler                     0x0800025d   Thumb Code     0  startup_stm32f4xx.o(.text)
    RTC_WKUP_IRQHandler                      0x0800025d   Thumb Code     0  startup_stm32f4xx.o(.text)
    SDIO_IRQHandler                          0x0800025d   Thumb Code     0  startup_stm32f4xx.o(.text)
    SPI1_IRQHandler                          0x0800025d   Thumb Code     0  startup_stm32f4xx.o(.text)
    SPI2_IRQHandler                          0x0800025d   Thumb Code     0  startup_stm32f4xx.o(.text)
    SPI3_IRQHandler                          0x0800025d   Thumb Code     0  startup_stm32f4xx.o(.text)
    TAMP_STAMP_IRQHandler                    0x0800025d   Thumb Code     0  startup_stm32f4xx.o(.text)
    TIM1_BRK_TIM9_IRQHandler                 0x0800025d   Thumb Code     0  startup_stm32f4xx.o(.text)
    TIM1_CC_IRQHandler                       0x0800025d   Thumb Code     0  startup_stm32f4xx.o(.text)
    TIM1_TRG_COM_TIM11_IRQHandler            0x0800025d   Thumb Code     0  startup_stm32f4xx.o(.text)
    TIM1_UP_TIM10_IRQHandler                 0x0800025d   Thumb Code     0  startup_stm32f4xx.o(.text)
    TIM2_IRQHandler                          0x0800025d   Thumb Code     0  startup_stm32f4xx.o(.text)
    TIM3_IRQHandler                          0x0800025d   Thumb Code     0  startup_stm32f4xx.o(.text)
    TIM4_IRQHandler                          0x0800025d   Thumb Code     0  startup_stm32f4xx.o(.text)
    TIM5_IRQHandler                          0x0800025d   Thumb Code     0  startup_stm32f4xx.o(.text)
    TIM6_DAC_IRQHandler                      0x0800025d   Thumb Code     0  startup_stm32f4xx.o(.text)
    TIM7_IRQHandler                          0x0800025d   Thumb Code     0  startup_stm32f4xx.o(.text)
    TIM8_BRK_TIM12_IRQHandler                0x0800025d   Thumb Code     0  startup_stm32f4xx.o(.text)
    TIM8_CC_IRQHandler                       0x0800025d   Thumb Code     0  startup_stm32f4xx.o(.text)
    TIM8_TRG_COM_TIM14_IRQHandler            0x0800025d   Thumb Code     0  startup_stm32f4xx.o(.text)
    TIM8_UP_TIM13_IRQHandler                 0x0800025d   Thumb Code     0  startup_stm32f4xx.o(.text)
    UART4_IRQHandler                         0x0800025d   Thumb Code     0  startup_stm32f4xx.o(.text)
    UART5_IRQHandler                         0x0800025d   Thumb Code     0  startup_stm32f4xx.o(.text)
    USART2_IRQHandler                        0x0800025d   Thumb Code     0  startup_stm32f4xx.o(.text)
    USART3_IRQHandler                        0x0800025d   Thumb Code     0  startup_stm32f4xx.o(.text)
    USART6_IRQHandler                        0x0800025d   Thumb Code     0  startup_stm32f4xx.o(.text)
    WWDG_IRQHandler                          0x0800025d   Thumb Code     0  startup_stm32f4xx.o(.text)
    __user_initial_stackheap                 0x08000261   Thumb Code     0  startup_stm32f4xx.o(.text)
    __2sprintf                               0x08000289   Thumb Code    34  noretval__2sprintf.o(.text)
    _printf_pre_padding                      0x080002b1   Thumb Code    44  _printf_pad.o(.text)
    _printf_post_padding                     0x080002dd   Thumb Code    34  _printf_pad.o(.text)
    _printf_int_dec                          0x08000301   Thumb Code   104  _printf_dec.o(.text)
    _printf_int_hex                          0x08000379   Thumb Code    84  _printf_hex_int.o(.text)
    _printf_longlong_hex                     0x08000379   Thumb Code     0  _printf_hex_int.o(.text)
    __printf                                 0x080003d1   Thumb Code   308  __printf_flags_wp.o(.text)
    strlen                                   0x08000509   Thumb Code    62  strlen.o(.text)
    __use_two_region_memory                  0x08000547   Thumb Code     2  heapauxi.o(.text)
    __rt_heap_escrow$2region                 0x08000549   Thumb Code     2  heapauxi.o(.text)
    __rt_heap_expand$2region                 0x0800054b   Thumb Code     2  heapauxi.o(.text)
    _printf_int_common                       0x0800054d   Thumb Code   178  _printf_intcommon.o(.text)
    _printf_char_common                      0x0800060b   Thumb Code    32  _printf_char_common.o(.text)
    _sputc                                   0x08000631   Thumb Code    10  _sputc.o(.text)
    __user_setup_stackheap                   0x0800063b   Thumb Code    74  sys_stackheap_outer.o(.text)
    exit                                     0x08000685   Thumb Code    18  exit.o(.text)
    __user_libspace                          0x08000699   Thumb Code     8  libspace.o(.text)
    __user_perproc_libspace                  0x08000699   Thumb Code     0  libspace.o(.text)
    __user_perthread_libspace                0x08000699   Thumb Code     0  libspace.o(.text)
    Delay                                    0x080006a1   Thumb Code    20  ti_lib.o(i.Delay)
    GPIO_Init                                0x080006b9   Thumb Code   342  stm32f4xx_gpio.o(i.GPIO_Init)
    GPIO_PinAFConfig                         0x0800085d   Thumb Code   338  stm32f4xx_gpio.o(i.GPIO_PinAFConfig)
    Init_IO                                  0x080009fd   Thumb Code   136  ti_board_io.o(i.Init_IO)
    Init_SPI                                 0x08000a91   Thumb Code   384  ti_board_io.o(i.Init_SPI)
    Init_System_Clock                        0x08000c21   Thumb Code    94  ti_board_io.o(i.Init_System_Clock)
    Init_TI_Board                            0x08000c8d   Thumb Code    34  ti_lib.o(i.Init_TI_Board)
    NVIC_Init                                0x08000cb1   Thumb Code   164  misc.o(i.NVIC_Init)
    NVIC_PriorityGroupConfig                 0x08000d81   Thumb Code    54  misc.o(i.NVIC_PriorityGroupConfig)
    OWdelay                                  0x08000de1   Thumb Code    30  owire.o(i.OWdelay)
    OWinit                                   0x08000e01   Thumb Code   122  owire.o(i.OWinit)
    OWinput                                  0x08000e81   Thumb Code    26  owire.o(i.OWinput)
    OWoutput                                 0x08000ea3   Thumb Code    26  owire.o(i.OWoutput)
    OWreadPIN                                0x08000ebd   Thumb Code    20  owire.o(i.OWreadPIN)
    OWread_BIT                               0x08000ed1   Thumb Code    56  owire.o(i.OWread_BIT)
    OWreset                                  0x08000f09   Thumb Code   124  owire.o(i.OWreset)
    OWsearch                                 0x08000f85   Thumb Code   292  owire.o(i.OWsearch)
    OWwrite                                  0x080010a9   Thumb Code    60  owire.o(i.OWwrite)
    OWwriteHIGH                              0x080010e5   Thumb Code     8  owire.o(i.OWwriteHIGH)
    OWwriteLOW                               0x080010ed   Thumb Code     8  owire.o(i.OWwriteLOW)
    OWwrite_BIT                              0x080010f5   Thumb Code    92  owire.o(i.OWwrite_BIT)
    RCC_AHB1PeriphClockCmd                   0x08001151   Thumb Code    70  stm32f4xx_rcc.o(i.RCC_AHB1PeriphClockCmd)
    RCC_APB2PeriphClockCmd                   0x080011c9   Thumb Code    70  stm32f4xx_rcc.o(i.RCC_APB2PeriphClockCmd)
    RCC_GetClocksFreq                        0x08001241   Thumb Code   214  stm32f4xx_rcc.o(i.RCC_GetClocksFreq)
    SysTick_Handler                          0x08001415   Thumb Code     8  ti_lib.o(i.SysTick_Handler)
    SystemCoreClockUpdate                    0x0800141d   Thumb Code   170  system_stm32f4xx.o(i.SystemCoreClockUpdate)
    SystemInit                               0x080014dd   Thumb Code    88  system_stm32f4xx.o(i.SystemInit)
    TFT_Init                                 0x08001545   Thumb Code    20  tft.o(i.TFT_Init)
    TFT_cls                                  0x08001559   Thumb Code    10  tft.o(i.TFT_cls)
    TFT_putc                                 0x08001563   Thumb Code    30  tft.o(i.TFT_putc)
    TFT_puts                                 0x08001581   Thumb Code    20  tft.o(i.TFT_puts)
    TFT_send_data                            0x08001595   Thumb Code   230  tft.o(i.TFT_send_data)
    TFT_terminal_on                          0x08001685   Thumb Code    30  tft.o(i.TFT_terminal_on)
    TFT_touch_key_feedback                   0x080016a3   Thumb Code    72  tft.o(i.TFT_touch_key_feedback)
    TimingDelay_Decrement                    0x080016ed   Thumb Code    28  ti_lib.o(i.TimingDelay_Decrement)
    USART1_Buffer_Init                       0x08001711   Thumb Code    24  usart.o(i.USART1_Buffer_Init)
    USART1_IRQHandler                        0x08001735   Thumb Code   138  usart.o(i.USART1_IRQHandler)
    USART1_Init                              0x080017d1   Thumb Code   196  usart.o(i.USART1_Init)
    USART_Cmd                                0x0800189d   Thumb Code    96  stm32f4xx_usart.o(i.USART_Cmd)
    USART_Init                               0x0800193d   Thumb Code   456  stm32f4xx_usart.o(i.USART_Init)
    USART_OverSampling8Cmd                   0x08001b49   Thumb Code    94  stm32f4xx_usart.o(i.USART_OverSampling8Cmd)
    _is_digit                                0x08001be9   Thumb Code    14  __printf_wp.o(i._is_digit)
    _sys_exit                                0x08001bf7   Thumb Code     4  retarget.o(i._sys_exit)
    assert_failed                            0x08001bfb   Thumb Code     4  assert.o(i.assert_failed)
    getTimeStamp                             0x08001bff   Thumb Code     8  timer.o(i.getTimeStamp)
    main                                     0x08001c09   Thumb Code    78  main.o(i.main)
    resetTimer                               0x08001c6d   Thumb Code    10  timer.o(i.resetTimer)
    _fp_init                                 0x08001c77   Thumb Code    10  fpinit.o(x$fpl$fpinit)
    __fplib_config_fpu_vfp                   0x08001c7f   Thumb Code     0  fpinit.o(x$fpl$fpinit)
    __fplib_config_pureend_doubles           0x08001c7f   Thumb Code     0  fpinit.o(x$fpl$fpinit)
    Region$$Table$$Base                      0x08001cbc   Number         0  anon$$obj.o(Region$$Table)
    Region$$Table$$Limit                     0x08001cdc   Number         0  anon$$obj.o(Region$$Table)
    SystemCoreClock                          0x20000018   Data           4  system_stm32f4xx.o(.data)
    AHBPrescTable                            0x2000001c   Data          16  system_stm32f4xx.o(.data)
    __libspace_start                         0x20000240   Data          96  libspace.o(.bss)
    __temporary_stack_top$libspace           0x200002a0   Data           0  libspace.o(.bss)



==============================================================================

Memory Map of the image

  Image Entry point : 0x08000189

  Load Region LR_IROM1 (Base: 0x08000000, Size: 0x00001d0c, Max: 0x00100000, ABSOLUTE)

    Execution Region ER_IROM1 (Exec base: 0x08000000, Load base: 0x08000000, Size: 0x00001cdc, Max: 0x00100000, ABSOLUTE)

    Exec Addr    Load Addr    Size         Type   Attr      Idx    E Section Name        Object

    0x08000000   0x08000000   0x00000188   Data   RO         1470    RESET               startup_stm32f4xx.o
    0x08000188   0x08000188   0x00000008   Code   RO         1913  * !!!main             c_w.l(__main.o)
    0x08000190   0x08000190   0x00000034   Code   RO         2074    !!!scatter          c_w.l(__scatter.o)
    0x080001c4   0x080001c4   0x0000001a   Code   RO         2076    !!handler_copy      c_w.l(__scatter_copy.o)
    0x080001de   0x080001de   0x00000002   PAD
    0x080001e0   0x080001e0   0x0000001c   Code   RO         2078    !!handler_zi        c_w.l(__scatter_zi.o)
    0x080001fc   0x080001fc   0x00000000   Code   RO         1908    .ARM.Collect$$_printf_percent$$00000000  c_w.l(_printf_percent.o)
    0x080001fc   0x080001fc   0x00000006   Code   RO         1907    .ARM.Collect$$_printf_percent$$00000009  c_w.l(_printf_d.o)
    0x08000202   0x08000202   0x00000006   Code   RO         1906    .ARM.Collect$$_printf_percent$$0000000C  c_w.l(_printf_x.o)
    0x08000208   0x08000208   0x00000004   Code   RO         1926    .ARM.Collect$$_printf_percent$$00000017  c_w.l(_printf_percent_end.o)
    0x0800020c   0x0800020c   0x00000002   Code   RO         1953    .ARM.Collect$$libinit$$00000000  c_w.l(libinit.o)
    0x0800020e   0x0800020e   0x00000004   Code   RO         1959    .ARM.Collect$$libinit$$00000001  c_w.l(libinit2.o)
    0x08000212   0x08000212   0x00000000   Code   RO         1962    .ARM.Collect$$libinit$$00000004  c_w.l(libinit2.o)
    0x08000212   0x08000212   0x00000000   Code   RO         1965    .ARM.Collect$$libinit$$0000000A  c_w.l(libinit2.o)
    0x08000212   0x08000212   0x00000000   Code   RO         1967    .ARM.Collect$$libinit$$0000000C  c_w.l(libinit2.o)
    0x08000212   0x08000212   0x00000000   Code   RO         1969    .ARM.Collect$$libinit$$0000000E  c_w.l(libinit2.o)
    0x08000212   0x08000212   0x00000000   Code   RO         1972    .ARM.Collect$$libinit$$00000011  c_w.l(libinit2.o)
    0x08000212   0x08000212   0x00000000   Code   RO         1974    .ARM.Collect$$libinit$$00000013  c_w.l(libinit2.o)
    0x08000212   0x08000212   0x00000000   Code   RO         1976    .ARM.Collect$$libinit$$00000015  c_w.l(libinit2.o)
    0x08000212   0x08000212   0x00000000   Code   RO         1978    .ARM.Collect$$libinit$$00000017  c_w.l(libinit2.o)
    0x08000212   0x08000212   0x00000000   Code   RO         1980    .ARM.Collect$$libinit$$00000019  c_w.l(libinit2.o)
    0x08000212   0x08000212   0x00000000   Code   RO         1982    .ARM.Collect$$libinit$$0000001B  c_w.l(libinit2.o)
    0x08000212   0x08000212   0x00000000   Code   RO         1984    .ARM.Collect$$libinit$$0000001D  c_w.l(libinit2.o)
    0x08000212   0x08000212   0x00000000   Code   RO         1986    .ARM.Collect$$libinit$$0000001F  c_w.l(libinit2.o)
    0x08000212   0x08000212   0x00000000   Code   RO         1988    .ARM.Collect$$libinit$$00000021  c_w.l(libinit2.o)
    0x08000212   0x08000212   0x00000000   Code   RO         1990    .ARM.Collect$$libinit$$00000023  c_w.l(libinit2.o)
    0x08000212   0x08000212   0x00000000   Code   RO         1992    .ARM.Collect$$libinit$$00000025  c_w.l(libinit2.o)
    0x08000212   0x08000212   0x00000000   Code   RO         1996    .ARM.Collect$$libinit$$0000002C  c_w.l(libinit2.o)
    0x08000212   0x08000212   0x00000000   Code   RO         1998    .ARM.Collect$$libinit$$0000002E  c_w.l(libinit2.o)
    0x08000212   0x08000212   0x00000000   Code   RO         2000    .ARM.Collect$$libinit$$00000030  c_w.l(libinit2.o)
    0x08000212   0x08000212   0x00000000   Code   RO         2002    .ARM.Collect$$libinit$$00000032  c_w.l(libinit2.o)
    0x08000212   0x08000212   0x00000002   Code   RO         2003    .ARM.Collect$$libinit$$00000033  c_w.l(libinit2.o)
    0x08000214   0x08000214   0x00000002   Code   RO         2021    .ARM.Collect$$libshutdown$$00000000  c_w.l(libshutdown.o)
    0x08000216   0x08000216   0x00000000   Code   RO         2029    .ARM.Collect$$libshutdown$$00000002  c_w.l(libshutdown2.o)
    0x08000216   0x08000216   0x00000000   Code   RO         2031    .ARM.Collect$$libshutdown$$00000004  c_w.l(libshutdown2.o)
    0x08000216   0x08000216   0x00000000   Code   RO         2034    .ARM.Collect$$libshutdown$$00000007  c_w.l(libshutdown2.o)
    0x08000216   0x08000216   0x00000000   Code   RO         2037    .ARM.Collect$$libshutdown$$0000000A  c_w.l(libshutdown2.o)
    0x08000216   0x08000216   0x00000000   Code   RO         2039    .ARM.Collect$$libshutdown$$0000000C  c_w.l(libshutdown2.o)
    0x08000216   0x08000216   0x00000000   Code   RO         2042    .ARM.Collect$$libshutdown$$0000000F  c_w.l(libshutdown2.o)
    0x08000216   0x08000216   0x00000002   Code   RO         2043    .ARM.Collect$$libshutdown$$00000010  c_w.l(libshutdown2.o)
    0x08000218   0x08000218   0x00000000   Code   RO         1915    .ARM.Collect$$rtentry$$00000000  c_w.l(__rtentry.o)
    0x08000218   0x08000218   0x00000000   Code   RO         1928    .ARM.Collect$$rtentry$$00000002  c_w.l(__rtentry2.o)
    0x08000218   0x08000218   0x00000006   Code   RO         1940    .ARM.Collect$$rtentry$$00000004  c_w.l(__rtentry4.o)
    0x0800021e   0x0800021e   0x00000000   Code   RO         1930    .ARM.Collect$$rtentry$$00000009  c_w.l(__rtentry2.o)
    0x0800021e   0x0800021e   0x00000004   Code   RO         1931    .ARM.Collect$$rtentry$$0000000A  c_w.l(__rtentry2.o)
    0x08000222   0x08000222   0x00000000   Code   RO         1933    .ARM.Collect$$rtentry$$0000000C  c_w.l(__rtentry2.o)
    0x08000222   0x08000222   0x00000008   Code   RO         1934    .ARM.Collect$$rtentry$$0000000D  c_w.l(__rtentry2.o)
    0x0800022a   0x0800022a   0x00000002   Code   RO         1957    .ARM.Collect$$rtexit$$00000000  c_w.l(rtexit.o)
    0x0800022c   0x0800022c   0x00000000   Code   RO         2005    .ARM.Collect$$rtexit$$00000002  c_w.l(rtexit2.o)
    0x0800022c   0x0800022c   0x00000004   Code   RO         2006    .ARM.Collect$$rtexit$$00000003  c_w.l(rtexit2.o)
    0x08000230   0x08000230   0x00000006   Code   RO         2007    .ARM.Collect$$rtexit$$00000004  c_w.l(rtexit2.o)
    0x08000236   0x08000236   0x00000002   PAD
    0x08000238   0x08000238   0x00000050   Code   RO         1471    .text               startup_stm32f4xx.o
    0x08000288   0x08000288   0x00000028   Code   RO         1855    .text               c_w.l(noretval__2sprintf.o)
    0x080002b0   0x080002b0   0x0000004e   Code   RO         1861    .text               c_w.l(_printf_pad.o)
    0x080002fe   0x080002fe   0x00000002   PAD
    0x08000300   0x08000300   0x00000078   Code   RO         1863    .text               c_w.l(_printf_dec.o)
    0x08000378   0x08000378   0x00000058   Code   RO         1868    .text               c_w.l(_printf_hex_int.o)
    0x080003d0   0x080003d0   0x00000138   Code   RO         1898    .text               c_w.l(__printf_flags_wp.o)
    0x08000508   0x08000508   0x0000003e   Code   RO         1909    .text               c_w.l(strlen.o)
    0x08000546   0x08000546   0x00000006   Code   RO         1911    .text               c_w.l(heapauxi.o)
    0x0800054c   0x0800054c   0x000000b2   Code   RO         1916    .text               c_w.l(_printf_intcommon.o)
    0x080005fe   0x080005fe   0x00000002   PAD
    0x08000600   0x08000600   0x00000030   Code   RO         1918    .text               c_w.l(_printf_char_common.o)
    0x08000630   0x08000630   0x0000000a   Code   RO         1920    .text               c_w.l(_sputc.o)
    0x0800063a   0x0800063a   0x0000004a   Code   RO         1944    .text               c_w.l(sys_stackheap_outer.o)
    0x08000684   0x08000684   0x00000012   Code   RO         1946    .text               c_w.l(exit.o)
    0x08000696   0x08000696   0x00000002   PAD
    0x08000698   0x08000698   0x00000008   Code   RO         1954    .text               c_w.l(libspace.o)
    0x080006a0   0x080006a0   0x00000018   Code   RO          410    i.Delay             ti_lib.o
    0x080006b8   0x080006b8   0x000001a4   Code   RO         1370    i.GPIO_Init         stm32f4xx_gpio.o
    0x0800085c   0x0800085c   0x000001a0   Code   RO         1371    i.GPIO_PinAFConfig  stm32f4xx_gpio.o
    0x080009fc   0x080009fc   0x00000094   Code   RO         1662    i.Init_IO           ti_board_io.o
    0x08000a90   0x08000a90   0x00000190   Code   RO         1663    i.Init_SPI          ti_board_io.o
    0x08000c20   0x08000c20   0x0000006c   Code   RO         1664    i.Init_System_Clock  ti_board_io.o
    0x08000c8c   0x08000c8c   0x00000022   Code   RO          411    i.Init_TI_Board     ti_lib.o
    0x08000cae   0x08000cae   0x00000002   PAD
    0x08000cb0   0x08000cb0   0x000000d0   Code   RO          465    i.NVIC_Init         misc.o
    0x08000d80   0x08000d80   0x00000060   Code   RO          466    i.NVIC_PriorityGroupConfig  misc.o
    0x08000de0   0x08000de0   0x0000001e   Code   RO         1724    i.OWdelay           owire.o
    0x08000dfe   0x08000dfe   0x00000002   PAD
    0x08000e00   0x08000e00   0x00000080   Code   RO         1725    i.OWinit            owire.o
    0x08000e80   0x08000e80   0x0000001a   Code   RO         1726    i.OWinput           owire.o
    0x08000e9a   0x08000e9a   0x00000004   Code   RO         1727    i.OWinterrupts      owire.o
    0x08000e9e   0x08000e9e   0x00000004   Code   RO         1728    i.OWnoInterrupts    owire.o
    0x08000ea2   0x08000ea2   0x0000001a   Code   RO         1729    i.OWoutput          owire.o
    0x08000ebc   0x08000ebc   0x00000014   Code   RO         1731    i.OWreadPIN         owire.o
    0x08000ed0   0x08000ed0   0x00000038   Code   RO         1732    i.OWread_BIT        owire.o
    0x08000f08   0x08000f08   0x0000007c   Code   RO         1734    i.OWreset           owire.o
    0x08000f84   0x08000f84   0x00000124   Code   RO         1736    i.OWsearch          owire.o
    0x080010a8   0x080010a8   0x0000003c   Code   RO         1737    i.OWwrite           owire.o
    0x080010e4   0x080010e4   0x00000008   Code   RO         1738    i.OWwriteHIGH       owire.o
    0x080010ec   0x080010ec   0x00000008   Code   RO         1739    i.OWwriteLOW        owire.o
    0x080010f4   0x080010f4   0x0000005c   Code   RO         1740    i.OWwrite_BIT       owire.o
    0x08001150   0x08001150   0x00000078   Code   RO         1089    i.RCC_AHB1PeriphClockCmd  stm32f4xx_rcc.o
    0x080011c8   0x080011c8   0x00000078   Code   RO         1101    i.RCC_APB2PeriphClockCmd  stm32f4xx_rcc.o
    0x08001240   0x08001240   0x000000e8   Code   RO         1110    i.RCC_GetClocksFreq  stm32f4xx_rcc.o
    0x08001328   0x08001328   0x000000ec   Code   RO         1477    i.SetSysClock       system_stm32f4xx.o
    0x08001414   0x08001414   0x00000008   Code   RO          412    i.SysTick_Handler   ti_lib.o
    0x0800141c   0x0800141c   0x000000c0   Code   RO         1478    i.SystemCoreClockUpdate  system_stm32f4xx.o
    0x080014dc   0x080014dc   0x00000068   Code   RO         1479    i.SystemInit        system_stm32f4xx.o
    0x08001544   0x08001544   0x00000014   Code   RO           63    i.TFT_Init          tft.o
    0x08001558   0x08001558   0x0000000a   Code   RO           74    i.TFT_cls           tft.o
    0x08001562   0x08001562   0x0000001e   Code   RO           87    i.TFT_putc          tft.o
    0x08001580   0x08001580   0x00000014   Code   RO           88    i.TFT_puts          tft.o
    0x08001594   0x08001594   0x000000f0   Code   RO           90    i.TFT_send_data     tft.o
    0x08001684   0x08001684   0x0000001e   Code   RO          100    i.TFT_terminal_on   tft.o
    0x080016a2   0x080016a2   0x00000048   Code   RO          107    i.TFT_touch_key_feedback  tft.o
    0x080016ea   0x080016ea   0x00000002   PAD
    0x080016ec   0x080016ec   0x00000024   Code   RO          413    i.TimingDelay_Decrement  ti_lib.o
    0x08001710   0x08001710   0x00000024   Code   RO         1577    i.USART1_Buffer_Init  usart.o
    0x08001734   0x08001734   0x0000009c   Code   RO         1579    i.USART1_IRQHandler  usart.o
    0x080017d0   0x080017d0   0x000000cc   Code   RO         1580    i.USART1_Init       usart.o
    0x0800189c   0x0800189c   0x000000a0   Code   RO          902    i.USART_Cmd         stm32f4xx_usart.o
    0x0800193c   0x0800193c   0x0000020c   Code   RO          909    i.USART_Init        stm32f4xx_usart.o
    0x08001b48   0x08001b48   0x000000a0   Code   RO          915    i.USART_OverSampling8Cmd  stm32f4xx_usart.o
    0x08001be8   0x08001be8   0x0000000e   Code   RO         1896    i._is_digit         c_w.l(__printf_wp.o)
    0x08001bf6   0x08001bf6   0x00000004   Code   RO         1515    i._sys_exit         retarget.o
    0x08001bfa   0x08001bfa   0x00000004   Code   RO            1    i.assert_failed     assert.o
    0x08001bfe   0x08001bfe   0x00000008   Code   RO          375    i.getTimeStamp      timer.o
    0x08001c06   0x08001c06   0x00000002   PAD
    0x08001c08   0x08001c08   0x00000064   Code   RO         1701    i.main              main.o
    0x08001c6c   0x08001c6c   0x0000000a   Code   RO          376    i.resetTimer        timer.o
    0x08001c76   0x08001c76   0x0000000a   Code   RO         2013    x$fpl$fpinit        fz_wm.l(fpinit.o)
    0x08001c80   0x08001c80   0x00000028   Data   RO         1869    .constdata          c_w.l(_printf_hex_int.o)
    0x08001ca8   0x08001ca8   0x00000011   Data   RO         1899    .constdata          c_w.l(__printf_flags_wp.o)
    0x08001cb9   0x08001cb9   0x00000003   PAD
    0x08001cbc   0x08001cbc   0x00000020   Data   RO         2072    Region$$Table       anon$$obj.o


    Execution Region RW_IRAM1 (Exec base: 0x20000000, Load base: 0x08001cdc, Size: 0x000092a0, Max: 0x00020000, ABSOLUTE)

    Exec Addr    Load Addr    Size         Type   Attr      Idx    E Section Name        Object

    0x20000000   0x08001cdc   0x00000008   Data   RW          415    .data               ti_lib.o
    0x20000008   0x08001ce4   0x00000010   Data   RW         1133    .data               stm32f4xx_rcc.o
    0x20000018   0x08001cf4   0x00000014   Data   RW         1480    .data               system_stm32f4xx.o
    0x2000002c   0x08001d08   0x00000004   Data   RW         1583    .data               usart.o
    0x20000030        -       0x00000210   Zero   RW         1582    .bss                usart.o
    0x20000240        -       0x00000060   Zero   RW         1955    .bss                c_w.l(libspace.o)
    0x200002a0        -       0x00008000   Zero   RW         1469    HEAP                startup_stm32f4xx.o
    0x200082a0        -       0x00001000   Zero   RW         1468    STACK               startup_stm32f4xx.o


==============================================================================

Image component sizes


      Code (inc. data)   RO Data    RW Data    ZI Data      Debug   Object Name

         4          0          0          0          0       5284   assert.o
       100         22          0          0          0       1491   main.o
       304         86          0          0          0     210799   misc.o
       878          6          0          0          0      14781   owire.o
         4          0          0          0          0        492   retarget.o
        80         32        392          0      36864        876   startup_stm32f4xx.o
         0          0          0          0          0      12852   stm32f4xx_dma.o
       836        156          0          0          0       8491   stm32f4xx_gpio.o
       472        118          0         16          0       3994   stm32f4xx_rcc.o
       844        198          0          0          0       8938   stm32f4xx_usart.o
       532         54          0         20          0       2593   system_stm32f4xx.o
       422         10          0          0          0     211706   tft.o
       656         42          0          0          0      28372   ti_board_io.o
       102         12          0          8          0       2614   ti_lib.o
        18          0          0          0          0        948   timer.o
       396         38          0          4        528       5003   usart.o

    ----------------------------------------------------------------------
      5656        774        424         48      37392     519234   Object Totals
         0          0         32          0          0          0   (incl. Generated)
         8          0          0          0          0          0   (incl. Padding)

    ----------------------------------------------------------------------

      Code (inc. data)   RO Data    RW Data    ZI Data      Debug   Library Member Name

         8          0          0          0          0         68   __main.o
       312          4         17          0          0         92   __printf_flags_wp.o
        14          0          0          0          0         68   __printf_wp.o
         0          0          0          0          0          0   __rtentry.o
        12          0          0          0          0          0   __rtentry2.o
         6          0          0          0          0          0   __rtentry4.o
        52          8          0          0          0          0   __scatter.o
        26          0          0          0          0          0   __scatter_copy.o
        28          0          0          0          0          0   __scatter_zi.o
        48          6          0          0          0         96   _printf_char_common.o
         6          0          0          0          0          0   _printf_d.o
       120         16          0          0          0         92   _printf_dec.o
        88          4         40          0          0         88   _printf_hex_int.o
       178          0          0          0          0         88   _printf_intcommon.o
        78          0          0          0          0        108   _printf_pad.o
         0          0          0          0          0          0   _printf_percent.o
         4          0          0          0          0          0   _printf_percent_end.o
         6          0          0          0          0          0   _printf_x.o
        10          0          0          0          0         68   _sputc.o
        18          0          0          0          0         80   exit.o
         6          0          0          0          0        152   heapauxi.o
         2          0          0          0          0          0   libinit.o
         6          0          0          0          0          0   libinit2.o
         2          0          0          0          0          0   libshutdown.o
         2          0          0          0          0          0   libshutdown2.o
         8          4          0          0         96         68   libspace.o
        40          6          0          0          0         84   noretval__2sprintf.o
         2          0          0          0          0          0   rtexit.o
        10          0          0          0          0          0   rtexit2.o
        62          0          0          0          0         76   strlen.o
        74          0          0          0          0         80   sys_stackheap_outer.o
        10          0          0          0          0        116   fpinit.o

    ----------------------------------------------------------------------
      1248         48         60          0         96       1424   Library Totals
        10          0          3          0          0          0   (incl. Padding)

    ----------------------------------------------------------------------

      Code (inc. data)   RO Data    RW Data    ZI Data      Debug   Library Name

      1228         48         57          0         96       1308   c_w.l
        10          0          0          0          0        116   fz_wm.l

    ----------------------------------------------------------------------
      1248         48         60          0         96       1424   Library Totals

    ----------------------------------------------------------------------

==============================================================================


      Code (inc. data)   RO Data    RW Data    ZI Data      Debug   

      6904        822        484         48      37488     515786   Grand Totals
      6904        822        484         48      37488     515786   ELF Image Totals
      6904        822        484         48          0          0   ROM Totals

==============================================================================

    Total RO  Size (Code + RO Data)                 7388 (   7.21kB)
    Total RW  Size (RW Data + ZI Data)             37536 (  36.66kB)
    Total ROM Size (Code + RO Data + RW Data)       7436 (   7.26kB)

==============================================================================

