<html>
<body>
<pre>
<h1>µVision Build Log</h1>
<h2>Tool Versions:</h2>
IDE-Version: µVision V5.24.2.0
Copyright (C) 2017 ARM Ltd and ARM Germany GmbH. All rights reserved.
License Information: Christian Ahlf HAW Hamburg Flex license: MDK-ARM Professional: 40 user(s) (mdk_pro) Support: Nov 2017
 
Tool Versions:
Toolchain:       MDK-ARM Professional: 40 user(s)  Version: 5.24.1
Toolchain Path:  C:\Keil_v5\ARM\ARMCC\Bin
C Compiler:      Armcc.exe V5.06 update 5 (build 528)
Assembler:       Armasm.exe V5.06 update 5 (build 528)
Linker/Locator:  ArmLink.exe V5.06 update 5 (build 528)
Library Manager: ArmAr.exe V5.06 update 5 (build 528)
Hex Converter:   FromElf.exe V5.06 update 5 (build 528)
CPU DLL:         SARMCM3.DLL V5.24.1
Dialog DLL:      DARMSTM.DLL V1.68.0.0
Target DLL:      UL2CM3.DLL V1.160.3.0
Dialog DLL:      TARMSTM.DLL V1.66.0.0
 
<h2>Project:</h2>
Z:\TI_Labor\aufgabeGS03\aufgabeGS03.uvproj
Project File Date:  05/17/2018

<h2>Output:</h2>
*** Using Compiler 'V5.06 update 5 (build 528)', folder: 'C:\Keil_v5\ARM\ARMCC\Bin'
Rebuild target 'Simulation'
assembling startup_stm32f10x_md.s...
compiling assert.c...
compiling keypad.c...
compiling Retarget.c...
compiling Getline.c...
compiling timer.c...
compiling system_stm32f10x.c...
compiling TI_Lib.c...
compiling linkedlist.c...
compiling Serial.c...
compiling tft.c...
compiling SIM_Board_IO.c...
compiling main.c...
linking...
Program Size: Code=10524 RO-data=956 RW-data=44 ZI-data=36964  
".\Objects\aufgabeGS03.axf" - 0 Error(s), 0 Warning(s).
Build Time Elapsed:  00:00:02
</pre>
</body>
</html>
