<html>
<body>
<pre>
<h1>µVision Build Log</h1>
<h2>Tool Versions:</h2>
IDE-Version: µVision V5.23.0.0
Copyright (C) 2017 ARM Ltd and ARM Germany GmbH. All rights reserved.
License Information: Sahin Tekes, HAW, LIC=----
 
Tool Versions:
Toolchain:       MDK-Lite  Version: 5.23
Toolchain Path:  C:\Keil_v5\ARM\ARMCC\Bin
C Compiler:      Armcc.exe V5.06 update 4 (build 422)
Assembler:       Armasm.exe V5.06 update 4 (build 422)
Linker/Locator:  ArmLink.exe V5.06 update 4 (build 422)
Library Manager: ArmAr.exe V5.06 update 4 (build 422)
Hex Converter:   FromElf.exe V5.06 update 4 (build 422)
CPU DLL:         SARMCM3.DLL V5.23
Dialog DLL:      DCM.DLL V1.15.0.0
Target DLL:      ULP2CM3.DLL V2.207.8.0
Dialog DLL:      TCM.DLL V1.27.0.0
 
<h2>Project:</h2>
C:\TI_Labor\KeilGS\GS-A4_1-WR-BS_JFK_ST\GS-A4_1-WR-BS_JFK_ST.uvproj
Project File Date:  05/23/2018

<h2>Output:</h2>
*** Using Compiler 'V5.06 update 4 (build 422)', folder: 'C:\Keil_v5\ARM\ARMCC\Bin'
Rebuild target 'TI-Board'
compiling assert.c...
compiling keypad.c...
compiling timer.c...
compiling tft.c...
compiling TI_Lib.c...
compiling misc.c...
compiling stm32f4xx_usart.c...
compiling stm32f4xx_dma.c...
compiling stm32f4xx_adc.c...
compiling stm32f4xx_rcc.c...
assembling startup_stm32f4xx.s...
compiling system_stm32f4xx.c...
compiling Retarget.c...
compiling stm32f4xx_gpio.c...
compiling Usart.c...
compiling main.c...
compiling TI_Board_IO.c...
compiling TI_Board_ADC.c...
compiling DS18B20.c...
compiling onewire.c...
linking...
Program Size: Code=4924 RO-data=424 RW-data=48 ZI-data=37488  
".\Objects\aufgabe4GS.axf" - 0 Error(s), 0 Warning(s).
Build Time Elapsed:  00:00:06
</pre>
</body>
</html>
